Archive member included to satisfy reference by file (symbol)

/usr/lib/gcc/arm-none-eabi/10.3.1/thumb/v6-m/nofp/libgcc.a(_dvmd_tls.o)
                              CMakeFiles/main.dir/usr/local/src/pi/pico/pico-sdk/src/rp2_common/pico_divider/divider.S.obj (__aeabi_idiv0)
/usr/lib/gcc/arm-none-eabi/10.3.1/../../../arm-none-eabi/lib/thumb/v6-m/nofp/libc.a(lib_a-atexit.o)
                              /usr/lib/gcc/arm-none-eabi/10.3.1/../../../arm-none-eabi/lib/thumb/v6-m/nofp/crt0.o (atexit)
/usr/lib/gcc/arm-none-eabi/10.3.1/../../../arm-none-eabi/lib/thumb/v6-m/nofp/libc.a(lib_a-calloc.o)
                              CMakeFiles/main.dir/usr/local/src/pi/pico/pico-sdk/src/rp2_common/pico_malloc/pico_malloc.c.obj (calloc)
/usr/lib/gcc/arm-none-eabi/10.3.1/../../../arm-none-eabi/lib/thumb/v6-m/nofp/libc.a(lib_a-callocr.o)
                              /usr/lib/gcc/arm-none-eabi/10.3.1/../../../arm-none-eabi/lib/thumb/v6-m/nofp/libc.a(lib_a-calloc.o) (_calloc_r)
/usr/lib/gcc/arm-none-eabi/10.3.1/../../../arm-none-eabi/lib/thumb/v6-m/nofp/libc.a(lib_a-fini.o)
                              /usr/lib/gcc/arm-none-eabi/10.3.1/../../../arm-none-eabi/lib/thumb/v6-m/nofp/crt0.o (__libc_fini_array)
/usr/lib/gcc/arm-none-eabi/10.3.1/../../../arm-none-eabi/lib/thumb/v6-m/nofp/libc.a(lib_a-impure.o)
                              /usr/lib/gcc/arm-none-eabi/10.3.1/../../../arm-none-eabi/lib/thumb/v6-m/nofp/libc.a(lib_a-calloc.o) (_impure_ptr)
/usr/lib/gcc/arm-none-eabi/10.3.1/../../../arm-none-eabi/lib/thumb/v6-m/nofp/libc.a(lib_a-init.o)
                              /usr/lib/gcc/arm-none-eabi/10.3.1/../../../arm-none-eabi/lib/thumb/v6-m/nofp/crt0.o (__libc_init_array)
/usr/lib/gcc/arm-none-eabi/10.3.1/../../../arm-none-eabi/lib/thumb/v6-m/nofp/libc.a(lib_a-malloc.o)
                              CMakeFiles/main.dir/usr/local/src/pi/pico/pico-sdk/src/rp2_common/pico_malloc/pico_malloc.c.obj (malloc)
/usr/lib/gcc/arm-none-eabi/10.3.1/../../../arm-none-eabi/lib/thumb/v6-m/nofp/libc.a(lib_a-mallocr.o)
                              /usr/lib/gcc/arm-none-eabi/10.3.1/../../../arm-none-eabi/lib/thumb/v6-m/nofp/libc.a(lib_a-callocr.o) (_malloc_r)
/usr/lib/gcc/arm-none-eabi/10.3.1/../../../arm-none-eabi/lib/thumb/v6-m/nofp/libc.a(lib_a-mlock.o)
                              /usr/lib/gcc/arm-none-eabi/10.3.1/../../../arm-none-eabi/lib/thumb/v6-m/nofp/libc.a(lib_a-mallocr.o) (__malloc_lock)
/usr/lib/gcc/arm-none-eabi/10.3.1/../../../arm-none-eabi/lib/thumb/v6-m/nofp/libc.a(lib_a-realloc.o)
                              CMakeFiles/main.dir/usr/local/src/pi/pico/pico-sdk/src/rp2_common/pico_malloc/pico_malloc.c.obj (realloc)
/usr/lib/gcc/arm-none-eabi/10.3.1/../../../arm-none-eabi/lib/thumb/v6-m/nofp/libc.a(lib_a-reallocr.o)
                              /usr/lib/gcc/arm-none-eabi/10.3.1/../../../arm-none-eabi/lib/thumb/v6-m/nofp/libc.a(lib_a-realloc.o) (_realloc_r)
/usr/lib/gcc/arm-none-eabi/10.3.1/../../../arm-none-eabi/lib/thumb/v6-m/nofp/libc.a(lib_a-sbrkr.o)
                              /usr/lib/gcc/arm-none-eabi/10.3.1/../../../arm-none-eabi/lib/thumb/v6-m/nofp/libc.a(lib_a-mallocr.o) (_sbrk_r)
/usr/lib/gcc/arm-none-eabi/10.3.1/../../../arm-none-eabi/lib/thumb/v6-m/nofp/libc.a(lib_a-scanf.o)
                              CMakeFiles/main.dir/main.c.obj (scanf)
/usr/lib/gcc/arm-none-eabi/10.3.1/../../../arm-none-eabi/lib/thumb/v6-m/nofp/libc.a(lib_a-strlen-stub.o)
                              CMakeFiles/main.dir/usr/local/src/pi/pico/pico-sdk/src/rp2_common/pico_stdio/stdio.c.obj (strlen)
/usr/lib/gcc/arm-none-eabi/10.3.1/../../../arm-none-eabi/lib/thumb/v6-m/nofp/libc.a(lib_a-vfscanf.o)
                              /usr/lib/gcc/arm-none-eabi/10.3.1/../../../arm-none-eabi/lib/thumb/v6-m/nofp/libc.a(lib_a-scanf.o) (_vfscanf_r)
/usr/lib/gcc/arm-none-eabi/10.3.1/../../../arm-none-eabi/lib/thumb/v6-m/nofp/libc.a(lib_a-__atexit.o)
                              /usr/lib/gcc/arm-none-eabi/10.3.1/../../../arm-none-eabi/lib/thumb/v6-m/nofp/libc.a(lib_a-atexit.o) (__register_exitproc)
/usr/lib/gcc/arm-none-eabi/10.3.1/../../../arm-none-eabi/lib/thumb/v6-m/nofp/libc.a(lib_a-ctype_.o)
                              /usr/lib/gcc/arm-none-eabi/10.3.1/../../../arm-none-eabi/lib/thumb/v6-m/nofp/libc.a(lib_a-vfscanf.o) (_ctype_)
/usr/lib/gcc/arm-none-eabi/10.3.1/../../../arm-none-eabi/lib/thumb/v6-m/nofp/libc.a(lib_a-findfp.o)
                              /usr/lib/gcc/arm-none-eabi/10.3.1/../../../arm-none-eabi/lib/thumb/v6-m/nofp/libc.a(lib_a-vfscanf.o) (__sinit)
/usr/lib/gcc/arm-none-eabi/10.3.1/../../../arm-none-eabi/lib/thumb/v6-m/nofp/libc.a(lib_a-fread.o)
                              /usr/lib/gcc/arm-none-eabi/10.3.1/../../../arm-none-eabi/lib/thumb/v6-m/nofp/libc.a(lib_a-vfscanf.o) (_fread_r)
/usr/lib/gcc/arm-none-eabi/10.3.1/../../../arm-none-eabi/lib/thumb/v6-m/nofp/libc.a(lib_a-freer.o)
                              /usr/lib/gcc/arm-none-eabi/10.3.1/../../../arm-none-eabi/lib/thumb/v6-m/nofp/libc.a(lib_a-malloc.o) (_free_r)
[...]
Memory Configuration

Name             Origin             Length             Attributes
FLASH            0x0000000010000000 0x0000000000200000 xr
RAM              0x0000000020000000 0x0000000000040000 xrw
SCRATCH_X        0x0000000020040000 0x0000000000001000 xrw
SCRATCH_Y        0x0000000020041000 0x0000000000001000 xrw
*default*        0x0000000000000000 0xffffffffffffffff

Linker script and memory map

LOAD /usr/lib/gcc/arm-none-eabi/10.3.1/thumb/v6-m/nofp/crti.o
LOAD /usr/lib/gcc/arm-none-eabi/10.3.1/thumb/v6-m/nofp/crtbegin.o
LOAD /usr/lib/gcc/arm-none-eabi/10.3.1/../../../arm-none-eabi/lib/thumb/v6-m/nofp/crt0.o

.flash_begin    0x0000000010000000        0x0
                0x0000000010000000                __flash_binary_start = .

.boot2          0x0000000010000000      0x100
                0x0000000010000000                __boot2_start__ = .
 *(.boot2)
 .boot2         0x0000000010000000      0x100 /tmp/ccnPXj5j.o
                0x0000000010000100                __boot2_end__ = .
                0x0000000000000001                ASSERT (((__boot2_end__ - __boot2_start__) == 0x100), ERROR: Pico second stage bootloader must be 256 bytes in size)

.text           0x0000000010000100     0x9df0
                0x0000000010000100                __logical_binary_start = .
 *(.vectors)
 .vectors       0x0000000010000100       0xd4 CMakeFiles/main.dir/usr/local/src/pi/pico/pico-sdk/src/rp2_common/pico_standard_link/crt0.S.obj
                0x0000000010000100                __vectors
                0x0000000010000100                __VECTOR_TABLE
                0x00000000100001c0                isr_invalid
                0x00000000100001c0                __default_isrs_start
                0x00000000100001c2                isr_nmi
                0x00000000100001c4                isr_hardfault
                0x00000000100001c6                isr_svcall
                0x00000000100001c8                isr_pendsv
                0x00000000100001ca                isr_systick
                0x00000000100001cc                isr_irq30
                0x00000000100001cc                __unhandled_user_irq
                0x00000000100001cc                isr_irq13
                0x00000000100001cc                isr_irq27
                0x00000000100001cc                isr_irq31
                0x00000000100001cc                isr_irq5
                0x00000000100001cc                isr_irq11
                0x00000000100001cc                isr_irq23
                0x00000000100001cc                isr_irq18
                0x00000000100001cc                isr_irq28
                0x00000000100001cc                isr_irq19
                0x00000000100001cc                isr_irq0
                0x00000000100001cc                isr_irq6
                0x00000000100001cc                isr_irq22
                0x00000000100001cc                isr_irq17
                0x00000000100001cc                isr_irq14
                0x00000000100001cc                isr_irq2
                0x00000000100001cc                isr_irq10
                0x00000000100001cc                isr_irq8
                0x00000000100001cc                isr_irq24
                0x00000000100001cc                isr_irq1
                0x00000000100001cc                isr_irq7
                0x00000000100001cc                isr_irq21
                0x00000000100001cc                isr_irq20
                0x00000000100001cc                isr_irq15
                0x00000000100001cc                isr_irq25
                0x00000000100001cc                isr_irq4
                0x00000000100001cc                isr_irq16
                0x00000000100001cc                isr_irq29
                0x00000000100001cc                isr_irq26
                0x00000000100001cc                __default_isrs_end
                0x00000000100001cc                isr_irq3
                0x00000000100001cc                isr_irq12
                0x00000000100001cc                isr_irq9
                0x00000000100001d2                unhandled_user_irq_num_in_r0
 *(.binary_info_header)
 .binary_info_header
                0x00000000100001d4       0x14 CMakeFiles/main.dir/usr/local/src/pi/pico/pico-sdk/src/rp2_common/pico_standard_link/crt0.S.obj
                0x00000000100001e8                __binary_info_header_end = .
 *(.reset)
 .reset         0x00000000100001e8       0xa8 CMakeFiles/main.dir/usr/local/src/pi/pico/pico-sdk/src/rp2_common/pico_standard_link/crt0.S.obj
                0x00000000100001e8                _entry_point
                0x0000000010000266                __get_current_exception
 .reset         0x0000000010000290       0x30 CMakeFiles/main.dir/usr/local/src/pi/pico/pico-sdk/src/rp2_common/pico_standard_link/binary_info.c.obj
 *(.init)
 .init          0x00000000100002c0        0x4 /usr/lib/gcc/arm-none-eabi/10.3.1/thumb/v6-m/nofp/crti.o
                0x00000000100002c0                _init
 *(EXCLUDE_FILE(*libm.a: *libc.a:*lib_a-mem*.o *libgcc.a:) .text*)
 .text          0x00000000100002c4       0x98 /usr/lib/gcc/arm-none-eabi/10.3.1/thumb/v6-m/nofp/crtbegin.o
 .text.startup.main
                0x000000001000035c       0x34 CMakeFiles/main.dir/main.c.obj
                0x000000001000035c                main
 .text.gpio_set_function
                0x0000000010000390       0x30 CMakeFiles/main.dir/usr/local/src/pi/pico/pico-sdk/src/rp2_common/hardware_gpio/gpio.c.obj
                0x0000000010000390                gpio_set_function
 .text.hw_claim_or_assert
                0x00000000100003c0       0x44 CMakeFiles/main.dir/usr/local/src/pi/pico/pico-sdk/src/rp2_common/hardware_claim/claim.c.obj
                0x00000000100003c0                hw_claim_or_assert
 .text.running_on_fpga
                0x0000000010000404       0x10 CMakeFiles/main.dir/usr/local/src/pi/pico/pico-sdk/src/rp2_common/pico_platform/platform.c.obj
                0x0000000010000404                running_on_fpga
 .text.spin_locks_reset
                0x0000000010000414       0x1c CMakeFiles/main.dir/usr/local/src/pi/pico/pico-sdk/src/rp2_common/hardware_sync/sync.c.obj
                0x0000000010000414                spin_locks_reset
 .text.next_striped_spin_lock_num
                0x0000000010000430       0x18 CMakeFiles/main.dir/usr/local/src/pi/pico/pico-sdk/src/rp2_common/hardware_sync/sync.c.obj
                0x0000000010000430                next_striped_spin_lock_num
 .text.irq_set_enabled
                0x0000000010000448       0x24 CMakeFiles/main.dir/usr/local/src/pi/pico/pico-sdk/src/rp2_common/hardware_irq/irq.c.obj
                0x0000000010000448                irq_set_enabled
 .text.irq_get_vtable_handler
                0x000000001000046c       0x10 CMakeFiles/main.dir/usr/local/src/pi/pico/pico-sdk/src/rp2_common/hardware_irq/irq.c.obj
                0x000000001000046c                irq_get_vtable_handler
 .text.irq_set_exclusive_handler
                0x000000001000047c       0x54 CMakeFiles/main.dir/usr/local/src/pi/pico/pico-sdk/src/rp2_common/hardware_irq/irq.c.obj
                0x000000001000047c                irq_set_exclusive_handler
 .text.irq_remove_handler
                0x00000000100004d0      0x1b4 CMakeFiles/main.dir/usr/local/src/pi/pico/pico-sdk/src/rp2_common/hardware_irq/irq.c.obj
                0x00000000100004d0                irq_remove_handler
 .text.irq_add_tail_to_free_list
                0x0000000010000684       0xb4 CMakeFiles/main.dir/usr/local/src/pi/pico/pico-sdk/src/rp2_common/hardware_irq/irq.c.obj
                0x0000000010000684                irq_add_tail_to_free_list
 .text.irq_init_priorities
                0x0000000010000738       0x24 CMakeFiles/main.dir/usr/local/src/pi/pico/pico-sdk/src/rp2_common/hardware_irq/irq.c.obj
                0x0000000010000738                irq_init_priorities
 .text.lock_init
                0x000000001000075c       0x10 CMakeFiles/main.dir/usr/local/src/pi/pico/pico-sdk/src/common/pico_sync/lock_core.c.obj
                0x000000001000075c                lock_init
 .text.timer_pool_entry_comparator
                0x000000001000076c       0x34 CMakeFiles/main.dir/usr/local/src/pi/pico/pico-sdk/src/common/pico_time/time.c.obj
                0x000000001000076c                timer_pool_entry_comparator
 .text.sleep_until_callback
                0x00000000100007a0       0x30 CMakeFiles/main.dir/usr/local/src/pi/pico/pico-sdk/src/common/pico_time/time.c.obj
 .text.add_alarm_under_lock.isra.0
                0x00000000100007d0      0x100 CMakeFiles/main.dir/usr/local/src/pi/pico/pico-sdk/src/common/pico_time/time.c.obj
 .text.alarm_pool_alarm_callback
                0x00000000100008d0      0x1c8 CMakeFiles/main.dir/usr/local/src/pi/pico/pico-sdk/src/common/pico_time/time.c.obj
 .text.alarm_pool_add_alarm_at.constprop.0
                0x0000000010000a98      0x11c CMakeFiles/main.dir/usr/local/src/pi/pico/pico-sdk/src/common/pico_time/time.c.obj
 .text.alarm_pool_init_default
                0x0000000010000bb4       0x64 CMakeFiles/main.dir/usr/local/src/pi/pico/pico-sdk/src/common/pico_time/time.c.obj
                0x0000000010000bb4                alarm_pool_init_default
 .text.sleep_until
                0x0000000010000c18       0xac CMakeFiles/main.dir/usr/local/src/pi/pico/pico-sdk/src/common/pico_time/time.c.obj
                0x0000000010000c18                sleep_until
 .text.sleep_ms
                0x0000000010000cc4       0x38 CMakeFiles/main.dir/usr/local/src/pi/pico/pico-sdk/src/common/pico_time/time.c.obj
                0x0000000010000cc4                sleep_ms
 .text.hardware_alarm_irq_handler
                0x0000000010000cfc       0xb8 CMakeFiles/main.dir/usr/local/src/pi/pico/pico-sdk/src/rp2_common/hardware_timer/timer.c.obj
 .text.hardware_alarm_claim
                0x0000000010000db4       0x18 CMakeFiles/main.dir/usr/local/src/pi/pico/pico-sdk/src/rp2_common/hardware_timer/timer.c.obj
                0x0000000010000db4                hardware_alarm_claim
 .text.time_us_64
                0x0000000010000dcc       0x14 CMakeFiles/main.dir/usr/local/src/pi/pico/pico-sdk/src/rp2_common/hardware_timer/timer.c.obj
                0x0000000010000dcc                time_us_64
 .text.busy_wait_us
                0x0000000010000de0       0x54 CMakeFiles/main.dir/usr/local/src/pi/pico/pico-sdk/src/rp2_common/hardware_timer/timer.c.obj
                0x0000000010000de0                busy_wait_us
 .text.busy_wait_until
                0x0000000010000e34       0x20 CMakeFiles/main.dir/usr/local/src/pi/pico/pico-sdk/src/rp2_common/hardware_timer/timer.c.obj
                0x0000000010000e34                busy_wait_until
 .text.hardware_alarm_set_callback
                0x0000000010000e54       0x8c CMakeFiles/main.dir/usr/local/src/pi/pico/pico-sdk/src/rp2_common/hardware_timer/timer.c.obj
                0x0000000010000e54                hardware_alarm_set_callback
 .text.hardware_alarm_set_target
                0x0000000010000ee0       0xe0 CMakeFiles/main.dir/usr/local/src/pi/pico/pico-sdk/src/rp2_common/hardware_timer/timer.c.obj
                0x0000000010000ee0                hardware_alarm_set_target
 .text.hardware_alarm_cancel
                0x0000000010000fc0       0x3c CMakeFiles/main.dir/usr/local/src/pi/pico/pico-sdk/src/rp2_common/hardware_timer/timer.c.obj
                0x0000000010000fc0                hardware_alarm_cancel
 .text.ph_merge_nodes
                0x0000000010000ffc       0x68 CMakeFiles/main.dir/usr/local/src/pi/pico/pico-sdk/src/common/pico_util/pheap.c.obj
 .text.ph_post_alloc_init
                0x0000000010001064       0x3c CMakeFiles/main.dir/usr/local/src/pi/pico/pico-sdk/src/common/pico_util/pheap.c.obj
                0x0000000010001064                ph_post_alloc_init
 .text.ph_merge_two_pass
                0x00000000100010a0       0x90 CMakeFiles/main.dir/usr/local/src/pi/pico/pico-sdk/src/common/pico_util/pheap.c.obj
                0x00000000100010a0                ph_merge_two_pass
 .text.ph_remove_any_head
                0x0000000010001130       0xf8 CMakeFiles/main.dir/usr/local/src/pi/pico/pico-sdk/src/common/pico_util/pheap.c.obj
 .text.ph_remove_head
                0x0000000010001228       0xfc CMakeFiles/main.dir/usr/local/src/pi/pico/pico-sdk/src/common/pico_util/pheap.c.obj
                0x0000000010001228                ph_remove_head
 .text.ph_remove_and_free_node
                0x0000000010001324       0x7c CMakeFiles/main.dir/usr/local/src/pi/pico/pico-sdk/src/common/pico_util/pheap.c.obj
                0x0000000010001324                ph_remove_and_free_node
 .text.mutex_init
                0x00000000100013a0       0x1c CMakeFiles/main.dir/usr/local/src/pi/pico/pico-sdk/src/common/pico_sync/mutex.c.obj
                0x00000000100013a0                mutex_init
 .text.recursive_mutex_init
                0x00000000100013bc       0x1c CMakeFiles/main.dir/usr/local/src/pi/pico/pico-sdk/src/common/pico_sync/mutex.c.obj
                0x00000000100013bc                recursive_mutex_init
 .text.uart_init
                0x00000000100013d8       0xe0 CMakeFiles/main.dir/usr/local/src/pi/pico/pico-sdk/src/rp2_common/hardware_uart/uart.c.obj
                0x00000000100013d8                uart_init
 .text.runtime_init
                0x00000000100014b8       0xf0 CMakeFiles/main.dir/usr/local/src/pi/pico/pico-sdk/src/rp2_common/pico_runtime/runtime.c.obj
                0x00000000100014b8                runtime_init
 .text._sbrk    0x00000000100015a8       0x34 CMakeFiles/main.dir/usr/local/src/pi/pico/pico-sdk/src/rp2_common/pico_runtime/runtime.c.obj
                0x00000000100015a8                _sbrk
 .text.exit     0x00000000100015dc        0x4 CMakeFiles/main.dir/usr/local/src/pi/pico/pico-sdk/src/rp2_common/pico_runtime/runtime.c.obj
                0x00000000100015dc                exit
 .text.__assert_func
                0x00000000100015e0       0x34 CMakeFiles/main.dir/usr/local/src/pi/pico/pico-sdk/src/rp2_common/pico_runtime/runtime.c.obj
                0x00000000100015e0                __assert_func
 .text.panic    0x0000000010001614       0x30 CMakeFiles/main.dir/usr/local/src/pi/pico/pico-sdk/src/rp2_common/pico_runtime/runtime.c.obj
                0x0000000010001614                panic
 .text.hard_assertion_failure
                0x0000000010001644        0xc CMakeFiles/main.dir/usr/local/src/pi/pico/pico-sdk/src/rp2_common/pico_runtime/runtime.c.obj
                0x0000000010001644                hard_assertion_failure
 .text.clocks_init
                0x0000000010001650      0x2bc CMakeFiles/main.dir/usr/local/src/pi/pico/pico-sdk/src/rp2_common/hardware_clocks/clocks.c.obj
                0x0000000010001650                clocks_init
 .text.clock_get_hz
                0x000000001000190c        0xc CMakeFiles/main.dir/usr/local/src/pi/pico/pico-sdk/src/rp2_common/hardware_clocks/clocks.c.obj
                0x000000001000190c                clock_get_hz
 .text.pll_init
                0x0000000010001918       0xb0 CMakeFiles/main.dir/usr/local/src/pi/pico/pico-sdk/src/rp2_common/hardware_pll/pll.c.obj
                0x0000000010001918                pll_init
 .text.watchdog_start_tick
                0x00000000100019c8       0x10 CMakeFiles/main.dir/usr/local/src/pi/pico/pico-sdk/src/rp2_common/hardware_watchdog/watchdog.c.obj
                0x00000000100019c8                watchdog_start_tick
 .text.xosc_init
                0x00000000100019d8       0x28 CMakeFiles/main.dir/usr/local/src/pi/pico/pico-sdk/src/rp2_common/hardware_xosc/xosc.c.obj
                0x00000000100019d8                xosc_init
 .text._out_buffer
                0x0000000010001a00        0x8 CMakeFiles/main.dir/usr/local/src/pi/pico/pico-sdk/src/rp2_common/pico_printf/printf.c.obj
 .text._out_null
                0x0000000010001a08        0x4 CMakeFiles/main.dir/usr/local/src/pi/pico/pico-sdk/src/rp2_common/pico_printf/printf.c.obj
 .text._out_rev
                0x0000000010001a0c       0x9c CMakeFiles/main.dir/usr/local/src/pi/pico/pico-sdk/src/rp2_common/pico_printf/printf.c.obj
 .text._ntoa_format
                0x0000000010001aa8      0x1cc CMakeFiles/main.dir/usr/local/src/pi/pico/pico-sdk/src/rp2_common/pico_printf/printf.c.obj
 .text._out_char
                0x0000000010001c74       0x10 CMakeFiles/main.dir/usr/local/src/pi/pico/pico-sdk/src/rp2_common/pico_printf/printf.c.obj
 .text._out_fct
                0x0000000010001c84       0x10 CMakeFiles/main.dir/usr/local/src/pi/pico/pico-sdk/src/rp2_common/pico_printf/printf.c.obj
 .text._etoa    0x0000000010001c94      0x44c CMakeFiles/main.dir/usr/local/src/pi/pico/pico-sdk/src/rp2_common/pico_printf/printf.c.obj
 .text._ftoa    0x00000000100020e0      0x398 CMakeFiles/main.dir/usr/local/src/pi/pico/pico-sdk/src/rp2_common/pico_printf/printf.c.obj
 .text._vsnprintf
                0x0000000010002478      0xb04 CMakeFiles/main.dir/usr/local/src/pi/pico/pico-sdk/src/rp2_common/pico_printf/printf.c.obj
 .text.__wrap_sprintf
                0x0000000010002f7c       0x28 CMakeFiles/main.dir/usr/local/src/pi/pico/pico-sdk/src/rp2_common/pico_printf/printf.c.obj
                0x0000000010002f7c                __wrap_sprintf
 .text.vfctprintf
                0x0000000010002fa4       0x20 CMakeFiles/main.dir/usr/local/src/pi/pico/pico-sdk/src/rp2_common/pico_printf/printf.c.obj
                0x0000000010002fa4                vfctprintf
 .text.weak_raw_printf
                0x0000000010002fc4       0x40 CMakeFiles/main.dir/usr/local/src/pi/pico/pico-sdk/src/rp2_common/pico_printf/printf.c.obj
                0x0000000010002fc4                weak_raw_printf
 .text.weak_raw_vprintf
                0x0000000010003004       0x30 CMakeFiles/main.dir/usr/local/src/pi/pico/pico-sdk/src/rp2_common/pico_printf/printf.c.obj
                0x0000000010003004                weak_raw_vprintf
 .text          0x0000000010003034       0x10 CMakeFiles/main.dir/usr/local/src/pi/pico/pico-sdk/src/rp2_common/pico_bit_ops/bit_ops_aeabi.S.obj
 .text.rom_func_lookup
                0x0000000010003044       0x10 CMakeFiles/main.dir/usr/local/src/pi/pico/pico-sdk/src/rp2_common/pico_bootrom/bootrom.c.obj
                0x0000000010003044                rom_func_lookup
 .text.rom_data_lookup
                0x0000000010003054       0x10 CMakeFiles/main.dir/usr/local/src/pi/pico/pico-sdk/src/rp2_common/pico_bootrom/bootrom.c.obj
                0x0000000010003054                rom_data_lookup
 .text.rom_funcs_lookup
                0x0000000010003064       0x44 CMakeFiles/main.dir/usr/local/src/pi/pico/pico-sdk/src/rp2_common/pico_bootrom/bootrom.c.obj
                0x0000000010003064                rom_funcs_lookup
 .text.__wrap___aeabi_idiv
                0x00000000100030a8       0x50 CMakeFiles/main.dir/usr/local/src/pi/pico/pico-sdk/src/rp2_common/pico_divider/divider.S.obj
                0x00000000100030a8                __wrap___aeabi_idivmod
                0x00000000100030a8                divmod_s32s32
                0x00000000100030a8                div_s32s32
                0x00000000100030a8                __wrap___aeabi_idiv
                0x00000000100030b0                divmod_s32s32_unsafe
                0x00000000100030dc                divmod_s32s32_savestate
 .text.__wrap___aeabi_uidiv
                0x00000000100030f8       0x4c CMakeFiles/main.dir/usr/local/src/pi/pico/pico-sdk/src/rp2_common/pico_divider/divider.S.obj
                0x00000000100030f8                __wrap___aeabi_uidiv
                0x00000000100030f8                __wrap___aeabi_uidivmod
                0x00000000100030f8                div_u32u32
                0x00000000100030f8                divmod_u32u32
                0x0000000010003100                divmod_u32u32_unsafe
                0x0000000010003128                divmod_u32u32_savestate
 .text.__wrap___aeabi_ldiv
                0x0000000010003144      0x434 CMakeFiles/main.dir/usr/local/src/pi/pico/pico-sdk/src/rp2_common/pico_divider/divider.S.obj
                0x0000000010003144                div_s64s64
                0x0000000010003144                divmod_s64s64
                0x0000000010003144                __wrap___aeabi_ldivmod
                0x000000001000317c                div_u64u64
                0x000000001000317c                divmod_u64u64
                0x000000001000317c                __wrap___aeabi_uldivmod
                0x000000001000318c                divmod_u64u64_savestate
                0x00000000100031b4                divmod_s64s64_unsafe
                0x000000001000323c                divmod_u64u64_unsafe
 .text.__wrap___aeabi_darithmetic
                0x0000000010003578       0x80 CMakeFiles/main.dir/usr/local/src/pi/pico/pico-sdk/src/rp2_common/pico_double/double_aeabi.S.obj
                0x0000000010003578                __wrap___aeabi_drsub
                0x000000001000357e                __wrap___aeabi_dsub
                0x0000000010003590                __wrap___aeabi_dadd
                0x00000000100035a2                __wrap___aeabi_ddiv
                0x00000000100035de                __wrap___aeabi_dmul
 .text.__wrap___aeabi_cdcmple
                0x00000000100035f8       0x6c CMakeFiles/main.dir/usr/local/src/pi/pico/pico-sdk/src/rp2_common/pico_double/double_aeabi.S.obj
                0x00000000100035f8                __wrap___aeabi_cdrcmple
                0x0000000010003608                __wrap___aeabi_cdcmple
                0x0000000010003608                __wrap___aeabi_cdcmpeq
 .text.__wrap___aeabi_dcmpeq
                0x0000000010003664       0x10 CMakeFiles/main.dir/usr/local/src/pi/pico/pico-sdk/src/rp2_common/pico_double/double_aeabi.S.obj
                0x0000000010003664                __wrap___aeabi_dcmpeq
 .text.__wrap___aeabi_dcmplt
                0x0000000010003674        0xc CMakeFiles/main.dir/usr/local/src/pi/pico/pico-sdk/src/rp2_common/pico_double/double_aeabi.S.obj
                0x0000000010003674                __wrap___aeabi_dcmplt
 .text.__wrap___aeabi_dcmple
                0x0000000010003680       0x10 CMakeFiles/main.dir/usr/local/src/pi/pico/pico-sdk/src/rp2_common/pico_double/double_aeabi.S.obj
                0x0000000010003680                __wrap___aeabi_dcmple
 .text.__wrap___aeabi_dcmpge
                0x0000000010003690       0x10 CMakeFiles/main.dir/usr/local/src/pi/pico/pico-sdk/src/rp2_common/pico_double/double_aeabi.S.obj
                0x0000000010003690                __wrap___aeabi_dcmpge
 .text.__wrap___aeabi_dcmpgt
                0x00000000100036a0        0xa CMakeFiles/main.dir/usr/local/src/pi/pico/pico-sdk/src/rp2_common/pico_double/double_aeabi.S.obj
                0x00000000100036a0                __wrap___aeabi_dcmpgt
 .text.__wrap___aeabi_dcmpun
                0x00000000100036aa       0x1c CMakeFiles/main.dir/usr/local/src/pi/pico/pico-sdk/src/rp2_common/pico_double/double_aeabi.S.obj
                0x00000000100036aa                __wrap___aeabi_dcmpun
 *fill*         0x00000000100036c6        0x2 
 .text.__wrap___aeabi_i2d
                0x00000000100036c8       0x38 CMakeFiles/main.dir/usr/local/src/pi/pico/pico-sdk/src/rp2_common/pico_double/double_aeabi.S.obj
                0x00000000100036c8                __wrap___aeabi_ui2d
                0x00000000100036d0                __wrap___aeabi_i2d
 .text.__wrap___aeabi_d2iz
                0x0000000010003700       0x48 CMakeFiles/main.dir/usr/local/src/pi/pico/pico-sdk/src/rp2_common/pico_double/double_aeabi.S.obj
                0x0000000010003700                __wrap___aeabi_d2iz
                0x0000000010003700                double2int_z
 .text.__wrap___aeabi_d2uiz
                0x0000000010003748       0x18 CMakeFiles/main.dir/usr/local/src/pi/pico/pico-sdk/src/rp2_common/pico_double/double_aeabi.S.obj
                0x0000000010003748                double2uint
                0x0000000010003748                __wrap___aeabi_d2uiz
 .text.__wrap___aeabi_l2d
                0x0000000010003760       0x18 CMakeFiles/main.dir/usr/local/src/pi/pico/pico-sdk/src/rp2_common/pico_double/double_aeabi.S.obj
                0x0000000010003760                __wrap___aeabi_l2d
 .text.__wrap___aeabi_d2lz
                0x0000000010003778       0x26 CMakeFiles/main.dir/usr/local/src/pi/pico/pico-sdk/src/rp2_common/pico_double/double_aeabi.S.obj
                0x0000000010003778                __wrap___aeabi_d2lz
                0x0000000010003778                double2int64_z
 *fill*         0x000000001000379e        0x2 
 .text.double2int64
                0x00000000100037a0       0x18 CMakeFiles/main.dir/usr/local/src/pi/pico/pico-sdk/src/rp2_common/pico_double/double_aeabi.S.obj
                0x00000000100037a0                double2int64
 .text.double2ufix64
                0x00000000100037b8       0x18 CMakeFiles/main.dir/usr/local/src/pi/pico/pico-sdk/src/rp2_common/pico_double/double_aeabi.S.obj
                0x00000000100037b8                double2ufix64
 .text.__wrap___aeabi_d2f
                0x00000000100037d0       0x18 CMakeFiles/main.dir/usr/local/src/pi/pico/pico-sdk/src/rp2_common/pico_double/double_aeabi.S.obj
                0x00000000100037d0                __wrap___aeabi_d2f
 .text.__aeabi_double_init
                0x00000000100037e8       0x94 CMakeFiles/main.dir/usr/local/src/pi/pico/pico-sdk/src/rp2_common/pico_double/double_init_rom.c.obj
                0x00000000100037e8                __aeabi_double_init
 .text.double_table_shim_on_use_helper
                0x000000001000387c       0x2c CMakeFiles/main.dir/usr/local/src/pi/pico/pico-sdk/src/rp2_common/pico_double/double_v1_rom_shim.S.obj
                0x000000001000387c                double_table_shim_on_use_helper
 .text.__wrap___aeabi_dsub
                0x00000000100038a8       0x10 CMakeFiles/main.dir/usr/local/src/pi/pico/pico-sdk/src/rp2_common/pico_double/double_v1_rom_shim.S.obj
                0x00000000100038a8                drsub_shim
                0x00000000100038ae                dsub_shim
 .text.dadd_shim
                0x00000000100038b8      0x15c CMakeFiles/main.dir/usr/local/src/pi/pico/pico-sdk/src/rp2_common/pico_double/double_v1_rom_shim.S.obj
                0x00000000100038b8                dadd_shim
 .text.dmul_shim
                0x0000000010003a14      0x15c CMakeFiles/main.dir/usr/local/src/pi/pico/pico-sdk/src/rp2_common/pico_double/double_v1_rom_shim.S.obj
                0x0000000010003a14                dmul_shim
 .text.ddiv_shim
                0x0000000010003b70      0x1b0 CMakeFiles/main.dir/usr/local/src/pi/pico/pico-sdk/src/rp2_common/pico_double/double_v1_rom_shim.S.obj
                0x0000000010003b70                ddiv_shim
 .text.double2uint_shim
                0x0000000010003d20        0xe CMakeFiles/main.dir/usr/local/src/pi/pico/pico-sdk/src/rp2_common/pico_double/double_v1_rom_shim.S.obj
                0x0000000010003d20                double2uint_shim
                0x0000000010003d22                double2ufix_shim
 .text.double2int64_shim
                0x0000000010003d2e       0x1a CMakeFiles/main.dir/usr/local/src/pi/pico/pico-sdk/src/rp2_common/pico_double/double_v1_rom_shim.S.obj
                0x0000000010003d2e                double2int64_shim
                0x0000000010003d30                double2fix64_shim
 .text.double2uint64_shim
                0x0000000010003d48       0x70 CMakeFiles/main.dir/usr/local/src/pi/pico/pico-sdk/src/rp2_common/pico_double/double_v1_rom_shim.S.obj
                0x0000000010003d48                double2uint64_shim
                0x0000000010003d4a                double2ufix64_shim
                0x0000000010003d6a                d2fix_a
 .text.double2float_shim
                0x0000000010003db8       0x5c CMakeFiles/main.dir/usr/local/src/pi/pico/pico-sdk/src/rp2_common/pico_double/double_v1_rom_shim.S.obj
                0x0000000010003db8                double2float_shim
 .text.x2double_shims
                0x0000000010003e14       0x90 CMakeFiles/main.dir/usr/local/src/pi/pico/pico-sdk/src/rp2_common/pico_double/double_v1_rom_shim.S.obj
                0x0000000010003e14                uint2double_shim
                0x0000000010003e16                ufix2double_shim
                0x0000000010003e1c                int2double_shim
                0x0000000010003e1e                fix2double_shim
                0x0000000010003e24                uint642double_shim
                0x0000000010003e26                ufix642double_shim
                0x0000000010003e2c                int642double_shim
                0x0000000010003e2e                fix642double_shim
 .text.dunpacks
                0x0000000010003ea4       0x3c CMakeFiles/main.dir/usr/local/src/pi/pico/pico-sdk/src/rp2_common/pico_double/double_v1_rom_shim.S.obj
                0x0000000010003ea4                dunpacks
 .text.__aeabi_lmul
                0x0000000010003ee0       0x32 CMakeFiles/main.dir/usr/local/src/pi/pico/pico-sdk/src/rp2_common/pico_int64_ops/pico_int64_ops_aeabi.S.obj
                0x0000000010003ee0                __wrap___aeabi_lmul
 *fill*         0x0000000010003f12        0x2 
 .text.__wrap___aeabi_cfcmple
                0x0000000010003f14       0x50 CMakeFiles/main.dir/usr/local/src/pi/pico/pico-sdk/src/rp2_common/pico_float/float_aeabi.S.obj
                0x0000000010003f14                __wrap___aeabi_cfrcmple
                0x0000000010003f20                __wrap___aeabi_cfcmpeq
                0x0000000010003f20                __wrap___aeabi_cfcmple
 .text.__wrap___aeabi_fcmple
                0x0000000010003f64       0x10 CMakeFiles/main.dir/usr/local/src/pi/pico/pico-sdk/src/rp2_common/pico_float/float_aeabi.S.obj
                0x0000000010003f64                __wrap___aeabi_fcmple
 .text.__wrap___aeabi_fcmpun
                0x0000000010003f74       0x18 CMakeFiles/main.dir/usr/local/src/pi/pico/pico-sdk/src/rp2_common/pico_float/float_aeabi.S.obj
                0x0000000010003f74                __wrap___aeabi_fcmpun
 .text.__aeabi_float_init
                0x0000000010003f8c       0x64 CMakeFiles/main.dir/usr/local/src/pi/pico/pico-sdk/src/rp2_common/pico_float/float_init_rom.c.obj
                0x0000000010003f8c                __aeabi_float_init
 .text.float_table_shim_on_use_helper
                0x0000000010003ff0       0x2c CMakeFiles/main.dir/usr/local/src/pi/pico/pico-sdk/src/rp2_common/pico_float/float_v1_rom_shim.S.obj
                0x0000000010003ff0                float_table_shim_on_use_helper
 .text          0x000000001000401c       0x10 CMakeFiles/main.dir/usr/local/src/pi/pico/pico-sdk/src/rp2_common/pico_mem_ops/mem_ops_aeabi.S.obj
                0x000000001000401c                __aeabi_mem_init
 .text.memset   0x000000001000402c        0xc CMakeFiles/main.dir/usr/local/src/pi/pico/pico-sdk/src/rp2_common/pico_mem_ops/mem_ops_aeabi.S.obj
                0x000000001000402c                __wrap_memset
 .text.memcpy   0x0000000010004038        0xc CMakeFiles/main.dir/usr/local/src/pi/pico/pico-sdk/src/rp2_common/pico_mem_ops/mem_ops_aeabi.S.obj
                0x0000000010004038                __wrap___aeabi_memcpy
                0x0000000010004038                __wrap_memcpy
 .text.stdio_out_chars_no_crlf
                0x0000000010004044       0x10 CMakeFiles/main.dir/usr/local/src/pi/pico/pico-sdk/src/rp2_common/pico_stdio/stdio.c.obj
 .text.stdio_out_chars_crlf
                0x0000000010004054       0xb4 CMakeFiles/main.dir/usr/local/src/pi/pico/pico-sdk/src/rp2_common/pico_stdio/stdio.c.obj
 .text.stdio_buffered_printer
                0x0000000010004108       0x64 CMakeFiles/main.dir/usr/local/src/pi/pico/pico-sdk/src/rp2_common/pico_stdio/stdio.c.obj
 .text.stdio_put_string.isra.0
                0x000000001000416c       0xfc CMakeFiles/main.dir/usr/local/src/pi/pico/pico-sdk/src/rp2_common/pico_stdio/stdio.c.obj
 .text.__wrap_putchar
                0x0000000010004268       0xa0 CMakeFiles/main.dir/usr/local/src/pi/pico/pico-sdk/src/rp2_common/pico_stdio/stdio.c.obj
                0x0000000010004268                __wrap_putchar
 .text.__wrap_puts
                0x0000000010004308       0x3c CMakeFiles/main.dir/usr/local/src/pi/pico/pico-sdk/src/rp2_common/pico_stdio/stdio.c.obj
                0x0000000010004308                __wrap_puts
 .text._read    0x0000000010004344       0x94 CMakeFiles/main.dir/usr/local/src/pi/pico/pico-sdk/src/rp2_common/pico_stdio/stdio.c.obj
                0x0000000010004344                _read
 .text._write   0x00000000100043d8       0xb0 CMakeFiles/main.dir/usr/local/src/pi/pico/pico-sdk/src/rp2_common/pico_stdio/stdio.c.obj
                0x00000000100043d8                _write
 .text.stdio_set_driver_enabled
                0x0000000010004488       0x30 CMakeFiles/main.dir/usr/local/src/pi/pico/pico-sdk/src/rp2_common/pico_stdio/stdio.c.obj
                0x0000000010004488                stdio_set_driver_enabled
 .text.__wrap_vprintf
                0x00000000100044b8       0xd8 CMakeFiles/main.dir/usr/local/src/pi/pico/pico-sdk/src/rp2_common/pico_stdio/stdio.c.obj
                0x00000000100044b8                __wrap_vprintf
 .text.__wrap_printf
                0x0000000010004590       0x18 CMakeFiles/main.dir/usr/local/src/pi/pico/pico-sdk/src/rp2_common/pico_stdio/stdio.c.obj
                0x0000000010004590                __wrap_printf
 .text.stdio_init_all
                0x00000000100045a8        0x8 CMakeFiles/main.dir/usr/local/src/pi/pico/pico-sdk/src/rp2_common/pico_stdio/stdio.c.obj
                0x00000000100045a8                stdio_init_all
 .text.stdio_uart_out_chars
                0x00000000100045b0       0x4c CMakeFiles/main.dir/usr/local/src/pi/pico/pico-sdk/src/rp2_common/pico_stdio_uart/stdio_uart.c.obj
 .text.stdio_uart_in_chars
                0x00000000100045fc       0x38 CMakeFiles/main.dir/usr/local/src/pi/pico/pico-sdk/src/rp2_common/pico_stdio_uart/stdio_uart.c.obj
                0x00000000100045fc                stdio_uart_in_chars
 .text.stdio_uart_init
                0x0000000010004634       0x48 CMakeFiles/main.dir/usr/local/src/pi/pico/pico-sdk/src/rp2_common/pico_stdio_uart/stdio_uart.c.obj
                0x0000000010004634                stdio_uart_init
 .text          0x000000001000467c       0x5c /usr/lib/gcc/arm-none-eabi/10.3.1/../../../arm-none-eabi/lib/thumb/v6-m/nofp/libc.a(lib_a-callocr.o)
                0x000000001000467c                _calloc_r
 .text          0x00000000100046d8      0x574 /usr/lib/gcc/arm-none-eabi/10.3.1/../../../arm-none-eabi/lib/thumb/v6-m/nofp/libc.a(lib_a-mallocr.o)
                0x00000000100046d8                _malloc_r
 .text          0x0000000010004c4c        0x8 /usr/lib/gcc/arm-none-eabi/10.3.1/../../../arm-none-eabi/lib/thumb/v6-m/nofp/libc.a(lib_a-mlock.o)
                0x0000000010004c4c                __malloc_lock
                0x0000000010004c50                __malloc_unlock
 .text          0x0000000010004c54      0x354 /usr/lib/gcc/arm-none-eabi/10.3.1/../../../arm-none-eabi/lib/thumb/v6-m/nofp/libc.a(lib_a-reallocr.o)
                0x0000000010004c54                _realloc_r
 .text          0x0000000010004fa8       0x24 /usr/lib/gcc/arm-none-eabi/10.3.1/../../../arm-none-eabi/lib/thumb/v6-m/nofp/libc.a(lib_a-sbrkr.o)
                0x0000000010004fa8                _sbrk_r
 .text          0x0000000010004fcc       0x40 /usr/lib/gcc/arm-none-eabi/10.3.1/../../../arm-none-eabi/lib/thumb/v6-m/nofp/libc.a(lib_a-scanf.o)
                0x0000000010004fcc                scanf
                0x0000000010004ff0                _scanf_r
 .text          0x000000001000500c       0x5c /usr/lib/gcc/arm-none-eabi/10.3.1/../../../arm-none-eabi/lib/thumb/v6-m/nofp/libc.a(lib_a-strlen-stub.o)
                0x000000001000500c                strlen
 .text          0x0000000010005068      0xfe0 /usr/lib/gcc/arm-none-eabi/10.3.1/../../../arm-none-eabi/lib/thumb/v6-m/nofp/libc.a(lib_a-vfscanf.o)
                0x0000000010005068                __svfscanf_r
                0x0000000010005fd8                vfscanf
                0x0000000010006008                __svfscanf
                0x0000000010006020                _vfscanf_r
 .text          0x0000000010006048      0x248 /usr/lib/gcc/arm-none-eabi/10.3.1/../../../arm-none-eabi/lib/thumb/v6-m/nofp/libc.a(lib_a-findfp.o)
                0x000000001000604c                _cleanup_r
                0x0000000010006148                __sfmoreglue
                0x0000000010006178                __sfp
                0x0000000010006228                _cleanup
                0x0000000010006240                __sinit
                0x0000000010006250                __sfp_lock_acquire
                0x0000000010006254                __sfp_lock_release
                0x0000000010006258                __sinit_lock_acquire
                0x000000001000625c                __sinit_lock_release
                0x0000000010006260                __fp_lock_all
                0x0000000010006278                __fp_unlock_all
 .text          0x0000000010006290      0x190 /usr/lib/gcc/arm-none-eabi/10.3.1/../../../arm-none-eabi/lib/thumb/v6-m/nofp/libc.a(lib_a-fread.o)
                0x0000000010006290                _fread_r
                0x0000000010006400                fread
 .text          0x0000000010006420      0x260 /usr/lib/gcc/arm-none-eabi/10.3.1/../../../arm-none-eabi/lib/thumb/v6-m/nofp/libc.a(lib_a-freer.o)
                0x0000000010006420                _malloc_trim_r
                0x00000000100064bc                _free_r
 .text          0x0000000010006680       0x88 /usr/lib/gcc/arm-none-eabi/10.3.1/../../../arm-none-eabi/lib/thumb/v6-m/nofp/libc.a(lib_a-fwalk.o)
                0x0000000010006680                _fwalk
                0x00000000100066c0                _fwalk_reent
 .text          0x0000000010006708        0xc /usr/lib/gcc/arm-none-eabi/10.3.1/../../../arm-none-eabi/lib/thumb/v6-m/nofp/libc.a(lib_a-iswspace.o)
                0x0000000010006708                iswspace
 .text          0x0000000010006714       0x18 /usr/lib/gcc/arm-none-eabi/10.3.1/../../../arm-none-eabi/lib/thumb/v6-m/nofp/libc.a(lib_a-iswspace_l.o)
                0x0000000010006714                iswspace_l
 .text          0x000000001000672c       0x98 /usr/lib/gcc/arm-none-eabi/10.3.1/../../../arm-none-eabi/lib/thumb/v6-m/nofp/libc.a(lib_a-locale.o)
                0x000000001000672c                _setlocale_r
                0x0000000010006770                __locale_mb_cur_max
                0x0000000010006780                setlocale
 .text          0x00000000100067c4       0x14 /usr/lib/gcc/arm-none-eabi/10.3.1/../../../arm-none-eabi/lib/thumb/v6-m/nofp/libc.a(lib_a-localeconv.o)
                0x00000000100067c4                __localeconv_l
                0x00000000100067c8                _localeconv_r
                0x00000000100067d0                localeconv
 .text          0x00000000100067d8       0x9c /usr/lib/gcc/arm-none-eabi/10.3.1/../../../arm-none-eabi/lib/thumb/v6-m/nofp/libc.a(lib_a-mbrtowc.o)
                0x00000000100067d8                _mbrtowc_r
                0x0000000010006824                mbrtowc
 .text          0x0000000010006874       0x44 /usr/lib/gcc/arm-none-eabi/10.3.1/../../../arm-none-eabi/lib/thumb/v6-m/nofp/libc.a(lib_a-mbtowc_r.o)
                0x0000000010006874                _mbtowc_r
                0x000000001000688c                __ascii_mbtowc
 .text          0x00000000100068b8      0x140 /usr/lib/gcc/arm-none-eabi/10.3.1/../../../arm-none-eabi/lib/thumb/v6-m/nofp/libc.a(lib_a-refill.o)
                0x00000000100068d4                __srefill_r
 .text          0x00000000100069f8       0x80 /usr/lib/gcc/arm-none-eabi/10.3.1/../../../arm-none-eabi/lib/thumb/v6-m/nofp/libc.a(lib_a-sccl.o)
                0x00000000100069f8                __sccl
 .text          0x0000000010006a78        0x8 /usr/lib/gcc/arm-none-eabi/10.3.1/../../../arm-none-eabi/lib/thumb/v6-m/nofp/libc.a(lib_a-sf_nan.o)
                0x0000000010006a78                nanf
 .text          0x0000000010006a80       0xa4 /usr/lib/gcc/arm-none-eabi/10.3.1/../../../arm-none-eabi/lib/thumb/v6-m/nofp/libc.a(lib_a-stdio.o)
                0x0000000010006a80                __sread
                0x0000000010006aa8                __seofread
                0x0000000010006aac                __swrite
                0x0000000010006aec                __sseek
                0x0000000010006b18                __sclose
 .text          0x0000000010006b24       0x88 /usr/lib/gcc/arm-none-eabi/10.3.1/../../../arm-none-eabi/lib/thumb/v6-m/nofp/libc.a(lib_a-strcmp.o)
                0x0000000010006b24                strcmp
 .text          0x0000000010006bac     0x1128 /usr/lib/gcc/arm-none-eabi/10.3.1/../../../arm-none-eabi/lib/thumb/v6-m/nofp/libc.a(lib_a-strtod.o)
                0x0000000010006bac                _strtod_l
                0x0000000010007b2c                _strtod_r
                0x0000000010007b3c                strtod_l
                0x0000000010007b54                strtod
                0x0000000010007b70                strtof_l
                0x0000000010007c20                strtof
 .text          0x0000000010007cd4      0x1b8 /usr/lib/gcc/arm-none-eabi/10.3.1/../../../arm-none-eabi/lib/thumb/v6-m/nofp/libc.a(lib_a-strtol.o)
                0x0000000010007e18                _strtol_r
                0x0000000010007e34                strtol_l
                0x0000000010007e60                strtol
 .text          0x0000000010007e8c      0x1d0 /usr/lib/gcc/arm-none-eabi/10.3.1/../../../arm-none-eabi/lib/thumb/v6-m/nofp/libc.a(lib_a-strtoll.o)
                0x0000000010008024                _strtoll_r
                0x000000001000802c                strtoll_l
                0x0000000010008044                strtoll
 .text          0x000000001000805c      0x180 /usr/lib/gcc/arm-none-eabi/10.3.1/../../../arm-none-eabi/lib/thumb/v6-m/nofp/libc.a(lib_a-strtoul.o)
                0x00000000100081a4                _strtoul_r
                0x00000000100081ac                strtoul_l
                0x00000000100081c4                strtoul
 .text          0x00000000100081dc      0x1f4 /usr/lib/gcc/arm-none-eabi/10.3.1/../../../arm-none-eabi/lib/thumb/v6-m/nofp/libc.a(lib_a-strtoull.o)
                0x0000000010008398                _strtoull_r
                0x00000000100083a0                strtoull_l
                0x00000000100083b8                strtoull
 .text          0x00000000100083d0      0x188 /usr/lib/gcc/arm-none-eabi/10.3.1/../../../arm-none-eabi/lib/thumb/v6-m/nofp/libc.a(lib_a-ungetc.o)
                0x00000000100083d0                __submore
                0x0000000010008454                _ungetc_r
                0x0000000010008540                ungetc
 .text          0x0000000010008558       0x2c /usr/lib/gcc/arm-none-eabi/10.3.1/../../../arm-none-eabi/lib/thumb/v6-m/nofp/libc.a(lib_a-wctomb_r.o)
                0x0000000010008558                _wctomb_r
                0x0000000010008568                __ascii_wctomb
 .text          0x0000000010008584       0x28 /usr/lib/gcc/arm-none-eabi/10.3.1/../../../arm-none-eabi/lib/thumb/v6-m/nofp/libc.a(lib_a-writer.o)
                0x0000000010008584                _write_r
 .text          0x00000000100085ac       0x24 /usr/lib/gcc/arm-none-eabi/10.3.1/../../../arm-none-eabi/lib/thumb/v6-m/nofp/libc.a(lib_a-closer.o)
                0x00000000100085ac                _close_r
 .text          0x00000000100085d0        0xc /usr/lib/gcc/arm-none-eabi/10.3.1/../../../arm-none-eabi/lib/thumb/v6-m/nofp/libc.a(lib_a-errno.o)
                0x00000000100085d0                __errno
 .text          0x00000000100085dc       0xe8 /usr/lib/gcc/arm-none-eabi/10.3.1/../../../arm-none-eabi/lib/thumb/v6-m/nofp/libc.a(lib_a-fclose.o)
                0x000000001000864c                _fclose_r
                0x0000000010008684                fclose
 .text          0x00000000100086c4      0x1c0 /usr/lib/gcc/arm-none-eabi/10.3.1/../../../arm-none-eabi/lib/thumb/v6-m/nofp/libc.a(lib_a-fflush.o)
                0x00000000100086c4                __sflush_r
                0x0000000010008804                _fflush_r
                0x0000000010008830                fflush
 .text          0x0000000010008884      0x670 /usr/lib/gcc/arm-none-eabi/10.3.1/../../../arm-none-eabi/lib/thumb/v6-m/nofp/libc.a(lib_a-gdtoa-gethex.o)
                0x0000000010008928                __gethex
 .text          0x0000000010008ef4      0x1fc /usr/lib/gcc/arm-none-eabi/10.3.1/../../../arm-none-eabi/lib/thumb/v6-m/nofp/libc.a(lib_a-gdtoa-hexnan.o)
                0x0000000010008ef4                __match
                0x0000000010008f20                __hexnan
 .text          0x00000000100090f0       0x28 /usr/lib/gcc/arm-none-eabi/10.3.1/../../../arm-none-eabi/lib/thumb/v6-m/nofp/libc.a(lib_a-lseekr.o)
                0x00000000100090f0                _lseek_r
 .text          0x0000000010009118      0x144 /usr/lib/gcc/arm-none-eabi/10.3.1/../../../arm-none-eabi/lib/thumb/v6-m/nofp/libc.a(lib_a-makebuf.o)
                0x0000000010009118                __smakebuf_r
                0x00000000100091fc                __swhatbuf_r
 .text          0x000000001000925c      0xafc /usr/lib/gcc/arm-none-eabi/10.3.1/../../../arm-none-eabi/lib/thumb/v6-m/nofp/libc.a(lib_a-mprec.o)
                0x000000001000925c                _Balloc
                0x00000000100092ac                _Bfree
                0x00000000100092c0                __multadd
                0x0000000010009368                __s2b
                0x0000000010009418                __hi0bits
                0x0000000010009450                __lo0bits
                0x00000000100094ac                __i2b
                0x000000001000950c                __multiply
                0x00000000100096b0                __pow5mult
                0x0000000010009788                __lshift
                0x0000000010009884                __mcmp
                0x00000000100098b8                __mdiff
                0x0000000010009a44                __ulp
                0x0000000010009a8c                __b2d
                0x0000000010009b54                __d2b
                0x0000000010009c2c                __ratio
                0x0000000010009c94                _mprec_log10
                0x0000000010009cc8                __copybits
                0x0000000010009d08                __any_on
 .text          0x0000000010009d58       0x28 /usr/lib/gcc/arm-none-eabi/10.3.1/../../../arm-none-eabi/lib/thumb/v6-m/nofp/libc.a(lib_a-readr.o)
                0x0000000010009d58                _read_r
 .text          0x0000000010009d80        0xc /usr/lib/gcc/arm-none-eabi/10.3.1/../../../arm-none-eabi/lib/thumb/v6-m/nofp/libc.a(lib_a-s_nan.o)
                0x0000000010009d80                nan
 .text          0x0000000010009d8c       0x74 /usr/lib/gcc/arm-none-eabi/10.3.1/../../../arm-none-eabi/lib/thumb/v6-m/nofp/libc.a(lib_a-strncmp.o)
                0x0000000010009d8c                strncmp
 .text          0x0000000010009e00       0x28 /usr/lib/gcc/arm-none-eabi/10.3.1/../../../arm-none-eabi/lib/thumb/v6-m/nofp/libc.a(lib_a-fstatr.o)
                0x0000000010009e00                _fstat_r
 .text          0x0000000010009e28       0x24 /usr/lib/gcc/arm-none-eabi/10.3.1/../../../arm-none-eabi/lib/thumb/v6-m/nofp/libc.a(lib_a-isattyr.o)
                0x0000000010009e28                _isatty_r
 .text          0x0000000010009e4c       0x10 /usr/lib/gcc/arm-none-eabi/10.3.1/../../../arm-none-eabi/lib/thumb/v6-m/nofp/libnosys.a(close.o)
                0x0000000010009e4c                _close
 .text          0x0000000010009e5c       0x10 /usr/lib/gcc/arm-none-eabi/10.3.1/../../../arm-none-eabi/lib/thumb/v6-m/nofp/libnosys.a(fstat.o)
                0x0000000010009e5c                _fstat
 .text          0x0000000010009e6c       0x10 /usr/lib/gcc/arm-none-eabi/10.3.1/../../../arm-none-eabi/lib/thumb/v6-m/nofp/libnosys.a(isatty.o)
                0x0000000010009e6c                _isatty
 .text          0x0000000010009e7c       0x10 /usr/lib/gcc/arm-none-eabi/10.3.1/../../../arm-none-eabi/lib/thumb/v6-m/nofp/libnosys.a(lseek.o)
                0x0000000010009e7c                _lseek
 *(.fini)
 .fini          0x0000000010009e8c        0x4 /usr/lib/gcc/arm-none-eabi/10.3.1/thumb/v6-m/nofp/crti.o
                0x0000000010009e8c                _fini
 .fini.__stub   0x0000000010009e90       0x60 linker stubs
 *crtbegin.o(.ctors)
 *crtbegin?.o(.ctors)
 *(EXCLUDE_FILE(*crtend.o *crtend?.o) .ctors)
 *(SORT_BY_NAME(.ctors.*))
 *(.ctors)
 *crtbegin.o(.dtors)
 *crtbegin?.o(.dtors)
 *(EXCLUDE_FILE(*crtend.o *crtend?.o) .dtors)
 *(SORT_BY_NAME(.dtors.*))
 *(.dtors)
 *(.eh_frame*)
 .eh_frame      0x0000000010009ef0        0x0 /usr/lib/gcc/arm-none-eabi/10.3.1/thumb/v6-m/nofp/crtbegin.o
                0x0000000010009ef0                . = ALIGN (0x4)

.glue_7         0x0000000010009ef0        0x0
 .glue_7        0x0000000010009ef0        0x0 linker stubs

.glue_7t        0x0000000010009ef0        0x0
 .glue_7t       0x0000000010009ef0        0x0 linker stubs

.vfp11_veneer   0x0000000010009ef0        0x0
 .vfp11_veneer  0x0000000010009ef0        0x0 linker stubs

.v4_bx          0x0000000010009ef0        0x0
 .v4_bx         0x0000000010009ef0        0x0 linker stubs

.iplt           0x0000000010009ef0        0x0
 .iplt          0x0000000010009ef0        0x0 /usr/lib/gcc/arm-none-eabi/10.3.1/thumb/v6-m/nofp/crtbegin.o

.rodata         0x0000000010009ef0      0xc80
 *(EXCLUDE_FILE(*libm.a: *libc.a:*lib_a-mem*.o *libgcc.a:) .rodata*)
 .rodata.main.str1.4
                0x0000000010009ef0        0xc CMakeFiles/main.dir/main.c.obj
 *fill*         0x0000000010009efc        0x4 
 .rodata.at_the_end_of_time
                0x0000000010009f00        0x8 CMakeFiles/main.dir/usr/local/src/pi/pico/pico-sdk/src/common/pico_time/time.c.obj
                0x0000000010009f00                at_the_end_of_time
 .rodata.hardware_alarm_claim.str1.4
                0x0000000010009f08       0x22 CMakeFiles/main.dir/usr/local/src/pi/pico/pico-sdk/src/rp2_common/hardware_timer/timer.c.obj
 *fill*         0x0000000010009f2a        0x2 
 .rodata.__assert_func.str1.4
                0x0000000010009f2c       0x3f CMakeFiles/main.dir/usr/local/src/pi/pico/pico-sdk/src/rp2_common/pico_runtime/runtime.c.obj
                                         0x43 (size before relaxing)
 *fill*         0x0000000010009f6b        0x1 
 .rodata.panic.str1.4
                0x0000000010009f6c       0x12 CMakeFiles/main.dir/usr/local/src/pi/pico/pico-sdk/src/rp2_common/pico_runtime/runtime.c.obj
 *fill*         0x0000000010009f7e        0x2 
 .rodata.hard_assertion_failure.str1.4
                0x0000000010009f80        0xc CMakeFiles/main.dir/usr/local/src/pi/pico/pico-sdk/src/rp2_common/pico_runtime/runtime.c.obj
 .rodata._ftoa.str1.4
                0x0000000010009f8c       0x15 CMakeFiles/main.dir/usr/local/src/pi/pico/pico-sdk/src/rp2_common/pico_printf/printf.c.obj
 *fill*         0x0000000010009fa1        0x3 
 .rodata._vsnprintf
                0x0000000010009fa4      0x1e0 CMakeFiles/main.dir/usr/local/src/pi/pico/pico-sdk/src/rp2_common/pico_printf/printf.c.obj
 *fill*         0x000000001000a184        0x4 
 .rodata.pow10.0
                0x000000001000a188       0x50 CMakeFiles/main.dir/usr/local/src/pi/pico/pico-sdk/src/rp2_common/pico_printf/printf.c.obj
 .rodata.str1.4
                0x000000001000a1d8       0x3c CMakeFiles/main.dir/usr/local/src/pi/pico/pico-sdk/src/rp2_common/pico_standard_link/binary_info.c.obj
 .rodata.__bi_44
                0x000000001000a214        0xc CMakeFiles/main.dir/usr/local/src/pi/pico/pico-sdk/src/rp2_common/pico_standard_link/binary_info.c.obj
 .rodata.__bi_75
                0x000000001000a220        0xc CMakeFiles/main.dir/usr/local/src/pi/pico/pico-sdk/src/rp2_common/pico_standard_link/binary_info.c.obj
 .rodata.__bi_81
                0x000000001000a22c        0xc CMakeFiles/main.dir/usr/local/src/pi/pico/pico-sdk/src/rp2_common/pico_standard_link/binary_info.c.obj
 .rodata.crlf_str.0
                0x000000001000a238        0x2 CMakeFiles/main.dir/usr/local/src/pi/pico/pico-sdk/src/rp2_common/pico_stdio/stdio.c.obj
 *fill*         0x000000001000a23a        0x2 
 .rodata.str1.4
                0x000000001000a23c       0x2c CMakeFiles/main.dir/usr/local/src/pi/pico/pico-sdk/src/rp2_common/pico_stdio_uart/stdio_uart.c.obj
 .rodata.__bi_28.4
                0x000000001000a268        0xc CMakeFiles/main.dir/usr/local/src/pi/pico/pico-sdk/src/rp2_common/pico_stdio_uart/stdio_uart.c.obj
 .rodata.__bi_29.5
                0x000000001000a274        0x8 CMakeFiles/main.dir/usr/local/src/pi/pico/pico-sdk/src/rp2_common/pico_stdio_uart/stdio_uart.c.obj
 .rodata        0x000000001000a27c        0x4 /usr/lib/gcc/arm-none-eabi/10.3.1/../../../arm-none-eabi/lib/thumb/v6-m/nofp/libc.a(lib_a-impure.o)
                0x000000001000a27c                _global_impure_ptr
 .rodata.str1.4
                0x000000001000a280        0x5 /usr/lib/gcc/arm-none-eabi/10.3.1/../../../arm-none-eabi/lib/thumb/v6-m/nofp/libc.a(lib_a-vfscanf.o)
                                          0x9 (size before relaxing)
 *fill*         0x000000001000a285        0x3 
 .rodata        0x000000001000a288      0x3e6 /usr/lib/gcc/arm-none-eabi/10.3.1/../../../arm-none-eabi/lib/thumb/v6-m/nofp/libc.a(lib_a-vfscanf.o)
 *fill*         0x000000001000a66e        0x2 
 .rodata        0x000000001000a670      0x101 /usr/lib/gcc/arm-none-eabi/10.3.1/../../../arm-none-eabi/lib/thumb/v6-m/nofp/libc.a(lib_a-ctype_.o)
                0x000000001000a670                _ctype_
 *fill*         0x000000001000a771        0x3 
 .rodata.str1.4
                0x000000001000a774        0xe /usr/lib/gcc/arm-none-eabi/10.3.1/../../../arm-none-eabi/lib/thumb/v6-m/nofp/libc.a(lib_a-locale.o)
                                         0x12 (size before relaxing)
 .rodata.str1.4
                0x000000001000a782        0x1 /usr/lib/gcc/arm-none-eabi/10.3.1/../../../arm-none-eabi/lib/thumb/v6-m/nofp/libc.a(lib_a-mbrtowc.o)
 *fill*         0x000000001000a782        0x2 
 .rodata.str1.4
                0x000000001000a784        0xf /usr/lib/gcc/arm-none-eabi/10.3.1/../../../arm-none-eabi/lib/thumb/v6-m/nofp/libc.a(lib_a-strtod.o)
                                         0x11 (size before relaxing)
 *fill*         0x000000001000a793        0x5 
 .rodata        0x000000001000a798      0x120 /usr/lib/gcc/arm-none-eabi/10.3.1/../../../arm-none-eabi/lib/thumb/v6-m/nofp/libc.a(lib_a-strtod.o)
 .rodata.str1.4
                0x000000001000a8b8       0x4e /usr/lib/gcc/arm-none-eabi/10.3.1/../../../arm-none-eabi/lib/thumb/v6-m/nofp/libc.a(lib_a-gdtoa-gethex.o)
 *fill*         0x000000001000a906        0x2 
 .rodata        0x000000001000a908      0x100 /usr/lib/gcc/arm-none-eabi/10.3.1/../../../arm-none-eabi/lib/thumb/v6-m/nofp/libc.a(lib_a-gdtoa-gethex.o)
                0x000000001000a908                __hexdig
 .rodata.str1.4
                0x000000001000aa08        0x5 /usr/lib/gcc/arm-none-eabi/10.3.1/../../../arm-none-eabi/lib/thumb/v6-m/nofp/libc.a(lib_a-lnumeric.o)
 .rodata        0x000000001000aa08        0xc /usr/lib/gcc/arm-none-eabi/10.3.1/../../../arm-none-eabi/lib/thumb/v6-m/nofp/libc.a(lib_a-lnumeric.o)
                0x000000001000aa08                _C_numeric_locale
 .rodata.str1.4
                0x000000001000aa14       0x33 /usr/lib/gcc/arm-none-eabi/10.3.1/../../../arm-none-eabi/lib/thumb/v6-m/nofp/libc.a(lib_a-mprec.o)
                                         0x47 (size before relaxing)
 *fill*         0x000000001000aa47        0x1 
 .rodata        0x000000001000aa48      0x128 /usr/lib/gcc/arm-none-eabi/10.3.1/../../../arm-none-eabi/lib/thumb/v6-m/nofp/libc.a(lib_a-mprec.o)
                0x000000001000aa58                __mprec_tinytens
                0x000000001000aa80                __mprec_bigtens
                0x000000001000aaa8                __mprec_tens
                0x000000001000ab70                . = ALIGN (0x4)
 *(SORT_BY_ALIGNMENT(SORT_BY_NAME(.flashdata*)))
                0x000000001000ab70                . = ALIGN (0x4)

.rel.dyn        0x000000001000ab70        0x0
 .rel.iplt      0x000000001000ab70        0x0 /usr/lib/gcc/arm-none-eabi/10.3.1/thumb/v6-m/nofp/crtbegin.o

.ARM.extab
 *(.ARM.extab* .gnu.linkonce.armextab.*)
                0x000000001000ab70                __exidx_start = .

.ARM.exidx
 *(.ARM.exidx* .gnu.linkonce.armexidx.*)
                0x000000001000ab70                __exidx_end = .
                0x000000001000ab70                . = ALIGN (0x4)
                0x000000001000ab70                __binary_info_start = .

.binary_info    0x000000001000ab70       0x24
 *(.binary_info.keep.*)
 .binary_info.keep.__bi_ptr22
                0x000000001000ab70        0x4 CMakeFiles/main.dir/usr/local/src/pi/pico/pico-sdk/src/rp2_common/pico_standard_link/binary_info.c.obj
 .binary_info.keep.__bi_ptr30
                0x000000001000ab74        0x4 CMakeFiles/main.dir/usr/local/src/pi/pico/pico-sdk/src/rp2_common/pico_standard_link/binary_info.c.obj
 .binary_info.keep.__bi_ptr38
                0x000000001000ab78        0x4 CMakeFiles/main.dir/usr/local/src/pi/pico/pico-sdk/src/rp2_common/pico_standard_link/binary_info.c.obj
 .binary_info.keep.__bi_ptr44
                0x000000001000ab7c        0x4 CMakeFiles/main.dir/usr/local/src/pi/pico/pico-sdk/src/rp2_common/pico_standard_link/binary_info.c.obj
 .binary_info.keep.__bi_ptr50
                0x000000001000ab80        0x4 CMakeFiles/main.dir/usr/local/src/pi/pico/pico-sdk/src/rp2_common/pico_standard_link/binary_info.c.obj
 .binary_info.keep.__bi_ptr75
                0x000000001000ab84        0x4 CMakeFiles/main.dir/usr/local/src/pi/pico/pico-sdk/src/rp2_common/pico_standard_link/binary_info.c.obj
 .binary_info.keep.__bi_ptr81
                0x000000001000ab88        0x4 CMakeFiles/main.dir/usr/local/src/pi/pico/pico-sdk/src/rp2_common/pico_standard_link/binary_info.c.obj
 *(.binary_info.*)
 .binary_info.__bi_ptr28
                0x000000001000ab8c        0x4 CMakeFiles/main.dir/usr/local/src/pi/pico/pico-sdk/src/rp2_common/pico_stdio_uart/stdio_uart.c.obj
 .binary_info.__bi_ptr29
                0x000000001000ab90        0x4 CMakeFiles/main.dir/usr/local/src/pi/pico/pico-sdk/src/rp2_common/pico_stdio_uart/stdio_uart.c.obj
                0x000000001000ab94                __binary_info_end = .
                0x000000001000ab94                . = ALIGN (0x4)
                0x000000001000ab94                __etext = .

.ram_vector_table
                0x0000000020000000       0xc0
 *(.ram_vector_table)
 .ram_vector_table
                0x0000000020000000       0xc0 CMakeFiles/main.dir/usr/local/src/pi/pico/pico-sdk/src/rp2_common/pico_runtime/runtime.c.obj
                0x0000000020000000                ram_vector_table

.data           0x00000000200000c0      0xbe4 load address 0x000000001000ab94
                0x00000000200000c0                __data_start__ = .
 *(vtable)
 *(.time_critical*)
 .time_critical.mutex_enter_blocking
                0x00000000200000c0       0x48 CMakeFiles/main.dir/usr/local/src/pi/pico/pico-sdk/src/common/pico_sync/mutex.c.obj
                0x00000000200000c0                mutex_enter_blocking
 .time_critical.mutex_try_enter
                0x0000000020000108       0x44 CMakeFiles/main.dir/usr/local/src/pi/pico/pico-sdk/src/common/pico_sync/mutex.c.obj
                0x0000000020000108                mutex_try_enter
 .time_critical.mutex_exit
                0x000000002000014c       0x28 CMakeFiles/main.dir/usr/local/src/pi/pico/pico-sdk/src/common/pico_sync/mutex.c.obj
                0x000000002000014c                mutex_exit
 *(.text*)
 .text          0x0000000020000174        0x4 /usr/lib/gcc/arm-none-eabi/10.3.1/thumb/v6-m/nofp/libgcc.a(_dvmd_tls.o)
                0x0000000020000174                __aeabi_ldiv0
                0x0000000020000174                __aeabi_idiv0
 .text          0x0000000020000178       0xac /usr/lib/gcc/arm-none-eabi/10.3.1/../../../arm-none-eabi/lib/thumb/v6-m/nofp/libc.a(lib_a-memmove.o)
                0x0000000020000178                memmove
                0x0000000020000224                . = ALIGN (0x4)
 *(.rodata*)
                0x0000000020000224                . = ALIGN (0x4)
 *(.data*)
 .data.striped_spin_lock_num
                0x0000000020000224        0x1 CMakeFiles/main.dir/usr/local/src/pi/pico/pico-sdk/src/rp2_common/hardware_sync/sync.c.obj
 *fill*         0x0000000020000225        0x3 
 .data          0x0000000020000228       0x48 CMakeFiles/main.dir/usr/local/src/pi/pico/pico-sdk/src/rp2_common/hardware_irq/irq_handler_chain.S.obj
                0x0000000020000228                irq_handler_chain_slots
                0x0000000020000258                irq_handler_chain_first_slot
                0x0000000020000262                irq_handler_chain_remove_tail
 .data.default_alarm_pool
                0x0000000020000270       0x18 CMakeFiles/main.dir/usr/local/src/pi/pico/pico-sdk/src/common/pico_time/time.c.obj
 .data.default_alarm_pool_heap
                0x0000000020000288       0x10 CMakeFiles/main.dir/usr/local/src/pi/pico/pico-sdk/src/common/pico_time/time.c.obj
 *fill*         0x0000000020000298        0x8 
 .data.aeabi_bits_funcs
                0x00000000200002a0       0x10 CMakeFiles/main.dir/usr/local/src/pi/pico/pico-sdk/src/rp2_common/pico_bit_ops/bit_ops_aeabi.S.obj
                0x00000000200002a0                aeabi_bits_funcs
                0x00000000200002b0                aeabi_bits_funcs_end
 .data.aeabi_mem_funcs
                0x00000000200002b0       0x10 CMakeFiles/main.dir/usr/local/src/pi/pico/pico-sdk/src/rp2_common/pico_mem_ops/mem_ops_aeabi.S.obj
                0x00000000200002b0                aeabi_mem_funcs
                0x00000000200002c0                aeabi_mem_funcs_end
 .data.stdio_uart
                0x00000000200002c0       0x14 CMakeFiles/main.dir/usr/local/src/pi/pico/pico-sdk/src/rp2_common/pico_stdio_uart/stdio_uart.c.obj
                0x00000000200002c0                stdio_uart
 *fill*         0x00000000200002d4        0x4 
 .data          0x00000000200002d8      0x430 /usr/lib/gcc/arm-none-eabi/10.3.1/../../../arm-none-eabi/lib/thumb/v6-m/nofp/libc.a(lib_a-impure.o)
                0x00000000200002d8                _impure_ptr
 .data          0x0000000020000708      0x410 /usr/lib/gcc/arm-none-eabi/10.3.1/../../../arm-none-eabi/lib/thumb/v6-m/nofp/libc.a(lib_a-mallocr.o)
                0x0000000020000708                __malloc_sbrk_base
                0x000000002000070c                __malloc_trim_threshold
                0x0000000020000710                __malloc_av_
 .data          0x0000000020000b18      0x16c /usr/lib/gcc/arm-none-eabi/10.3.1/../../../arm-none-eabi/lib/thumb/v6-m/nofp/libc.a(lib_a-locale.o)
                0x0000000020000b18                __global_locale
 .data          0x0000000020000c84        0x2 /usr/lib/gcc/arm-none-eabi/10.3.1/../../../arm-none-eabi/lib/thumb/v6-m/nofp/libc.a(lib_a-lnumeric.o)
                0x0000000020000c88                . = ALIGN (0x4)
 *fill*         0x0000000020000c86        0x2 
 *(.after_data.*)
                0x0000000020000c88                . = ALIGN (0x4)
                0x0000000020000c88                PROVIDE (__mutex_array_start = .)
 *(SORT_BY_NAME(.mutex_array.*))
 *(.mutex_array)
 .mutex_array   0x0000000020000c88        0x8 CMakeFiles/main.dir/usr/local/src/pi/pico/pico-sdk/src/rp2_common/pico_stdio/stdio.c.obj
                0x0000000020000c90                PROVIDE (__mutex_array_end = .)
                0x0000000020000c90                . = ALIGN (0x4)
                0x0000000020000c90                PROVIDE (__preinit_array_start = .)
 *(SORT_BY_NAME(.preinit_array.*))
 .preinit_array.00001
                0x0000000020000c90        0x4 CMakeFiles/main.dir/usr/local/src/pi/pico/pico-sdk/src/rp2_common/pico_mem_ops/mem_ops_aeabi.S.obj
 .preinit_array.00010
                0x0000000020000c94        0x4 CMakeFiles/main.dir/usr/local/src/pi/pico/pico-sdk/src/rp2_common/pico_bit_ops/bit_ops_aeabi.S.obj
 .preinit_array.00020
                0x0000000020000c98        0x4 CMakeFiles/main.dir/usr/local/src/pi/pico/pico-sdk/src/rp2_common/pico_double/double_aeabi.S.obj
 .preinit_array.00020
                0x0000000020000c9c        0x4 CMakeFiles/main.dir/usr/local/src/pi/pico/pico-sdk/src/rp2_common/pico_float/float_aeabi.S.obj
 *(.preinit_array)
                0x0000000020000ca0                PROVIDE (__preinit_array_end = .)
                0x0000000020000ca0                . = ALIGN (0x4)
                0x0000000020000ca0                PROVIDE (__init_array_start = .)
 *(SORT_BY_NAME(.init_array.*))
 *(.init_array)
 .init_array    0x0000000020000ca0        0x4 /usr/lib/gcc/arm-none-eabi/10.3.1/thumb/v6-m/nofp/crtbegin.o
                0x0000000020000ca4                PROVIDE (__init_array_end = .)
                0x0000000020000ca4                . = ALIGN (0x4)
                0x0000000020000ca4                PROVIDE (__fini_array_start = .)
 *(SORT_BY_NAME(.fini_array.*))
 *(.fini_array)
                0x0000000020000ca4                PROVIDE (__fini_array_end = .)
 *(.jcr)
                0x0000000020000ca4                . = ALIGN (0x4)
                0x0000000020000ca4                __data_end__ = .

.tm_clone_table
                0x0000000020000ca4        0x0 load address 0x000000001000b778
 .tm_clone_table
                0x0000000020000ca4        0x0 /usr/lib/gcc/arm-none-eabi/10.3.1/thumb/v6-m/nofp/crtbegin.o
 .tm_clone_table
                0x0000000020000ca4        0x0 /usr/lib/gcc/arm-none-eabi/10.3.1/thumb/v6-m/nofp/crtend.o

.igot.plt       0x0000000020000ca4        0x0 load address 0x000000001000b778
 .igot.plt      0x0000000020000ca4        0x0 /usr/lib/gcc/arm-none-eabi/10.3.1/thumb/v6-m/nofp/crtbegin.o

.uninitialized_data
                0x0000000020000ca4        0x0 load address 0x000000001000b778
                0x0000000020000ca4                . = ALIGN (0x4)
 *(.uninitialized_data*)

.scratch_x      0x0000000020040000        0x0 load address 0x000000001000b778
                0x0000000020040000                __scratch_x_start__ = .
 *(.scratch_x.*)
                0x0000000020040000                . = ALIGN (0x4)
                0x0000000020040000                __scratch_x_end__ = .
                0x000000001000b778                __scratch_x_source__ = LOADADDR (.scratch_x)

.scratch_y      0x0000000020041000        0x0 load address 0x000000001000b778
                0x0000000020041000                __scratch_y_start__ = .
 *(.scratch_y.*)
                0x0000000020041000                . = ALIGN (0x4)
                0x0000000020041000                __scratch_y_end__ = .
                0x000000001000b778                __scratch_y_source__ = LOADADDR (.scratch_y)

.bss            0x0000000020000ca8      0x410
                0x0000000020000ca8                . = ALIGN (0x4)
                0x0000000020000ca8                __bss_start__ = .
 *(SORT_BY_ALIGNMENT(SORT_BY_NAME(.bss*)))
 .bss.default_alarm_pool_entries
                0x0000000020000ca8      0x100 CMakeFiles/main.dir/usr/local/src/pi/pico/pico-sdk/src/common/pico_time/time.c.obj
 .bss.sd_table  0x0000000020000da8      0x100 CMakeFiles/main.dir/usr/local/src/pi/pico/pico-sdk/src/rp2_common/pico_double/double_init_rom.c.obj
                0x0000000020000da8                sd_table
 .bss.sf_table  0x0000000020000ea8      0x100 CMakeFiles/main.dir/usr/local/src/pi/pico/pico-sdk/src/rp2_common/pico_float/float_init_rom.c.obj
                0x0000000020000ea8                sf_table
 .bss           0x0000000020000fa8       0x1c /usr/lib/gcc/arm-none-eabi/10.3.1/thumb/v6-m/nofp/crtbegin.o
 .bss           0x0000000020000fc4       0x34 /usr/lib/gcc/arm-none-eabi/10.3.1/../../../arm-none-eabi/lib/thumb/v6-m/nofp/libc.a(lib_a-mallocr.o)
                0x0000000020000fc4                __malloc_top_pad
                0x0000000020000fc8                __malloc_current_mallinfo
                0x0000000020000ff0                __malloc_max_sbrked_mem
                0x0000000020000ff4                __malloc_max_total_mem
 .bss           0x0000000020000ff8        0x4 /usr/lib/gcc/arm-none-eabi/10.3.1/../../../arm-none-eabi/lib/thumb/v6-m/nofp/libc.a(lib_a-reent.o)
                0x0000000020000ff8                errno
 .bss.alarm_callbacks
                0x0000000020000ffc       0x10 CMakeFiles/main.dir/usr/local/src/pi/pico/pico-sdk/src/rp2_common/hardware_timer/timer.c.obj
 .bss.configured_freq
                0x000000002000100c       0x28 CMakeFiles/main.dir/usr/local/src/pi/pico/pico-sdk/src/rp2_common/hardware_clocks/clocks.c.obj
 .bss.default_alarm_pool_entry_ids_high
                0x0000000020001034       0x10 CMakeFiles/main.dir/usr/local/src/pi/pico/pico-sdk/src/common/pico_time/time.c.obj
 .bss.default_alarm_pool_heap_nodes
                0x0000000020001044       0x30 CMakeFiles/main.dir/usr/local/src/pi/pico/pico-sdk/src/common/pico_time/time.c.obj
 .bss.drivers   0x0000000020001074        0x4 CMakeFiles/main.dir/usr/local/src/pi/pico/pico-sdk/src/rp2_common/pico_stdio/stdio.c.obj
 .bss.filter    0x0000000020001078        0x4 CMakeFiles/main.dir/usr/local/src/pi/pico/pico-sdk/src/rp2_common/pico_stdio/stdio.c.obj
 .bss.heap_end.0
                0x000000002000107c        0x4 CMakeFiles/main.dir/usr/local/src/pi/pico/pico-sdk/src/rp2_common/pico_runtime/runtime.c.obj
 .bss.lazy_vsnprintf
                0x0000000020001080        0x4 CMakeFiles/main.dir/usr/local/src/pi/pico/pico-sdk/src/rp2_common/pico_printf/printf.c.obj
 .bss.pools     0x0000000020001084       0x10 CMakeFiles/main.dir/usr/local/src/pi/pico/pico-sdk/src/common/pico_time/time.c.obj
 .bss.sf_clz_func
                0x0000000020001094        0x4 CMakeFiles/main.dir/usr/local/src/pi/pico/pico-sdk/src/rp2_common/pico_double/double_init_rom.c.obj
                0x0000000020001094                sf_clz_func
 .bss.sleep_notifier
                0x0000000020001098        0x4 CMakeFiles/main.dir/usr/local/src/pi/pico/pico-sdk/src/common/pico_time/time.c.obj
 .bss.target_hi
                0x000000002000109c       0x10 CMakeFiles/main.dir/usr/local/src/pi/pico/pico-sdk/src/rp2_common/hardware_timer/timer.c.obj
 .bss.uart_char_to_line_feed
                0x00000000200010ac        0x4 CMakeFiles/main.dir/usr/local/src/pi/pico/pico-sdk/src/rp2_common/hardware_uart/uart.c.obj
                0x00000000200010ac                uart_char_to_line_feed
 .bss.uart_instance
                0x00000000200010b0        0x4 CMakeFiles/main.dir/usr/local/src/pi/pico/pico-sdk/src/rp2_common/pico_stdio_uart/stdio_uart.c.obj
 .bss.claimed   0x00000000200010b4        0x1 CMakeFiles/main.dir/usr/local/src/pi/pico/pico-sdk/src/rp2_common/hardware_timer/timer.c.obj
 .bss.irq_hander_chain_free_slot_head
                0x00000000200010b5        0x1 CMakeFiles/main.dir/usr/local/src/pi/pico/pico-sdk/src/rp2_common/hardware_irq/irq.c.obj
 .bss.timer_callbacks_pending
                0x00000000200010b6        0x1 CMakeFiles/main.dir/usr/local/src/pi/pico/pico-sdk/src/rp2_common/hardware_timer/timer.c.obj
 *(COMMON)
                0x00000000200010b8                . = ALIGN (0x4)
 *fill*         0x00000000200010b7        0x1 
                0x00000000200010b8                __bss_end__ = .

.heap           0x00000000200010b8      0x800
                0x00000000200010b8                __end__ = .
                0x00000000200010b8                end = __end__
 *(.heap*)
 .heap          0x00000000200010b8      0x800 CMakeFiles/main.dir/usr/local/src/pi/pico/pico-sdk/src/rp2_common/pico_standard_link/crt0.S.obj
                0x00000000200018b8                __HeapLimit = .

.stack1_dummy   0x0000000020040000        0x0
 *(.stack1*)

.stack_dummy    0x0000000020041000      0x800
 *(.stack*)
 .stack         0x0000000020041000      0x800 CMakeFiles/main.dir/usr/local/src/pi/pico/pico-sdk/src/rp2_common/pico_standard_link/crt0.S.obj

.flash_end      0x000000001000b778        0x0
                0x000000001000b778                __flash_binary_end = .
                0x0000000020040000                __StackLimit = (ORIGIN (RAM) + LENGTH (RAM))
                0x0000000020041000                __StackOneTop = (ORIGIN (SCRATCH_X) + LENGTH (SCRATCH_X))
                0x0000000020042000                __StackTop = (ORIGIN (SCRATCH_Y) + LENGTH (SCRATCH_Y))
                0x0000000020041000                __StackOneBottom = (__StackOneTop - SIZEOF (.stack1_dummy))
                0x0000000020041800                __StackBottom = (__StackTop - SIZEOF (.stack_dummy))
                0x0000000020042000                PROVIDE (__stack = __StackTop)
                0x0000000000000001                ASSERT ((__StackLimit >= __HeapLimit), region RAM overflowed)
                0x0000000000000001                ASSERT (((__binary_info_header_end - __logical_binary_start) <= 0x100), Binary info must be in first 256 bytes of the binary)
LOAD CMakeFiles/main.dir/main.c.obj
LOAD CMakeFiles/main.dir/usr/local/src/pi/pico/pico-sdk/src/rp2_common/pico_stdlib/stdlib.c.obj
LOAD CMakeFiles/main.dir/usr/local/src/pi/pico/pico-sdk/src/rp2_common/hardware_gpio/gpio.c.obj
LOAD CMakeFiles/main.dir/usr/local/src/pi/pico/pico-sdk/src/rp2_common/hardware_claim/claim.c.obj
LOAD CMakeFiles/main.dir/usr/local/src/pi/pico/pico-sdk/src/rp2_common/pico_platform/platform.c.obj
LOAD CMakeFiles/main.dir/usr/local/src/pi/pico/pico-sdk/src/rp2_common/hardware_sync/sync.c.obj
LOAD CMakeFiles/main.dir/usr/local/src/pi/pico/pico-sdk/src/rp2_common/hardware_irq/irq.c.obj
LOAD CMakeFiles/main.dir/usr/local/src/pi/pico/pico-sdk/src/rp2_common/hardware_irq/irq_handler_chain.S.obj
LOAD CMakeFiles/main.dir/usr/local/src/pi/pico/pico-sdk/src/common/pico_sync/sem.c.obj
LOAD CMakeFiles/main.dir/usr/local/src/pi/pico/pico-sdk/src/common/pico_sync/lock_core.c.obj
LOAD CMakeFiles/main.dir/usr/local/src/pi/pico/pico-sdk/src/common/pico_time/time.c.obj
LOAD CMakeFiles/main.dir/usr/local/src/pi/pico/pico-sdk/src/common/pico_time/timeout_helper.c.obj
LOAD CMakeFiles/main.dir/usr/local/src/pi/pico/pico-sdk/src/rp2_common/hardware_timer/timer.c.obj
LOAD CMakeFiles/main.dir/usr/local/src/pi/pico/pico-sdk/src/common/pico_util/datetime.c.obj
LOAD CMakeFiles/main.dir/usr/local/src/pi/pico/pico-sdk/src/common/pico_util/pheap.c.obj
LOAD CMakeFiles/main.dir/usr/local/src/pi/pico/pico-sdk/src/common/pico_util/queue.c.obj
LOAD CMakeFiles/main.dir/usr/local/src/pi/pico/pico-sdk/src/common/pico_sync/mutex.c.obj
LOAD CMakeFiles/main.dir/usr/local/src/pi/pico/pico-sdk/src/common/pico_sync/critical_section.c.obj
LOAD CMakeFiles/main.dir/usr/local/src/pi/pico/pico-sdk/src/rp2_common/hardware_uart/uart.c.obj
LOAD CMakeFiles/main.dir/usr/local/src/pi/pico/pico-sdk/src/rp2_common/hardware_divider/divider.S.obj
LOAD CMakeFiles/main.dir/usr/local/src/pi/pico/pico-sdk/src/rp2_common/pico_runtime/runtime.c.obj
LOAD CMakeFiles/main.dir/usr/local/src/pi/pico/pico-sdk/src/rp2_common/hardware_clocks/clocks.c.obj
LOAD CMakeFiles/main.dir/usr/local/src/pi/pico/pico-sdk/src/rp2_common/hardware_pll/pll.c.obj
LOAD CMakeFiles/main.dir/usr/local/src/pi/pico/pico-sdk/src/rp2_common/hardware_vreg/vreg.c.obj
LOAD CMakeFiles/main.dir/usr/local/src/pi/pico/pico-sdk/src/rp2_common/hardware_watchdog/watchdog.c.obj
LOAD CMakeFiles/main.dir/usr/local/src/pi/pico/pico-sdk/src/rp2_common/hardware_xosc/xosc.c.obj
LOAD CMakeFiles/main.dir/usr/local/src/pi/pico/pico-sdk/src/rp2_common/pico_printf/printf.c.obj
LOAD CMakeFiles/main.dir/usr/local/src/pi/pico/pico-sdk/src/rp2_common/pico_bit_ops/bit_ops_aeabi.S.obj
LOAD CMakeFiles/main.dir/usr/local/src/pi/pico/pico-sdk/src/rp2_common/pico_bootrom/bootrom.c.obj
LOAD CMakeFiles/main.dir/usr/local/src/pi/pico/pico-sdk/src/rp2_common/pico_divider/divider.S.obj
LOAD CMakeFiles/main.dir/usr/local/src/pi/pico/pico-sdk/src/rp2_common/pico_double/double_aeabi.S.obj
LOAD CMakeFiles/main.dir/usr/local/src/pi/pico/pico-sdk/src/rp2_common/pico_double/double_init_rom.c.obj
LOAD CMakeFiles/main.dir/usr/local/src/pi/pico/pico-sdk/src/rp2_common/pico_double/double_math.c.obj
LOAD CMakeFiles/main.dir/usr/local/src/pi/pico/pico-sdk/src/rp2_common/pico_double/double_v1_rom_shim.S.obj
LOAD CMakeFiles/main.dir/usr/local/src/pi/pico/pico-sdk/src/rp2_common/pico_int64_ops/pico_int64_ops_aeabi.S.obj
LOAD CMakeFiles/main.dir/usr/local/src/pi/pico/pico-sdk/src/rp2_common/pico_float/float_aeabi.S.obj
LOAD CMakeFiles/main.dir/usr/local/src/pi/pico/pico-sdk/src/rp2_common/pico_float/float_init_rom.c.obj
LOAD CMakeFiles/main.dir/usr/local/src/pi/pico/pico-sdk/src/rp2_common/pico_float/float_math.c.obj
LOAD CMakeFiles/main.dir/usr/local/src/pi/pico/pico-sdk/src/rp2_common/pico_float/float_v1_rom_shim.S.obj
LOAD CMakeFiles/main.dir/usr/local/src/pi/pico/pico-sdk/src/rp2_common/pico_malloc/pico_malloc.c.obj
LOAD CMakeFiles/main.dir/usr/local/src/pi/pico/pico-sdk/src/rp2_common/pico_mem_ops/mem_ops_aeabi.S.obj
LOAD CMakeFiles/main.dir/usr/local/src/pi/pico/pico-sdk/src/rp2_common/pico_standard_link/crt0.S.obj
LOAD CMakeFiles/main.dir/usr/local/src/pi/pico/pico-sdk/src/rp2_common/pico_standard_link/new_delete.cpp.obj
LOAD CMakeFiles/main.dir/usr/local/src/pi/pico/pico-sdk/src/rp2_common/pico_standard_link/binary_info.c.obj
LOAD CMakeFiles/main.dir/usr/local/src/pi/pico/pico-sdk/src/rp2_common/pico_stdio/stdio.c.obj
LOAD CMakeFiles/main.dir/usr/local/src/pi/pico/pico-sdk/src/rp2_common/pico_stdio_uart/stdio_uart.c.obj
LOAD /tmp/ccnPXj5j.o
LOAD /usr/lib/gcc/arm-none-eabi/10.3.1/../../../arm-none-eabi/lib/thumb/v6-m/nofp/libstdc++.a
LOAD /usr/lib/gcc/arm-none-eabi/10.3.1/../../../arm-none-eabi/lib/thumb/v6-m/nofp/libm.a
START GROUP
LOAD /usr/lib/gcc/arm-none-eabi/10.3.1/thumb/v6-m/nofp/libgcc.a
LOAD /usr/lib/gcc/arm-none-eabi/10.3.1/../../../arm-none-eabi/lib/thumb/v6-m/nofp/libc.a
END GROUP
START GROUP
LOAD /usr/lib/gcc/arm-none-eabi/10.3.1/thumb/v6-m/nofp/libgcc.a
LOAD /usr/lib/gcc/arm-none-eabi/10.3.1/../../../arm-none-eabi/lib/thumb/v6-m/nofp/libc.a
LOAD /usr/lib/gcc/arm-none-eabi/10.3.1/../../../arm-none-eabi/lib/thumb/v6-m/nofp/libnosys.a
END GROUP
LOAD /usr/lib/gcc/arm-none-eabi/10.3.1/thumb/v6-m/nofp/crtend.o
LOAD /usr/lib/gcc/arm-none-eabi/10.3.1/thumb/v6-m/nofp/crtn.o
OUTPUT(main.elf elf32-littlearm)
LOAD linker stubs

.ARM.attributes
                0x0000000000000000       0x28
 .ARM.attributes
                0x0000000000000000       0x1e /usr/lib/gcc/arm-none-eabi/10.3.1/thumb/v6-m/nofp/crti.o
 .ARM.attributes
                0x000000000000001e       0x2c /usr/lib/gcc/arm-none-eabi/10.3.1/thumb/v6-m/nofp/crtbegin.o
 .ARM.attributes
                0x000000000000004a       0x2c CMakeFiles/main.dir/main.c.obj
 .ARM.attributes
                0x0000000000000076       0x2c CMakeFiles/main.dir/usr/local/src/pi/pico/pico-sdk/src/rp2_common/hardware_gpio/gpio.c.obj
 .ARM.attributes
                0x00000000000000a2       0x2c CMakeFiles/main.dir/usr/local/src/pi/pico/pico-sdk/src/rp2_common/hardware_claim/claim.c.obj
 .ARM.attributes
                0x00000000000000ce       0x2c CMakeFiles/main.dir/usr/local/src/pi/pico/pico-sdk/src/rp2_common/pico_platform/platform.c.obj
 .ARM.attributes
                0x00000000000000fa       0x2c CMakeFiles/main.dir/usr/local/src/pi/pico/pico-sdk/src/rp2_common/hardware_sync/sync.c.obj
 .ARM.attributes
                0x0000000000000126       0x2c CMakeFiles/main.dir/usr/local/src/pi/pico/pico-sdk/src/rp2_common/hardware_irq/irq.c.obj
 .ARM.attributes
                0x0000000000000152       0x22 CMakeFiles/main.dir/usr/local/src/pi/pico/pico-sdk/src/rp2_common/hardware_irq/irq_handler_chain.S.obj
 .ARM.attributes
                0x0000000000000174       0x2c CMakeFiles/main.dir/usr/local/src/pi/pico/pico-sdk/src/common/pico_sync/lock_core.c.obj
 .ARM.attributes
                0x00000000000001a0       0x2c CMakeFiles/main.dir/usr/local/src/pi/pico/pico-sdk/src/common/pico_time/time.c.obj
 .ARM.attributes
                0x00000000000001cc       0x2c CMakeFiles/main.dir/usr/local/src/pi/pico/pico-sdk/src/rp2_common/hardware_timer/timer.c.obj
 .ARM.attributes
                0x00000000000001f8       0x2c CMakeFiles/main.dir/usr/local/src/pi/pico/pico-sdk/src/common/pico_util/pheap.c.obj
 .ARM.attributes
                0x0000000000000224       0x2c CMakeFiles/main.dir/usr/local/src/pi/pico/pico-sdk/src/common/pico_sync/mutex.c.obj
 .ARM.attributes
                0x0000000000000250       0x2c CMakeFiles/main.dir/usr/local/src/pi/pico/pico-sdk/src/rp2_common/hardware_uart/uart.c.obj
 .ARM.attributes
                0x000000000000027c       0x2c CMakeFiles/main.dir/usr/local/src/pi/pico/pico-sdk/src/rp2_common/pico_runtime/runtime.c.obj
 .ARM.attributes
                0x00000000000002a8       0x2c CMakeFiles/main.dir/usr/local/src/pi/pico/pico-sdk/src/rp2_common/hardware_clocks/clocks.c.obj
 .ARM.attributes
                0x00000000000002d4       0x2c CMakeFiles/main.dir/usr/local/src/pi/pico/pico-sdk/src/rp2_common/hardware_pll/pll.c.obj
 .ARM.attributes
                0x0000000000000300       0x2c CMakeFiles/main.dir/usr/local/src/pi/pico/pico-sdk/src/rp2_common/hardware_watchdog/watchdog.c.obj
 .ARM.attributes
                0x000000000000032c       0x2c CMakeFiles/main.dir/usr/local/src/pi/pico/pico-sdk/src/rp2_common/hardware_xosc/xosc.c.obj
 .ARM.attributes
                0x0000000000000358       0x2c CMakeFiles/main.dir/usr/local/src/pi/pico/pico-sdk/src/rp2_common/pico_printf/printf.c.obj
 .ARM.attributes
                0x0000000000000384       0x22 CMakeFiles/main.dir/usr/local/src/pi/pico/pico-sdk/src/rp2_common/pico_bit_ops/bit_ops_aeabi.S.obj
 .ARM.attributes
                0x00000000000003a6       0x2c CMakeFiles/main.dir/usr/local/src/pi/pico/pico-sdk/src/rp2_common/pico_bootrom/bootrom.c.obj
 .ARM.attributes
                0x00000000000003d2       0x22 CMakeFiles/main.dir/usr/local/src/pi/pico/pico-sdk/src/rp2_common/pico_divider/divider.S.obj
 .ARM.attributes
                0x00000000000003f4       0x22 CMakeFiles/main.dir/usr/local/src/pi/pico/pico-sdk/src/rp2_common/pico_double/double_aeabi.S.obj
 .ARM.attributes
                0x0000000000000416       0x2c CMakeFiles/main.dir/usr/local/src/pi/pico/pico-sdk/src/rp2_common/pico_double/double_init_rom.c.obj
 .ARM.attributes
                0x0000000000000442       0x22 CMakeFiles/main.dir/usr/local/src/pi/pico/pico-sdk/src/rp2_common/pico_double/double_v1_rom_shim.S.obj
 .ARM.attributes
                0x0000000000000464       0x22 CMakeFiles/main.dir/usr/local/src/pi/pico/pico-sdk/src/rp2_common/pico_int64_ops/pico_int64_ops_aeabi.S.obj
 .ARM.attributes
                0x0000000000000486       0x22 CMakeFiles/main.dir/usr/local/src/pi/pico/pico-sdk/src/rp2_common/pico_float/float_aeabi.S.obj
 .ARM.attributes
                0x00000000000004a8       0x2c CMakeFiles/main.dir/usr/local/src/pi/pico/pico-sdk/src/rp2_common/pico_float/float_init_rom.c.obj
 .ARM.attributes
                0x00000000000004d4       0x22 CMakeFiles/main.dir/usr/local/src/pi/pico/pico-sdk/src/rp2_common/pico_float/float_v1_rom_shim.S.obj
 .ARM.attributes
                0x00000000000004f6       0x22 CMakeFiles/main.dir/usr/local/src/pi/pico/pico-sdk/src/rp2_common/pico_mem_ops/mem_ops_aeabi.S.obj
 .ARM.attributes
                0x0000000000000518       0x22 CMakeFiles/main.dir/usr/local/src/pi/pico/pico-sdk/src/rp2_common/pico_standard_link/crt0.S.obj
 .ARM.attributes
                0x000000000000053a       0x32 CMakeFiles/main.dir/usr/local/src/pi/pico/pico-sdk/src/rp2_common/pico_standard_link/binary_info.c.obj
 .ARM.attributes
                0x000000000000056c       0x2c CMakeFiles/main.dir/usr/local/src/pi/pico/pico-sdk/src/rp2_common/pico_stdio/stdio.c.obj
 .ARM.attributes
                0x0000000000000598       0x2c CMakeFiles/main.dir/usr/local/src/pi/pico/pico-sdk/src/rp2_common/pico_stdio_uart/stdio_uart.c.obj
 .ARM.attributes
                0x00000000000005c4       0x22 /tmp/ccnPXj5j.o
 .ARM.attributes
                0x00000000000005e6       0x1e /usr/lib/gcc/arm-none-eabi/10.3.1/thumb/v6-m/nofp/libgcc.a(_dvmd_tls.o)
 .ARM.attributes
                0x0000000000000604       0x2c /usr/lib/gcc/arm-none-eabi/10.3.1/../../../arm-none-eabi/lib/thumb/v6-m/nofp/libc.a(lib_a-callocr.o)
 .ARM.attributes
                0x0000000000000630       0x2c /usr/lib/gcc/arm-none-eabi/10.3.1/../../../arm-none-eabi/lib/thumb/v6-m/nofp/libc.a(lib_a-impure.o)
 .ARM.attributes
                0x000000000000065c       0x2c /usr/lib/gcc/arm-none-eabi/10.3.1/../../../arm-none-eabi/lib/thumb/v6-m/nofp/libc.a(lib_a-mallocr.o)
 .ARM.attributes
                0x0000000000000688       0x2c /usr/lib/gcc/arm-none-eabi/10.3.1/../../../arm-none-eabi/lib/thumb/v6-m/nofp/libc.a(lib_a-mlock.o)
 .ARM.attributes
                0x00000000000006b4       0x2c /usr/lib/gcc/arm-none-eabi/10.3.1/../../../arm-none-eabi/lib/thumb/v6-m/nofp/libc.a(lib_a-reallocr.o)
 .ARM.attributes
                0x00000000000006e0       0x2c /usr/lib/gcc/arm-none-eabi/10.3.1/../../../arm-none-eabi/lib/thumb/v6-m/nofp/libc.a(lib_a-sbrkr.o)
 .ARM.attributes
                0x000000000000070c       0x2c /usr/lib/gcc/arm-none-eabi/10.3.1/../../../arm-none-eabi/lib/thumb/v6-m/nofp/libc.a(lib_a-scanf.o)
 .ARM.attributes
                0x0000000000000738       0x2c /usr/lib/gcc/arm-none-eabi/10.3.1/../../../arm-none-eabi/lib/thumb/v6-m/nofp/libc.a(lib_a-strlen-stub.o)
 .ARM.attributes
                0x0000000000000764       0x2c /usr/lib/gcc/arm-none-eabi/10.3.1/../../../arm-none-eabi/lib/thumb/v6-m/nofp/libc.a(lib_a-vfscanf.o)
 .ARM.attributes
                0x0000000000000790       0x2c /usr/lib/gcc/arm-none-eabi/10.3.1/../../../arm-none-eabi/lib/thumb/v6-m/nofp/libc.a(lib_a-ctype_.o)
 .ARM.attributes
                0x00000000000007bc       0x2c /usr/lib/gcc/arm-none-eabi/10.3.1/../../../arm-none-eabi/lib/thumb/v6-m/nofp/libc.a(lib_a-findfp.o)
 .ARM.attributes
                0x00000000000007e8       0x2c /usr/lib/gcc/arm-none-eabi/10.3.1/../../../arm-none-eabi/lib/thumb/v6-m/nofp/libc.a(lib_a-fread.o)
 .ARM.attributes
                0x0000000000000814       0x2c /usr/lib/gcc/arm-none-eabi/10.3.1/../../../arm-none-eabi/lib/thumb/v6-m/nofp/libc.a(lib_a-freer.o)
 .ARM.attributes
                0x0000000000000840       0x2c /usr/lib/gcc/arm-none-eabi/10.3.1/../../../arm-none-eabi/lib/thumb/v6-m/nofp/libc.a(lib_a-fwalk.o)
 .ARM.attributes
                0x000000000000086c       0x2c /usr/lib/gcc/arm-none-eabi/10.3.1/../../../arm-none-eabi/lib/thumb/v6-m/nofp/libc.a(lib_a-iswspace.o)
 .ARM.attributes
                0x0000000000000898       0x2c /usr/lib/gcc/arm-none-eabi/10.3.1/../../../arm-none-eabi/lib/thumb/v6-m/nofp/libc.a(lib_a-iswspace_l.o)
 .ARM.attributes
                0x00000000000008c4       0x2c /usr/lib/gcc/arm-none-eabi/10.3.1/../../../arm-none-eabi/lib/thumb/v6-m/nofp/libc.a(lib_a-locale.o)
 .ARM.attributes
                0x00000000000008f0       0x2c /usr/lib/gcc/arm-none-eabi/10.3.1/../../../arm-none-eabi/lib/thumb/v6-m/nofp/libc.a(lib_a-localeconv.o)
 .ARM.attributes
                0x000000000000091c       0x2c /usr/lib/gcc/arm-none-eabi/10.3.1/../../../arm-none-eabi/lib/thumb/v6-m/nofp/libc.a(lib_a-mbrtowc.o)
 .ARM.attributes
                0x0000000000000948       0x2c /usr/lib/gcc/arm-none-eabi/10.3.1/../../../arm-none-eabi/lib/thumb/v6-m/nofp/libc.a(lib_a-mbtowc_r.o)
 .ARM.attributes
                0x0000000000000974       0x2c /usr/lib/gcc/arm-none-eabi/10.3.1/../../../arm-none-eabi/lib/thumb/v6-m/nofp/libc.a(lib_a-memmove.o)
 .ARM.attributes
                0x00000000000009a0       0x2c /usr/lib/gcc/arm-none-eabi/10.3.1/../../../arm-none-eabi/lib/thumb/v6-m/nofp/libc.a(lib_a-reent.o)
 .ARM.attributes
                0x00000000000009cc       0x2c /usr/lib/gcc/arm-none-eabi/10.3.1/../../../arm-none-eabi/lib/thumb/v6-m/nofp/libc.a(lib_a-refill.o)
 .ARM.attributes
                0x00000000000009f8       0x2c /usr/lib/gcc/arm-none-eabi/10.3.1/../../../arm-none-eabi/lib/thumb/v6-m/nofp/libc.a(lib_a-sccl.o)
 .ARM.attributes
                0x0000000000000a24       0x2c /usr/lib/gcc/arm-none-eabi/10.3.1/../../../arm-none-eabi/lib/thumb/v6-m/nofp/libc.a(lib_a-sf_nan.o)
 .ARM.attributes
                0x0000000000000a50       0x2c /usr/lib/gcc/arm-none-eabi/10.3.1/../../../arm-none-eabi/lib/thumb/v6-m/nofp/libc.a(lib_a-stdio.o)
 .ARM.attributes
                0x0000000000000a7c       0x1b /usr/lib/gcc/arm-none-eabi/10.3.1/../../../arm-none-eabi/lib/thumb/v6-m/nofp/libc.a(lib_a-strcmp.o)
 .ARM.attributes
                0x0000000000000a97       0x2c /usr/lib/gcc/arm-none-eabi/10.3.1/../../../arm-none-eabi/lib/thumb/v6-m/nofp/libc.a(lib_a-strtod.o)
 .ARM.attributes
                0x0000000000000ac3       0x2c /usr/lib/gcc/arm-none-eabi/10.3.1/../../../arm-none-eabi/lib/thumb/v6-m/nofp/libc.a(lib_a-strtol.o)
 .ARM.attributes
                0x0000000000000aef       0x2c /usr/lib/gcc/arm-none-eabi/10.3.1/../../../arm-none-eabi/lib/thumb/v6-m/nofp/libc.a(lib_a-strtoll.o)
 .ARM.attributes
                0x0000000000000b1b       0x2c /usr/lib/gcc/arm-none-eabi/10.3.1/../../../arm-none-eabi/lib/thumb/v6-m/nofp/libc.a(lib_a-strtoul.o)
 .ARM.attributes
                0x0000000000000b47       0x2c /usr/lib/gcc/arm-none-eabi/10.3.1/../../../arm-none-eabi/lib/thumb/v6-m/nofp/libc.a(lib_a-strtoull.o)
 .ARM.attributes
                0x0000000000000b73       0x2c /usr/lib/gcc/arm-none-eabi/10.3.1/../../../arm-none-eabi/lib/thumb/v6-m/nofp/libc.a(lib_a-ungetc.o)
 .ARM.attributes
                0x0000000000000b9f       0x2c /usr/lib/gcc/arm-none-eabi/10.3.1/../../../arm-none-eabi/lib/thumb/v6-m/nofp/libc.a(lib_a-wctomb_r.o)
 .ARM.attributes
                0x0000000000000bcb       0x2c /usr/lib/gcc/arm-none-eabi/10.3.1/../../../arm-none-eabi/lib/thumb/v6-m/nofp/libc.a(lib_a-writer.o)
 .ARM.attributes
                0x0000000000000bf7       0x2c /usr/lib/gcc/arm-none-eabi/10.3.1/../../../arm-none-eabi/lib/thumb/v6-m/nofp/libc.a(lib_a-closer.o)
 .ARM.attributes
                0x0000000000000c23       0x2c /usr/lib/gcc/arm-none-eabi/10.3.1/../../../arm-none-eabi/lib/thumb/v6-m/nofp/libc.a(lib_a-errno.o)
 .ARM.attributes
                0x0000000000000c4f       0x2c /usr/lib/gcc/arm-none-eabi/10.3.1/../../../arm-none-eabi/lib/thumb/v6-m/nofp/libc.a(lib_a-fclose.o)
 .ARM.attributes
                0x0000000000000c7b       0x2c /usr/lib/gcc/arm-none-eabi/10.3.1/../../../arm-none-eabi/lib/thumb/v6-m/nofp/libc.a(lib_a-fflush.o)
 .ARM.attributes
                0x0000000000000ca7       0x2c /usr/lib/gcc/arm-none-eabi/10.3.1/../../../arm-none-eabi/lib/thumb/v6-m/nofp/libc.a(lib_a-gdtoa-gethex.o)
 .ARM.attributes
                0x0000000000000cd3       0x2c /usr/lib/gcc/arm-none-eabi/10.3.1/../../../arm-none-eabi/lib/thumb/v6-m/nofp/libc.a(lib_a-gdtoa-hexnan.o)
 .ARM.attributes
                0x0000000000000cff       0x2c /usr/lib/gcc/arm-none-eabi/10.3.1/../../../arm-none-eabi/lib/thumb/v6-m/nofp/libc.a(lib_a-lnumeric.o)
 .ARM.attributes
                0x0000000000000d2b       0x2c /usr/lib/gcc/arm-none-eabi/10.3.1/../../../arm-none-eabi/lib/thumb/v6-m/nofp/libc.a(lib_a-lseekr.o)
 .ARM.attributes
                0x0000000000000d57       0x2c /usr/lib/gcc/arm-none-eabi/10.3.1/../../../arm-none-eabi/lib/thumb/v6-m/nofp/libc.a(lib_a-makebuf.o)
 .ARM.attributes
                0x0000000000000d83       0x2c /usr/lib/gcc/arm-none-eabi/10.3.1/../../../arm-none-eabi/lib/thumb/v6-m/nofp/libc.a(lib_a-mprec.o)
 .ARM.attributes
                0x0000000000000daf       0x2c /usr/lib/gcc/arm-none-eabi/10.3.1/../../../arm-none-eabi/lib/thumb/v6-m/nofp/libc.a(lib_a-readr.o)
 .ARM.attributes
                0x0000000000000ddb       0x2c /usr/lib/gcc/arm-none-eabi/10.3.1/../../../arm-none-eabi/lib/thumb/v6-m/nofp/libc.a(lib_a-s_nan.o)
 .ARM.attributes
                0x0000000000000e07       0x2c /usr/lib/gcc/arm-none-eabi/10.3.1/../../../arm-none-eabi/lib/thumb/v6-m/nofp/libc.a(lib_a-strncmp.o)
 .ARM.attributes
                0x0000000000000e33       0x2c /usr/lib/gcc/arm-none-eabi/10.3.1/../../../arm-none-eabi/lib/thumb/v6-m/nofp/libc.a(lib_a-fstatr.o)
 .ARM.attributes
                0x0000000000000e5f       0x2c /usr/lib/gcc/arm-none-eabi/10.3.1/../../../arm-none-eabi/lib/thumb/v6-m/nofp/libc.a(lib_a-isattyr.o)
 .ARM.attributes
                0x0000000000000e8b       0x2c /usr/lib/gcc/arm-none-eabi/10.3.1/../../../arm-none-eabi/lib/thumb/v6-m/nofp/libnosys.a(close.o)
 .ARM.attributes
                0x0000000000000eb7       0x2c /usr/lib/gcc/arm-none-eabi/10.3.1/../../../arm-none-eabi/lib/thumb/v6-m/nofp/libnosys.a(fstat.o)
 .ARM.attributes
                0x0000000000000ee3       0x2c /usr/lib/gcc/arm-none-eabi/10.3.1/../../../arm-none-eabi/lib/thumb/v6-m/nofp/libnosys.a(isatty.o)
 .ARM.attributes
                0x0000000000000f0f       0x2c /usr/lib/gcc/arm-none-eabi/10.3.1/../../../arm-none-eabi/lib/thumb/v6-m/nofp/libnosys.a(lseek.o)
 .ARM.attributes
                0x0000000000000f3b       0x2c /usr/lib/gcc/arm-none-eabi/10.3.1/thumb/v6-m/nofp/crtend.o

.comment        0x0000000000000000       0x33
 .comment       0x0000000000000000       0x33 /usr/lib/gcc/arm-none-eabi/10.3.1/thumb/v6-m/nofp/crtbegin.o
                                         0x34 (size before relaxing)
 .comment       0x0000000000000033       0x34 CMakeFiles/main.dir/main.c.obj
 .comment       0x0000000000000033       0x34 CMakeFiles/main.dir/usr/local/src/pi/pico/pico-sdk/src/rp2_common/hardware_gpio/gpio.c.obj
 .comment       0x0000000000000033       0x34 CMakeFiles/main.dir/usr/local/src/pi/pico/pico-sdk/src/rp2_common/hardware_claim/claim.c.obj
 .comment       0x0000000000000033       0x34 CMakeFiles/main.dir/usr/local/src/pi/pico/pico-sdk/src/rp2_common/pico_platform/platform.c.obj
 .comment       0x0000000000000033       0x34 CMakeFiles/main.dir/usr/local/src/pi/pico/pico-sdk/src/rp2_common/hardware_sync/sync.c.obj
 .comment       0x0000000000000033       0x34 CMakeFiles/main.dir/usr/local/src/pi/pico/pico-sdk/src/rp2_common/hardware_irq/irq.c.obj
 .comment       0x0000000000000033       0x34 CMakeFiles/main.dir/usr/local/src/pi/pico/pico-sdk/src/common/pico_sync/lock_core.c.obj
 .comment       0x0000000000000033       0x34 CMakeFiles/main.dir/usr/local/src/pi/pico/pico-sdk/src/common/pico_time/time.c.obj
 .comment       0x0000000000000033       0x34 CMakeFiles/main.dir/usr/local/src/pi/pico/pico-sdk/src/rp2_common/hardware_timer/timer.c.obj