Archive member included to satisfy reference by file (symbol)

/usr/lib/gcc/arm-none-eabi/10.3.1/thumb/v6-m/nofp/libgcc.a(_dvmd_tls.o)
                              CMakeFiles/main.dir/usr/local/src/pi/pico/pico-sdk/src/rp2_common/pico_divider/divider.S.obj (__aeabi_idiv0)
/usr/lib/gcc/arm-none-eabi/10.3.1/../../../arm-none-eabi/lib/thumb/v6-m/nofp/libc.a(lib_a-atexit.o)
                              /usr/lib/gcc/arm-none-eabi/10.3.1/../../../arm-none-eabi/lib/thumb/v6-m/nofp/crt0.o (atexit)
/usr/lib/gcc/arm-none-eabi/10.3.1/../../../arm-none-eabi/lib/thumb/v6-m/nofp/libc.a(lib_a-calloc.o)
                              CMakeFiles/main.dir/usr/local/src/pi/pico/pico-sdk/src/rp2_common/pico_malloc/pico_malloc.c.obj (calloc)
/usr/lib/gcc/arm-none-eabi/10.3.1/../../../arm-none-eabi/lib/thumb/v6-m/nofp/libc.a(lib_a-callocr.o)
                              /usr/lib/gcc/arm-none-eabi/10.3.1/../../../arm-none-eabi/lib/thumb/v6-m/nofp/libc.a(lib_a-calloc.o) (_calloc_r)
/usr/lib/gcc/arm-none-eabi/10.3.1/../../../arm-none-eabi/lib/thumb/v6-m/nofp/libc.a(lib_a-fini.o)
                              /usr/lib/gcc/arm-none-eabi/10.3.1/../../../arm-none-eabi/lib/thumb/v6-m/nofp/crt0.o (__libc_fini_array)
/usr/lib/gcc/arm-none-eabi/10.3.1/../../../arm-none-eabi/lib/thumb/v6-m/nofp/libc.a(lib_a-impure.o)
                              /usr/lib/gcc/arm-none-eabi/10.3.1/../../../arm-none-eabi/lib/thumb/v6-m/nofp/libc.a(lib_a-calloc.o) (_impure_ptr)
/usr/lib/gcc/arm-none-eabi/10.3.1/../../../arm-none-eabi/lib/thumb/v6-m/nofp/libc.a(lib_a-init.o)
                              /usr/lib/gcc/arm-none-eabi/10.3.1/../../../arm-none-eabi/lib/thumb/v6-m/nofp/crt0.o (__libc_init_array)
/usr/lib/gcc/arm-none-eabi/10.3.1/../../../arm-none-eabi/lib/thumb/v6-m/nofp/libc.a(lib_a-malloc.o)
                              CMakeFiles/main.dir/usr/local/src/pi/pico/pico-sdk/src/rp2_common/pico_malloc/pico_malloc.c.obj (malloc)
/usr/lib/gcc/arm-none-eabi/10.3.1/../../../arm-none-eabi/lib/thumb/v6-m/nofp/libc.a(lib_a-mallocr.o)
                              /usr/lib/gcc/arm-none-eabi/10.3.1/../../../arm-none-eabi/lib/thumb/v6-m/nofp/libc.a(lib_a-callocr.o) (_malloc_r)
/usr/lib/gcc/arm-none-eabi/10.3.1/../../../arm-none-eabi/lib/thumb/v6-m/nofp/libc.a(lib_a-mlock.o)
                              /usr/lib/gcc/arm-none-eabi/10.3.1/../../../arm-none-eabi/lib/thumb/v6-m/nofp/libc.a(lib_a-mallocr.o) (__malloc_lock)
/usr/lib/gcc/arm-none-eabi/10.3.1/../../../arm-none-eabi/lib/thumb/v6-m/nofp/libc.a(lib_a-realloc.o)
                              CMakeFiles/main.dir/usr/local/src/pi/pico/pico-sdk/src/rp2_common/pico_malloc/pico_malloc.c.obj (realloc)
/usr/lib/gcc/arm-none-eabi/10.3.1/../../../arm-none-eabi/lib/thumb/v6-m/nofp/libc.a(lib_a-reallocr.o)
                              /usr/lib/gcc/arm-none-eabi/10.3.1/../../../arm-none-eabi/lib/thumb/v6-m/nofp/libc.a(lib_a-realloc.o) (_realloc_r)
/usr/lib/gcc/arm-none-eabi/10.3.1/../../../arm-none-eabi/lib/thumb/v6-m/nofp/libc.a(lib_a-sbrkr.o)
                              /usr/lib/gcc/arm-none-eabi/10.3.1/../../../arm-none-eabi/lib/thumb/v6-m/nofp/libc.a(lib_a-mallocr.o) (_sbrk_r)
/usr/lib/gcc/arm-none-eabi/10.3.1/../../../arm-none-eabi/lib/thumb/v6-m/nofp/libc.a(lib_a-scanf.o)
                              CMakeFiles/main.dir/main.c.obj (scanf)
/usr/lib/gcc/arm-none-eabi/10.3.1/../../../arm-none-eabi/lib/thumb/v6-m/nofp/libc.a(lib_a-strlen-stub.o)
                              CMakeFiles/main.dir/usr/local/src/pi/pico/pico-sdk/src/rp2_common/pico_stdio/stdio.c.obj (strlen)
/usr/lib/gcc/arm-none-eabi/10.3.1/../../../arm-none-eabi/lib/thumb/v6-m/nofp/libc.a(lib_a-vfscanf.o)
                              /usr/lib/gcc/arm-none-eabi/10.3.1/../../../arm-none-eabi/lib/thumb/v6-m/nofp/libc.a(lib_a-scanf.o) (_vfscanf_r)
/usr/lib/gcc/arm-none-eabi/10.3.1/../../../arm-none-eabi/lib/thumb/v6-m/nofp/libc.a(lib_a-__atexit.o)
                              /usr/lib/gcc/arm-none-eabi/10.3.1/../../../arm-none-eabi/lib/thumb/v6-m/nofp/libc.a(lib_a-atexit.o) (__register_exitproc)
/usr/lib/gcc/arm-none-eabi/10.3.1/../../../arm-none-eabi/lib/thumb/v6-m/nofp/libc.a(lib_a-ctype_.o)
                              /usr/lib/gcc/arm-none-eabi/10.3.1/../../../arm-none-eabi/lib/thumb/v6-m/nofp/libc.a(lib_a-vfscanf.o) (_ctype_)
/usr/lib/gcc/arm-none-eabi/10.3.1/../../../arm-none-eabi/lib/thumb/v6-m/nofp/libc.a(lib_a-findfp.o)
                              /usr/lib/gcc/arm-none-eabi/10.3.1/../../../arm-none-eabi/lib/thumb/v6-m/nofp/libc.a(lib_a-vfscanf.o) (__sinit)
/usr/lib/gcc/arm-none-eabi/10.3.1/../../../arm-none-eabi/lib/thumb/v6-m/nofp/libc.a(lib_a-fread.o)
                              /usr/lib/gcc/arm-none-eabi/10.3.1/../../../arm-none-eabi/lib/thumb/v6-m/nofp/libc.a(lib_a-vfscanf.o) (_fread_r)
/usr/lib/gcc/arm-none-eabi/10.3.1/../../../arm-none-eabi/lib/thumb/v6-m/nofp/libc.a(lib_a-freer.o)
                              /usr/lib/gcc/arm-none-eabi/10.3.1/../../../arm-none-eabi/lib/thumb/v6-m/nofp/libc.a(lib_a-malloc.o) (_free_r)
[...]
Memory Configuration

Name             Origin             Length             Attributes
FLASH            0x0000000010000000 0x0000000000200000 xr
RAM              0x0000000020000000 0x0000000000040000 xrw
SCRATCH_X        0x0000000020040000 0x0000000000001000 xrw
SCRATCH_Y        0x0000000020041000 0x0000000000001000 xrw
*default*        0x0000000000000000 0xffffffffffffffff

Linker script and memory map

LOAD /usr/lib/gcc/arm-none-eabi/10.3.1/thumb/v6-m/nofp/crti.o
LOAD /usr/lib/gcc/arm-none-eabi/10.3.1/thumb/v6-m/nofp/crtbegin.o
LOAD /usr/lib/gcc/arm-none-eabi/10.3.1/../../../arm-none-eabi/lib/thumb/v6-m/nofp/crt0.o

.flash_begin    0x0000000010000000        0x0
                0x0000000010000000                __flash_binary_start = .

.boot2          0x0000000010000000      0x100
                0x0000000010000000                __boot2_start__ = .
 *(.boot2)
 .boot2         0x0000000010000000      0x100 /tmp/ccio0uHP.o
                0x0000000010000100                __boot2_end__ = .
                0x0000000000000001                ASSERT (((__boot2_end__ - __boot2_start__) == 0x100), ERROR: Pico second stage bootloader must be 256 bytes in size)

.text           0x0000000010000100     0x9ac8
                0x0000000010000100                __logical_binary_start = .
 *(.vectors)
 .vectors       0x0000000010000100       0xd4 CMakeFiles/main.dir/usr/local/src/pi/pico/pico-sdk/src/rp2_common/pico_standard_link/crt0.S.obj
                0x0000000010000100                __vectors
                0x0000000010000100                __VECTOR_TABLE
                0x00000000100001c0                isr_invalid
                0x00000000100001c0                __default_isrs_start
                0x00000000100001c2                isr_nmi
                0x00000000100001c4                isr_hardfault
                0x00000000100001c6                isr_svcall
                0x00000000100001c8                isr_pendsv
                0x00000000100001ca                isr_systick
                0x00000000100001cc                isr_irq30
                0x00000000100001cc                __unhandled_user_irq
                0x00000000100001cc                isr_irq13
                0x00000000100001cc                isr_irq27
                0x00000000100001cc                isr_irq31
                0x00000000100001cc                isr_irq5
                0x00000000100001cc                isr_irq11
                0x00000000100001cc                isr_irq23
                0x00000000100001cc                isr_irq18
                0x00000000100001cc                isr_irq28
                0x00000000100001cc                isr_irq19
                0x00000000100001cc                isr_irq0
                0x00000000100001cc                isr_irq6
                0x00000000100001cc                isr_irq22
                0x00000000100001cc                isr_irq17
                0x00000000100001cc                isr_irq14
                0x00000000100001cc                isr_irq2
                0x00000000100001cc                isr_irq10
                0x00000000100001cc                isr_irq8
                0x00000000100001cc                isr_irq24
                0x00000000100001cc                isr_irq1
                0x00000000100001cc                isr_irq7
                0x00000000100001cc                isr_irq21
                0x00000000100001cc                isr_irq20
                0x00000000100001cc                isr_irq15
                0x00000000100001cc                isr_irq25
                0x00000000100001cc                isr_irq4
                0x00000000100001cc                isr_irq16
                0x00000000100001cc                isr_irq29
                0x00000000100001cc                isr_irq26
                0x00000000100001cc                __default_isrs_end
                0x00000000100001cc                isr_irq3
                0x00000000100001cc                isr_irq12
                0x00000000100001cc                isr_irq9
                0x00000000100001d2                unhandled_user_irq_num_in_r0
 *(.binary_info_header)
 .binary_info_header
                0x00000000100001d4       0x14 CMakeFiles/main.dir/usr/local/src/pi/pico/pico-sdk/src/rp2_common/pico_standard_link/crt0.S.obj
                0x00000000100001e8                __binary_info_header_end = .
 *(.reset)
 .reset         0x00000000100001e8       0xa8 CMakeFiles/main.dir/usr/local/src/pi/pico/pico-sdk/src/rp2_common/pico_standard_link/crt0.S.obj
                0x00000000100001e8                _entry_point
                0x0000000010000266                __get_current_exception
 .reset         0x0000000010000290       0x30 CMakeFiles/main.dir/usr/local/src/pi/pico/pico-sdk/src/rp2_common/pico_standard_link/binary_info.c.obj
 *(.init)
 .init          0x00000000100002c0        0x4 /usr/lib/gcc/arm-none-eabi/10.3.1/thumb/v6-m/nofp/crti.o
                0x00000000100002c0                _init
 *(EXCLUDE_FILE(*libm.a: *libc.a:*lib_a-mem*.o *libgcc.a:) .text*)
 .text          0x00000000100002c4       0x98 /usr/lib/gcc/arm-none-eabi/10.3.1/thumb/v6-m/nofp/crtbegin.o
 .text.startup.main
                0x000000001000035c       0xa0 CMakeFiles/main.dir/main.c.obj
                0x000000001000035c                main
 .text.gpio_set_function
                0x00000000100003fc       0x30 CMakeFiles/main.dir/usr/local/src/pi/pico/pico-sdk/src/rp2_common/hardware_gpio/gpio.c.obj
                0x00000000100003fc                gpio_set_function
 .text.gpio_init
                0x000000001000042c       0x3c CMakeFiles/main.dir/usr/local/src/pi/pico/pico-sdk/src/rp2_common/hardware_gpio/gpio.c.obj
                0x000000001000042c                gpio_init
 .text.hw_claim_or_assert
                0x0000000010000468       0x44 CMakeFiles/main.dir/usr/local/src/pi/pico/pico-sdk/src/rp2_common/hardware_claim/claim.c.obj
                0x0000000010000468                hw_claim_or_assert
 .text.running_on_fpga
                0x00000000100004ac       0x10 CMakeFiles/main.dir/usr/local/src/pi/pico/pico-sdk/src/rp2_common/pico_platform/platform.c.obj
                0x00000000100004ac                running_on_fpga
 .text.spin_locks_reset
                0x00000000100004bc       0x1c CMakeFiles/main.dir/usr/local/src/pi/pico/pico-sdk/src/rp2_common/hardware_sync/sync.c.obj
                0x00000000100004bc                spin_locks_reset
 .text.next_striped_spin_lock_num
                0x00000000100004d8       0x18 CMakeFiles/main.dir/usr/local/src/pi/pico/pico-sdk/src/rp2_common/hardware_sync/sync.c.obj
                0x00000000100004d8                next_striped_spin_lock_num
 .text.irq_set_enabled
                0x00000000100004f0       0x24 CMakeFiles/main.dir/usr/local/src/pi/pico/pico-sdk/src/rp2_common/hardware_irq/irq.c.obj
                0x00000000100004f0                irq_set_enabled
 .text.irq_get_vtable_handler
                0x0000000010000514       0x10 CMakeFiles/main.dir/usr/local/src/pi/pico/pico-sdk/src/rp2_common/hardware_irq/irq.c.obj
                0x0000000010000514                irq_get_vtable_handler
 .text.irq_set_exclusive_handler
                0x0000000010000524       0x54 CMakeFiles/main.dir/usr/local/src/pi/pico/pico-sdk/src/rp2_common/hardware_irq/irq.c.obj
                0x0000000010000524                irq_set_exclusive_handler
 .text.irq_remove_handler
                0x0000000010000578      0x1b4 CMakeFiles/main.dir/usr/local/src/pi/pico/pico-sdk/src/rp2_common/hardware_irq/irq.c.obj
                0x0000000010000578                irq_remove_handler
 .text.irq_add_tail_to_free_list
                0x000000001000072c       0xb4 CMakeFiles/main.dir/usr/local/src/pi/pico/pico-sdk/src/rp2_common/hardware_irq/irq.c.obj
                0x000000001000072c                irq_add_tail_to_free_list
 .text.irq_init_priorities
                0x00000000100007e0       0x24 CMakeFiles/main.dir/usr/local/src/pi/pico/pico-sdk/src/rp2_common/hardware_irq/irq.c.obj
                0x00000000100007e0                irq_init_priorities
 .text.lock_init
                0x0000000010000804       0x10 CMakeFiles/main.dir/usr/local/src/pi/pico/pico-sdk/src/common/pico_sync/lock_core.c.obj
                0x0000000010000804                lock_init
 .text.timer_pool_entry_comparator
                0x0000000010000814       0x34 CMakeFiles/main.dir/usr/local/src/pi/pico/pico-sdk/src/common/pico_time/time.c.obj
                0x0000000010000814                timer_pool_entry_comparator
 .text.add_alarm_under_lock.isra.0
                0x0000000010000848      0x100 CMakeFiles/main.dir/usr/local/src/pi/pico/pico-sdk/src/common/pico_time/time.c.obj
 .text.alarm_pool_alarm_callback
                0x0000000010000948      0x1c8 CMakeFiles/main.dir/usr/local/src/pi/pico/pico-sdk/src/common/pico_time/time.c.obj
 .text.alarm_pool_init_default
                0x0000000010000b10       0x64 CMakeFiles/main.dir/usr/local/src/pi/pico/pico-sdk/src/common/pico_time/time.c.obj
                0x0000000010000b10                alarm_pool_init_default
 .text.hardware_alarm_irq_handler
                0x0000000010000b74       0xb8 CMakeFiles/main.dir/usr/local/src/pi/pico/pico-sdk/src/rp2_common/hardware_timer/timer.c.obj
 .text.hardware_alarm_claim
                0x0000000010000c2c       0x18 CMakeFiles/main.dir/usr/local/src/pi/pico/pico-sdk/src/rp2_common/hardware_timer/timer.c.obj
                0x0000000010000c2c                hardware_alarm_claim
 .text.time_us_64
                0x0000000010000c44       0x14 CMakeFiles/main.dir/usr/local/src/pi/pico/pico-sdk/src/rp2_common/hardware_timer/timer.c.obj
                0x0000000010000c44                time_us_64
 .text.busy_wait_us
                0x0000000010000c58       0x54 CMakeFiles/main.dir/usr/local/src/pi/pico/pico-sdk/src/rp2_common/hardware_timer/timer.c.obj
                0x0000000010000c58                busy_wait_us
 .text.hardware_alarm_set_callback
                0x0000000010000cac       0x8c CMakeFiles/main.dir/usr/local/src/pi/pico/pico-sdk/src/rp2_common/hardware_timer/timer.c.obj
                0x0000000010000cac                hardware_alarm_set_callback
 .text.hardware_alarm_set_target
                0x0000000010000d38       0xe0 CMakeFiles/main.dir/usr/local/src/pi/pico/pico-sdk/src/rp2_common/hardware_timer/timer.c.obj
                0x0000000010000d38                hardware_alarm_set_target
 .text.hardware_alarm_cancel
                0x0000000010000e18       0x3c CMakeFiles/main.dir/usr/local/src/pi/pico/pico-sdk/src/rp2_common/hardware_timer/timer.c.obj
                0x0000000010000e18                hardware_alarm_cancel
 .text.ph_merge_nodes
                0x0000000010000e54       0x68 CMakeFiles/main.dir/usr/local/src/pi/pico/pico-sdk/src/common/pico_util/pheap.c.obj
 .text.ph_post_alloc_init
                0x0000000010000ebc       0x3c CMakeFiles/main.dir/usr/local/src/pi/pico/pico-sdk/src/common/pico_util/pheap.c.obj
                0x0000000010000ebc                ph_post_alloc_init
 .text.ph_merge_two_pass
                0x0000000010000ef8       0x90 CMakeFiles/main.dir/usr/local/src/pi/pico/pico-sdk/src/common/pico_util/pheap.c.obj
                0x0000000010000ef8                ph_merge_two_pass
 .text.ph_remove_any_head
                0x0000000010000f88       0xf8 CMakeFiles/main.dir/usr/local/src/pi/pico/pico-sdk/src/common/pico_util/pheap.c.obj
 .text.ph_remove_head
                0x0000000010001080       0xfc CMakeFiles/main.dir/usr/local/src/pi/pico/pico-sdk/src/common/pico_util/pheap.c.obj
                0x0000000010001080                ph_remove_head
 .text.ph_remove_and_free_node
                0x000000001000117c       0x7c CMakeFiles/main.dir/usr/local/src/pi/pico/pico-sdk/src/common/pico_util/pheap.c.obj
                0x000000001000117c                ph_remove_and_free_node
 .text.mutex_init
                0x00000000100011f8       0x1c CMakeFiles/main.dir/usr/local/src/pi/pico/pico-sdk/src/common/pico_sync/mutex.c.obj
                0x00000000100011f8                mutex_init
 .text.recursive_mutex_init
                0x0000000010001214       0x1c CMakeFiles/main.dir/usr/local/src/pi/pico/pico-sdk/src/common/pico_sync/mutex.c.obj
                0x0000000010001214                recursive_mutex_init
 .text.uart_init
                0x0000000010001230       0xe0 CMakeFiles/main.dir/usr/local/src/pi/pico/pico-sdk/src/rp2_common/hardware_uart/uart.c.obj
                0x0000000010001230                uart_init
 .text.runtime_init
                0x0000000010001310       0xf0 CMakeFiles/main.dir/usr/local/src/pi/pico/pico-sdk/src/rp2_common/pico_runtime/runtime.c.obj
                0x0000000010001310                runtime_init
 .text._sbrk    0x0000000010001400       0x34 CMakeFiles/main.dir/usr/local/src/pi/pico/pico-sdk/src/rp2_common/pico_runtime/runtime.c.obj
                0x0000000010001400                _sbrk
 .text.exit     0x0000000010001434        0x4 CMakeFiles/main.dir/usr/local/src/pi/pico/pico-sdk/src/rp2_common/pico_runtime/runtime.c.obj
                0x0000000010001434                exit
 .text.__assert_func
                0x0000000010001438       0x34 CMakeFiles/main.dir/usr/local/src/pi/pico/pico-sdk/src/rp2_common/pico_runtime/runtime.c.obj
                0x0000000010001438                __assert_func
 .text.panic    0x000000001000146c       0x30 CMakeFiles/main.dir/usr/local/src/pi/pico/pico-sdk/src/rp2_common/pico_runtime/runtime.c.obj
                0x000000001000146c                panic
 .text.hard_assertion_failure
                0x000000001000149c        0xc CMakeFiles/main.dir/usr/local/src/pi/pico/pico-sdk/src/rp2_common/pico_runtime/runtime.c.obj
                0x000000001000149c                hard_assertion_failure
 .text.clocks_init
                0x00000000100014a8      0x2bc CMakeFiles/main.dir/usr/local/src/pi/pico/pico-sdk/src/rp2_common/hardware_clocks/clocks.c.obj
                0x00000000100014a8                clocks_init
 .text.clock_get_hz
                0x0000000010001764        0xc CMakeFiles/main.dir/usr/local/src/pi/pico/pico-sdk/src/rp2_common/hardware_clocks/clocks.c.obj
                0x0000000010001764                clock_get_hz
 .text.pll_init
                0x0000000010001770       0xb0 CMakeFiles/main.dir/usr/local/src/pi/pico/pico-sdk/src/rp2_common/hardware_pll/pll.c.obj
                0x0000000010001770                pll_init
 .text.watchdog_start_tick
                0x0000000010001820       0x10 CMakeFiles/main.dir/usr/local/src/pi/pico/pico-sdk/src/rp2_common/hardware_watchdog/watchdog.c.obj
                0x0000000010001820                watchdog_start_tick
 .text.xosc_init
                0x0000000010001830       0x28 CMakeFiles/main.dir/usr/local/src/pi/pico/pico-sdk/src/rp2_common/hardware_xosc/xosc.c.obj
                0x0000000010001830                xosc_init
 .text._out_buffer
                0x0000000010001858        0x8 CMakeFiles/main.dir/usr/local/src/pi/pico/pico-sdk/src/rp2_common/pico_printf/printf.c.obj
 .text._out_null
                0x0000000010001860        0x4 CMakeFiles/main.dir/usr/local/src/pi/pico/pico-sdk/src/rp2_common/pico_printf/printf.c.obj
 .text._out_rev
                0x0000000010001864       0x9c CMakeFiles/main.dir/usr/local/src/pi/pico/pico-sdk/src/rp2_common/pico_printf/printf.c.obj
 .text._ntoa_format
                0x0000000010001900      0x1cc CMakeFiles/main.dir/usr/local/src/pi/pico/pico-sdk/src/rp2_common/pico_printf/printf.c.obj
 .text._out_char
                0x0000000010001acc       0x10 CMakeFiles/main.dir/usr/local/src/pi/pico/pico-sdk/src/rp2_common/pico_printf/printf.c.obj
 .text._etoa    0x0000000010001adc      0x44c CMakeFiles/main.dir/usr/local/src/pi/pico/pico-sdk/src/rp2_common/pico_printf/printf.c.obj
 .text._ftoa    0x0000000010001f28      0x398 CMakeFiles/main.dir/usr/local/src/pi/pico/pico-sdk/src/rp2_common/pico_printf/printf.c.obj
 .text._vsnprintf
                0x00000000100022c0      0xb04 CMakeFiles/main.dir/usr/local/src/pi/pico/pico-sdk/src/rp2_common/pico_printf/printf.c.obj
 .text.__wrap_sprintf
                0x0000000010002dc4       0x28 CMakeFiles/main.dir/usr/local/src/pi/pico/pico-sdk/src/rp2_common/pico_printf/printf.c.obj
                0x0000000010002dc4                __wrap_sprintf
 .text.weak_raw_printf
                0x0000000010002dec       0x40 CMakeFiles/main.dir/usr/local/src/pi/pico/pico-sdk/src/rp2_common/pico_printf/printf.c.obj
                0x0000000010002dec                weak_raw_printf
 .text.weak_raw_vprintf
                0x0000000010002e2c       0x30 CMakeFiles/main.dir/usr/local/src/pi/pico/pico-sdk/src/rp2_common/pico_printf/printf.c.obj
                0x0000000010002e2c                weak_raw_vprintf
 .text          0x0000000010002e5c       0x10 CMakeFiles/main.dir/usr/local/src/pi/pico/pico-sdk/src/rp2_common/pico_bit_ops/bit_ops_aeabi.S.obj
 .text.rom_func_lookup
                0x0000000010002e6c       0x10 CMakeFiles/main.dir/usr/local/src/pi/pico/pico-sdk/src/rp2_common/pico_bootrom/bootrom.c.obj
                0x0000000010002e6c                rom_func_lookup
 .text.rom_data_lookup
                0x0000000010002e7c       0x10 CMakeFiles/main.dir/usr/local/src/pi/pico/pico-sdk/src/rp2_common/pico_bootrom/bootrom.c.obj
                0x0000000010002e7c                rom_data_lookup
 .text.rom_funcs_lookup
                0x0000000010002e8c       0x44 CMakeFiles/main.dir/usr/local/src/pi/pico/pico-sdk/src/rp2_common/pico_bootrom/bootrom.c.obj
                0x0000000010002e8c                rom_funcs_lookup
 .text.__wrap___aeabi_idiv
                0x0000000010002ed0       0x50 CMakeFiles/main.dir/usr/local/src/pi/pico/pico-sdk/src/rp2_common/pico_divider/divider.S.obj
                0x0000000010002ed0                __wrap___aeabi_idivmod
                0x0000000010002ed0                divmod_s32s32
                0x0000000010002ed0                div_s32s32
                0x0000000010002ed0                __wrap___aeabi_idiv
                0x0000000010002ed8                divmod_s32s32_unsafe
                0x0000000010002f04                divmod_s32s32_savestate
 .text.__wrap___aeabi_uidiv
                0x0000000010002f20       0x4c CMakeFiles/main.dir/usr/local/src/pi/pico/pico-sdk/src/rp2_common/pico_divider/divider.S.obj
                0x0000000010002f20                __wrap___aeabi_uidiv
                0x0000000010002f20                __wrap___aeabi_uidivmod
                0x0000000010002f20                div_u32u32
                0x0000000010002f20                divmod_u32u32
                0x0000000010002f28                divmod_u32u32_unsafe
                0x0000000010002f50                divmod_u32u32_savestate
 .text.__wrap___aeabi_ldiv
                0x0000000010002f6c      0x434 CMakeFiles/main.dir/usr/local/src/pi/pico/pico-sdk/src/rp2_common/pico_divider/divider.S.obj
                0x0000000010002f6c                div_s64s64
                0x0000000010002f6c                divmod_s64s64
                0x0000000010002f6c                __wrap___aeabi_ldivmod
                0x0000000010002fa4                div_u64u64
                0x0000000010002fa4                divmod_u64u64
                0x0000000010002fa4                __wrap___aeabi_uldivmod
                0x0000000010002fb4                divmod_u64u64_savestate
                0x0000000010002fdc                divmod_s64s64_unsafe
                0x0000000010003064                divmod_u64u64_unsafe
 .text.__wrap___aeabi_darithmetic
                0x00000000100033a0       0x80 CMakeFiles/main.dir/usr/local/src/pi/pico/pico-sdk/src/rp2_common/pico_double/double_aeabi.S.obj
                0x00000000100033a0                __wrap___aeabi_drsub
                0x00000000100033a6                __wrap___aeabi_dsub
                0x00000000100033b8                __wrap___aeabi_dadd
                0x00000000100033ca                __wrap___aeabi_ddiv
                0x0000000010003406                __wrap___aeabi_dmul
 .text.__wrap___aeabi_cdcmple
                0x0000000010003420       0x6c CMakeFiles/main.dir/usr/local/src/pi/pico/pico-sdk/src/rp2_common/pico_double/double_aeabi.S.obj
                0x0000000010003420                __wrap___aeabi_cdrcmple
                0x0000000010003430                __wrap___aeabi_cdcmple
                0x0000000010003430                __wrap___aeabi_cdcmpeq
 .text.__wrap___aeabi_dcmpeq
                0x000000001000348c       0x10 CMakeFiles/main.dir/usr/local/src/pi/pico/pico-sdk/src/rp2_common/pico_double/double_aeabi.S.obj
                0x000000001000348c                __wrap___aeabi_dcmpeq
 .text.__wrap___aeabi_dcmplt
                0x000000001000349c        0xc CMakeFiles/main.dir/usr/local/src/pi/pico/pico-sdk/src/rp2_common/pico_double/double_aeabi.S.obj
                0x000000001000349c                __wrap___aeabi_dcmplt
 .text.__wrap___aeabi_dcmple
                0x00000000100034a8       0x10 CMakeFiles/main.dir/usr/local/src/pi/pico/pico-sdk/src/rp2_common/pico_double/double_aeabi.S.obj
                0x00000000100034a8                __wrap___aeabi_dcmple
 .text.__wrap___aeabi_dcmpge
                0x00000000100034b8       0x10 CMakeFiles/main.dir/usr/local/src/pi/pico/pico-sdk/src/rp2_common/pico_double/double_aeabi.S.obj
                0x00000000100034b8                __wrap___aeabi_dcmpge
 .text.__wrap___aeabi_dcmpgt
                0x00000000100034c8        0xa CMakeFiles/main.dir/usr/local/src/pi/pico/pico-sdk/src/rp2_common/pico_double/double_aeabi.S.obj
                0x00000000100034c8                __wrap___aeabi_dcmpgt
 .text.__wrap___aeabi_dcmpun
                0x00000000100034d2       0x1c CMakeFiles/main.dir/usr/local/src/pi/pico/pico-sdk/src/rp2_common/pico_double/double_aeabi.S.obj
                0x00000000100034d2                __wrap___aeabi_dcmpun
 *fill*         0x00000000100034ee        0x2 
 .text.__wrap___aeabi_i2d
                0x00000000100034f0       0x38 CMakeFiles/main.dir/usr/local/src/pi/pico/pico-sdk/src/rp2_common/pico_double/double_aeabi.S.obj
                0x00000000100034f0                __wrap___aeabi_ui2d
                0x00000000100034f8                __wrap___aeabi_i2d
 .text.__wrap___aeabi_d2iz
                0x0000000010003528       0x48 CMakeFiles/main.dir/usr/local/src/pi/pico/pico-sdk/src/rp2_common/pico_double/double_aeabi.S.obj
                0x0000000010003528                __wrap___aeabi_d2iz
                0x0000000010003528                double2int_z
 .text.__wrap___aeabi_d2uiz
                0x0000000010003570       0x18 CMakeFiles/main.dir/usr/local/src/pi/pico/pico-sdk/src/rp2_common/pico_double/double_aeabi.S.obj
                0x0000000010003570                double2uint
                0x0000000010003570                __wrap___aeabi_d2uiz
 .text.__wrap___aeabi_l2d
                0x0000000010003588       0x18 CMakeFiles/main.dir/usr/local/src/pi/pico/pico-sdk/src/rp2_common/pico_double/double_aeabi.S.obj
                0x0000000010003588                __wrap___aeabi_l2d
 .text.__wrap___aeabi_d2lz
                0x00000000100035a0       0x26 CMakeFiles/main.dir/usr/local/src/pi/pico/pico-sdk/src/rp2_common/pico_double/double_aeabi.S.obj
                0x00000000100035a0                __wrap___aeabi_d2lz
                0x00000000100035a0                double2int64_z
 *fill*         0x00000000100035c6        0x2 
 .text.double2int64
                0x00000000100035c8       0x18 CMakeFiles/main.dir/usr/local/src/pi/pico/pico-sdk/src/rp2_common/pico_double/double_aeabi.S.obj
                0x00000000100035c8                double2int64
 .text.double2ufix64
                0x00000000100035e0       0x18 CMakeFiles/main.dir/usr/local/src/pi/pico/pico-sdk/src/rp2_common/pico_double/double_aeabi.S.obj
                0x00000000100035e0                double2ufix64
 .text.__wrap___aeabi_d2f
                0x00000000100035f8       0x18 CMakeFiles/main.dir/usr/local/src/pi/pico/pico-sdk/src/rp2_common/pico_double/double_aeabi.S.obj
                0x00000000100035f8                __wrap___aeabi_d2f
 .text.__aeabi_double_init
                0x0000000010003610       0x94 CMakeFiles/main.dir/usr/local/src/pi/pico/pico-sdk/src/rp2_common/pico_double/double_init_rom.c.obj
                0x0000000010003610                __aeabi_double_init
 .text.double_table_shim_on_use_helper
                0x00000000100036a4       0x2c CMakeFiles/main.dir/usr/local/src/pi/pico/pico-sdk/src/rp2_common/pico_double/double_v1_rom_shim.S.obj
                0x00000000100036a4                double_table_shim_on_use_helper
 .text.__wrap___aeabi_dsub
                0x00000000100036d0       0x10 CMakeFiles/main.dir/usr/local/src/pi/pico/pico-sdk/src/rp2_common/pico_double/double_v1_rom_shim.S.obj
                0x00000000100036d0                drsub_shim
                0x00000000100036d6                dsub_shim
 .text.dadd_shim
                0x00000000100036e0      0x15c CMakeFiles/main.dir/usr/local/src/pi/pico/pico-sdk/src/rp2_common/pico_double/double_v1_rom_shim.S.obj
                0x00000000100036e0                dadd_shim
 .text.dmul_shim
                0x000000001000383c      0x15c CMakeFiles/main.dir/usr/local/src/pi/pico/pico-sdk/src/rp2_common/pico_double/double_v1_rom_shim.S.obj
                0x000000001000383c                dmul_shim
 .text.ddiv_shim
                0x0000000010003998      0x1b0 CMakeFiles/main.dir/usr/local/src/pi/pico/pico-sdk/src/rp2_common/pico_double/double_v1_rom_shim.S.obj
                0x0000000010003998                ddiv_shim
 .text.double2uint_shim
                0x0000000010003b48        0xe CMakeFiles/main.dir/usr/local/src/pi/pico/pico-sdk/src/rp2_common/pico_double/double_v1_rom_shim.S.obj
                0x0000000010003b48                double2uint_shim
                0x0000000010003b4a                double2ufix_shim
 .text.double2int64_shim
                0x0000000010003b56       0x1a CMakeFiles/main.dir/usr/local/src/pi/pico/pico-sdk/src/rp2_common/pico_double/double_v1_rom_shim.S.obj
                0x0000000010003b56                double2int64_shim
                0x0000000010003b58                double2fix64_shim
 .text.double2uint64_shim
                0x0000000010003b70       0x70 CMakeFiles/main.dir/usr/local/src/pi/pico/pico-sdk/src/rp2_common/pico_double/double_v1_rom_shim.S.obj
                0x0000000010003b70                double2uint64_shim
                0x0000000010003b72                double2ufix64_shim
                0x0000000010003b92                d2fix_a
 .text.double2float_shim
                0x0000000010003be0       0x5c CMakeFiles/main.dir/usr/local/src/pi/pico/pico-sdk/src/rp2_common/pico_double/double_v1_rom_shim.S.obj
                0x0000000010003be0                double2float_shim
 .text.x2double_shims
                0x0000000010003c3c       0x90 CMakeFiles/main.dir/usr/local/src/pi/pico/pico-sdk/src/rp2_common/pico_double/double_v1_rom_shim.S.obj
                0x0000000010003c3c                uint2double_shim
                0x0000000010003c3e                ufix2double_shim
                0x0000000010003c44                int2double_shim
                0x0000000010003c46                fix2double_shim
                0x0000000010003c4c                uint642double_shim
                0x0000000010003c4e                ufix642double_shim
                0x0000000010003c54                int642double_shim
                0x0000000010003c56                fix642double_shim
 .text.dunpacks
                0x0000000010003ccc       0x3c CMakeFiles/main.dir/usr/local/src/pi/pico/pico-sdk/src/rp2_common/pico_double/double_v1_rom_shim.S.obj
                0x0000000010003ccc                dunpacks
 .text.__aeabi_lmul
                0x0000000010003d08       0x32 CMakeFiles/main.dir/usr/local/src/pi/pico/pico-sdk/src/rp2_common/pico_int64_ops/pico_int64_ops_aeabi.S.obj
                0x0000000010003d08                __wrap___aeabi_lmul
 *fill*         0x0000000010003d3a        0x2 
 .text.__wrap___aeabi_cfcmple
                0x0000000010003d3c       0x50 CMakeFiles/main.dir/usr/local/src/pi/pico/pico-sdk/src/rp2_common/pico_float/float_aeabi.S.obj
                0x0000000010003d3c                __wrap___aeabi_cfrcmple
                0x0000000010003d48                __wrap___aeabi_cfcmpeq
                0x0000000010003d48                __wrap___aeabi_cfcmple
 .text.__wrap___aeabi_fcmple
                0x0000000010003d8c       0x10 CMakeFiles/main.dir/usr/local/src/pi/pico/pico-sdk/src/rp2_common/pico_float/float_aeabi.S.obj
                0x0000000010003d8c                __wrap___aeabi_fcmple
 .text.__wrap___aeabi_fcmpun
                0x0000000010003d9c       0x18 CMakeFiles/main.dir/usr/local/src/pi/pico/pico-sdk/src/rp2_common/pico_float/float_aeabi.S.obj
                0x0000000010003d9c                __wrap___aeabi_fcmpun
 .text.__aeabi_float_init
                0x0000000010003db4       0x64 CMakeFiles/main.dir/usr/local/src/pi/pico/pico-sdk/src/rp2_common/pico_float/float_init_rom.c.obj
                0x0000000010003db4                __aeabi_float_init
 .text.float_table_shim_on_use_helper
                0x0000000010003e18       0x2c CMakeFiles/main.dir/usr/local/src/pi/pico/pico-sdk/src/rp2_common/pico_float/float_v1_rom_shim.S.obj
                0x0000000010003e18                float_table_shim_on_use_helper
 .text          0x0000000010003e44       0x10 CMakeFiles/main.dir/usr/local/src/pi/pico/pico-sdk/src/rp2_common/pico_mem_ops/mem_ops_aeabi.S.obj
                0x0000000010003e44                __aeabi_mem_init
 .text.memset   0x0000000010003e54        0xc CMakeFiles/main.dir/usr/local/src/pi/pico/pico-sdk/src/rp2_common/pico_mem_ops/mem_ops_aeabi.S.obj
                0x0000000010003e54                __wrap_memset
 .text.memcpy   0x0000000010003e60        0xc CMakeFiles/main.dir/usr/local/src/pi/pico/pico-sdk/src/rp2_common/pico_mem_ops/mem_ops_aeabi.S.obj
                0x0000000010003e60                __wrap___aeabi_memcpy
                0x0000000010003e60                __wrap_memcpy
 .text.stdio_out_chars_no_crlf
                0x0000000010003e6c       0x10 CMakeFiles/main.dir/usr/local/src/pi/pico/pico-sdk/src/rp2_common/pico_stdio/stdio.c.obj
 .text.stdio_out_chars_crlf
                0x0000000010003e7c       0xb4 CMakeFiles/main.dir/usr/local/src/pi/pico/pico-sdk/src/rp2_common/pico_stdio/stdio.c.obj
 .text.stdio_put_string.isra.0
                0x0000000010003f30       0xfc CMakeFiles/main.dir/usr/local/src/pi/pico/pico-sdk/src/rp2_common/pico_stdio/stdio.c.obj
 .text.__wrap_putchar
                0x000000001000402c       0xa0 CMakeFiles/main.dir/usr/local/src/pi/pico/pico-sdk/src/rp2_common/pico_stdio/stdio.c.obj
                0x000000001000402c                __wrap_putchar
 .text.__wrap_puts
                0x00000000100040cc       0x3c CMakeFiles/main.dir/usr/local/src/pi/pico/pico-sdk/src/rp2_common/pico_stdio/stdio.c.obj
                0x00000000100040cc                __wrap_puts
 .text._read    0x0000000010004108       0x94 CMakeFiles/main.dir/usr/local/src/pi/pico/pico-sdk/src/rp2_common/pico_stdio/stdio.c.obj
                0x0000000010004108                _read
 .text._write   0x000000001000419c       0xb0 CMakeFiles/main.dir/usr/local/src/pi/pico/pico-sdk/src/rp2_common/pico_stdio/stdio.c.obj
                0x000000001000419c                _write
 .text.stdio_set_driver_enabled
                0x000000001000424c       0x30 CMakeFiles/main.dir/usr/local/src/pi/pico/pico-sdk/src/rp2_common/pico_stdio/stdio.c.obj
                0x000000001000424c                stdio_set_driver_enabled
 .text.stdio_init_all
                0x000000001000427c        0x8 CMakeFiles/main.dir/usr/local/src/pi/pico/pico-sdk/src/rp2_common/pico_stdio/stdio.c.obj
                0x000000001000427c                stdio_init_all
 .text.stdio_uart_out_chars
                0x0000000010004284       0x4c CMakeFiles/main.dir/usr/local/src/pi/pico/pico-sdk/src/rp2_common/pico_stdio_uart/stdio_uart.c.obj
 .text.stdio_uart_in_chars
                0x00000000100042d0       0x38 CMakeFiles/main.dir/usr/local/src/pi/pico/pico-sdk/src/rp2_common/pico_stdio_uart/stdio_uart.c.obj
                0x00000000100042d0                stdio_uart_in_chars
 .text.stdio_uart_init
                0x0000000010004308       0x48 CMakeFiles/main.dir/usr/local/src/pi/pico/pico-sdk/src/rp2_common/pico_stdio_uart/stdio_uart.c.obj
                0x0000000010004308                stdio_uart_init
 .text          0x0000000010004350       0x5c /usr/lib/gcc/arm-none-eabi/10.3.1/../../../arm-none-eabi/lib/thumb/v6-m/nofp/libc.a(lib_a-callocr.o)
                0x0000000010004350                _calloc_r
 .text          0x00000000100043ac      0x574 /usr/lib/gcc/arm-none-eabi/10.3.1/../../../arm-none-eabi/lib/thumb/v6-m/nofp/libc.a(lib_a-mallocr.o)
                0x00000000100043ac                _malloc_r
 .text          0x0000000010004920        0x8 /usr/lib/gcc/arm-none-eabi/10.3.1/../../../arm-none-eabi/lib/thumb/v6-m/nofp/libc.a(lib_a-mlock.o)
                0x0000000010004920                __malloc_lock
                0x0000000010004924                __malloc_unlock
 .text          0x0000000010004928      0x354 /usr/lib/gcc/arm-none-eabi/10.3.1/../../../arm-none-eabi/lib/thumb/v6-m/nofp/libc.a(lib_a-reallocr.o)
                0x0000000010004928                _realloc_r
 .text          0x0000000010004c7c       0x24 /usr/lib/gcc/arm-none-eabi/10.3.1/../../../arm-none-eabi/lib/thumb/v6-m/nofp/libc.a(lib_a-sbrkr.o)
                0x0000000010004c7c                _sbrk_r
 .text          0x0000000010004ca0       0x40 /usr/lib/gcc/arm-none-eabi/10.3.1/../../../arm-none-eabi/lib/thumb/v6-m/nofp/libc.a(lib_a-scanf.o)
                0x0000000010004ca0                scanf
                0x0000000010004cc4                _scanf_r
 .text          0x0000000010004ce0       0x5c /usr/lib/gcc/arm-none-eabi/10.3.1/../../../arm-none-eabi/lib/thumb/v6-m/nofp/libc.a(lib_a-strlen-stub.o)
                0x0000000010004ce0                strlen
 .text          0x0000000010004d3c      0xfe0 /usr/lib/gcc/arm-none-eabi/10.3.1/../../../arm-none-eabi/lib/thumb/v6-m/nofp/libc.a(lib_a-vfscanf.o)
                0x0000000010004d3c                __svfscanf_r
                0x0000000010005cac                vfscanf
                0x0000000010005cdc                __svfscanf
                0x0000000010005cf4                _vfscanf_r
 .text          0x0000000010005d1c      0x248 /usr/lib/gcc/arm-none-eabi/10.3.1/../../../arm-none-eabi/lib/thumb/v6-m/nofp/libc.a(lib_a-findfp.o)
                0x0000000010005d20                _cleanup_r
                0x0000000010005e1c                __sfmoreglue
                0x0000000010005e4c                __sfp
                0x0000000010005efc                _cleanup
                0x0000000010005f14                __sinit
                0x0000000010005f24                __sfp_lock_acquire
                0x0000000010005f28                __sfp_lock_release
                0x0000000010005f2c                __sinit_lock_acquire
                0x0000000010005f30                __sinit_lock_release
                0x0000000010005f34                __fp_lock_all
                0x0000000010005f4c                __fp_unlock_all
 .text          0x0000000010005f64      0x190 /usr/lib/gcc/arm-none-eabi/10.3.1/../../../arm-none-eabi/lib/thumb/v6-m/nofp/libc.a(lib_a-fread.o)
                0x0000000010005f64                _fread_r
                0x00000000100060d4                fread
 .text          0x00000000100060f4      0x260 /usr/lib/gcc/arm-none-eabi/10.3.1/../../../arm-none-eabi/lib/thumb/v6-m/nofp/libc.a(lib_a-freer.o)
                0x00000000100060f4                _malloc_trim_r
                0x0000000010006190                _free_r
 .text          0x0000000010006354       0x88 /usr/lib/gcc/arm-none-eabi/10.3.1/../../../arm-none-eabi/lib/thumb/v6-m/nofp/libc.a(lib_a-fwalk.o)
                0x0000000010006354                _fwalk
                0x0000000010006394                _fwalk_reent
 .text          0x00000000100063dc        0xc /usr/lib/gcc/arm-none-eabi/10.3.1/../../../arm-none-eabi/lib/thumb/v6-m/nofp/libc.a(lib_a-iswspace.o)
                0x00000000100063dc                iswspace
 .text          0x00000000100063e8       0x18 /usr/lib/gcc/arm-none-eabi/10.3.1/../../../arm-none-eabi/lib/thumb/v6-m/nofp/libc.a(lib_a-iswspace_l.o)
                0x00000000100063e8                iswspace_l
 .text          0x0000000010006400       0x98 /usr/lib/gcc/arm-none-eabi/10.3.1/../../../arm-none-eabi/lib/thumb/v6-m/nofp/libc.a(lib_a-locale.o)
                0x0000000010006400                _setlocale_r
                0x0000000010006444                __locale_mb_cur_max
                0x0000000010006454                setlocale
 .text          0x0000000010006498       0x14 /usr/lib/gcc/arm-none-eabi/10.3.1/../../../arm-none-eabi/lib/thumb/v6-m/nofp/libc.a(lib_a-localeconv.o)
                0x0000000010006498                __localeconv_l
                0x000000001000649c                _localeconv_r
                0x00000000100064a4                localeconv
 .text          0x00000000100064ac       0x9c /usr/lib/gcc/arm-none-eabi/10.3.1/../../../arm-none-eabi/lib/thumb/v6-m/nofp/libc.a(lib_a-mbrtowc.o)
                0x00000000100064ac                _mbrtowc_r
                0x00000000100064f8                mbrtowc
 .text          0x0000000010006548       0x44 /usr/lib/gcc/arm-none-eabi/10.3.1/../../../arm-none-eabi/lib/thumb/v6-m/nofp/libc.a(lib_a-mbtowc_r.o)
                0x0000000010006548                _mbtowc_r
                0x0000000010006560                __ascii_mbtowc
 .text          0x000000001000658c      0x140 /usr/lib/gcc/arm-none-eabi/10.3.1/../../../arm-none-eabi/lib/thumb/v6-m/nofp/libc.a(lib_a-refill.o)
                0x00000000100065a8                __srefill_r
 .text          0x00000000100066cc       0x80 /usr/lib/gcc/arm-none-eabi/10.3.1/../../../arm-none-eabi/lib/thumb/v6-m/nofp/libc.a(lib_a-sccl.o)
                0x00000000100066cc                __sccl
 .text          0x000000001000674c        0x8 /usr/lib/gcc/arm-none-eabi/10.3.1/../../../arm-none-eabi/lib/thumb/v6-m/nofp/libc.a(lib_a-sf_nan.o)
                0x000000001000674c                nanf
 .text          0x0000000010006754       0xa4 /usr/lib/gcc/arm-none-eabi/10.3.1/../../../arm-none-eabi/lib/thumb/v6-m/nofp/libc.a(lib_a-stdio.o)
                0x0000000010006754                __sread
                0x000000001000677c                __seofread
                0x0000000010006780                __swrite
                0x00000000100067c0                __sseek
                0x00000000100067ec                __sclose
 .text          0x00000000100067f8       0x88 /usr/lib/gcc/arm-none-eabi/10.3.1/../../../arm-none-eabi/lib/thumb/v6-m/nofp/libc.a(lib_a-strcmp.o)
                0x00000000100067f8                strcmp
 .text          0x0000000010006880     0x1128 /usr/lib/gcc/arm-none-eabi/10.3.1/../../../arm-none-eabi/lib/thumb/v6-m/nofp/libc.a(lib_a-strtod.o)
                0x0000000010006880                _strtod_l
                0x0000000010007800                _strtod_r
                0x0000000010007810                strtod_l
                0x0000000010007828                strtod
                0x0000000010007844                strtof_l
                0x00000000100078f4                strtof
 .text          0x00000000100079a8      0x1b8 /usr/lib/gcc/arm-none-eabi/10.3.1/../../../arm-none-eabi/lib/thumb/v6-m/nofp/libc.a(lib_a-strtol.o)
                0x0000000010007aec                _strtol_r
                0x0000000010007b08                strtol_l
                0x0000000010007b34                strtol
 .text          0x0000000010007b60      0x1d0 /usr/lib/gcc/arm-none-eabi/10.3.1/../../../arm-none-eabi/lib/thumb/v6-m/nofp/libc.a(lib_a-strtoll.o)
                0x0000000010007cf8                _strtoll_r
                0x0000000010007d00                strtoll_l
                0x0000000010007d18                strtoll
 .text          0x0000000010007d30      0x180 /usr/lib/gcc/arm-none-eabi/10.3.1/../../../arm-none-eabi/lib/thumb/v6-m/nofp/libc.a(lib_a-strtoul.o)
                0x0000000010007e78                _strtoul_r
                0x0000000010007e80                strtoul_l
                0x0000000010007e98                strtoul
 .text          0x0000000010007eb0      0x1f4 /usr/lib/gcc/arm-none-eabi/10.3.1/../../../arm-none-eabi/lib/thumb/v6-m/nofp/libc.a(lib_a-strtoull.o)
                0x000000001000806c                _strtoull_r
                0x0000000010008074                strtoull_l
                0x000000001000808c                strtoull
 .text          0x00000000100080a4      0x188 /usr/lib/gcc/arm-none-eabi/10.3.1/../../../arm-none-eabi/lib/thumb/v6-m/nofp/libc.a(lib_a-ungetc.o)
                0x00000000100080a4                __submore
                0x0000000010008128                _ungetc_r
                0x0000000010008214                ungetc
 .text          0x000000001000822c       0x2c /usr/lib/gcc/arm-none-eabi/10.3.1/../../../arm-none-eabi/lib/thumb/v6-m/nofp/libc.a(lib_a-wctomb_r.o)
                0x000000001000822c                _wctomb_r
                0x000000001000823c                __ascii_wctomb
 .text          0x0000000010008258       0x28 /usr/lib/gcc/arm-none-eabi/10.3.1/../../../arm-none-eabi/lib/thumb/v6-m/nofp/libc.a(lib_a-writer.o)
                0x0000000010008258                _write_r
 .text          0x0000000010008280       0x24 /usr/lib/gcc/arm-none-eabi/10.3.1/../../../arm-none-eabi/lib/thumb/v6-m/nofp/libc.a(lib_a-closer.o)
                0x0000000010008280                _close_r
 .text          0x00000000100082a4        0xc /usr/lib/gcc/arm-none-eabi/10.3.1/../../../arm-none-eabi/lib/thumb/v6-m/nofp/libc.a(lib_a-errno.o)
                0x00000000100082a4                __errno
 .text          0x00000000100082b0       0xe8 /usr/lib/gcc/arm-none-eabi/10.3.1/../../../arm-none-eabi/lib/thumb/v6-m/nofp/libc.a(lib_a-fclose.o)
                0x0000000010008320                _fclose_r
                0x0000000010008358                fclose
 .text          0x0000000010008398      0x1c0 /usr/lib/gcc/arm-none-eabi/10.3.1/../../../arm-none-eabi/lib/thumb/v6-m/nofp/libc.a(lib_a-fflush.o)
                0x0000000010008398                __sflush_r
                0x00000000100084d8                _fflush_r
                0x0000000010008504                fflush
 .text          0x0000000010008558      0x670 /usr/lib/gcc/arm-none-eabi/10.3.1/../../../arm-none-eabi/lib/thumb/v6-m/nofp/libc.a(lib_a-gdtoa-gethex.o)
                0x00000000100085fc                __gethex
 .text          0x0000000010008bc8      0x1fc /usr/lib/gcc/arm-none-eabi/10.3.1/../../../arm-none-eabi/lib/thumb/v6-m/nofp/libc.a(lib_a-gdtoa-hexnan.o)
                0x0000000010008bc8                __match
                0x0000000010008bf4                __hexnan
 .text          0x0000000010008dc4       0x28 /usr/lib/gcc/arm-none-eabi/10.3.1/../../../arm-none-eabi/lib/thumb/v6-m/nofp/libc.a(lib_a-lseekr.o)
                0x0000000010008dc4                _lseek_r
 .text          0x0000000010008dec      0x144 /usr/lib/gcc/arm-none-eabi/10.3.1/../../../arm-none-eabi/lib/thumb/v6-m/nofp/libc.a(lib_a-makebuf.o)
                0x0000000010008dec                __smakebuf_r
                0x0000000010008ed0                __swhatbuf_r
 .text          0x0000000010008f30      0xafc /usr/lib/gcc/arm-none-eabi/10.3.1/../../../arm-none-eabi/lib/thumb/v6-m/nofp/libc.a(lib_a-mprec.o)
                0x0000000010008f30                _Balloc
                0x0000000010008f80                _Bfree
                0x0000000010008f94                __multadd
                0x000000001000903c                __s2b
                0x00000000100090ec                __hi0bits
                0x0000000010009124                __lo0bits
                0x0000000010009180                __i2b
                0x00000000100091e0                __multiply
                0x0000000010009384                __pow5mult
                0x000000001000945c                __lshift
                0x0000000010009558                __mcmp
                0x000000001000958c                __mdiff
                0x0000000010009718                __ulp
                0x0000000010009760                __b2d
                0x0000000010009828                __d2b
                0x0000000010009900                __ratio
                0x0000000010009968                _mprec_log10
                0x000000001000999c                __copybits
                0x00000000100099dc                __any_on
 .text          0x0000000010009a2c       0x28 /usr/lib/gcc/arm-none-eabi/10.3.1/../../../arm-none-eabi/lib/thumb/v6-m/nofp/libc.a(lib_a-readr.o)
                0x0000000010009a2c                _read_r
 .text          0x0000000010009a54        0xc /usr/lib/gcc/arm-none-eabi/10.3.1/../../../arm-none-eabi/lib/thumb/v6-m/nofp/libc.a(lib_a-s_nan.o)
                0x0000000010009a54                nan
 .text          0x0000000010009a60       0x74 /usr/lib/gcc/arm-none-eabi/10.3.1/../../../arm-none-eabi/lib/thumb/v6-m/nofp/libc.a(lib_a-strncmp.o)
                0x0000000010009a60                strncmp
 .text          0x0000000010009ad4       0x28 /usr/lib/gcc/arm-none-eabi/10.3.1/../../../arm-none-eabi/lib/thumb/v6-m/nofp/libc.a(lib_a-fstatr.o)
                0x0000000010009ad4                _fstat_r
 .text          0x0000000010009afc       0x24 /usr/lib/gcc/arm-none-eabi/10.3.1/../../../arm-none-eabi/lib/thumb/v6-m/nofp/libc.a(lib_a-isattyr.o)
                0x0000000010009afc                _isatty_r
 .text          0x0000000010009b20       0x10 /usr/lib/gcc/arm-none-eabi/10.3.1/../../../arm-none-eabi/lib/thumb/v6-m/nofp/libnosys.a(close.o)
                0x0000000010009b20                _close
 .text          0x0000000010009b30       0x10 /usr/lib/gcc/arm-none-eabi/10.3.1/../../../arm-none-eabi/lib/thumb/v6-m/nofp/libnosys.a(fstat.o)
                0x0000000010009b30                _fstat
 .text          0x0000000010009b40       0x10 /usr/lib/gcc/arm-none-eabi/10.3.1/../../../arm-none-eabi/lib/thumb/v6-m/nofp/libnosys.a(isatty.o)
                0x0000000010009b40                _isatty
 .text          0x0000000010009b50       0x10 /usr/lib/gcc/arm-none-eabi/10.3.1/../../../arm-none-eabi/lib/thumb/v6-m/nofp/libnosys.a(lseek.o)
                0x0000000010009b50                _lseek
 *(.fini)
 .fini          0x0000000010009b60        0x4 /usr/lib/gcc/arm-none-eabi/10.3.1/thumb/v6-m/nofp/crti.o
                0x0000000010009b60                _fini
 *fill*         0x0000000010009b64        0x4 
 .fini.__stub   0x0000000010009b68       0x60 linker stubs
 *crtbegin.o(.ctors)
 *crtbegin?.o(.ctors)
 *(EXCLUDE_FILE(*crtend.o *crtend?.o) .ctors)
 *(SORT_BY_NAME(.ctors.*))
 *(.ctors)
 *crtbegin.o(.dtors)
 *crtbegin?.o(.dtors)
 *(EXCLUDE_FILE(*crtend.o *crtend?.o) .dtors)
 *(SORT_BY_NAME(.dtors.*))
 *(.dtors)
 *(.eh_frame*)
 .eh_frame      0x0000000010009bc8        0x0 /usr/lib/gcc/arm-none-eabi/10.3.1/thumb/v6-m/nofp/crtbegin.o
                0x0000000010009bc8                . = ALIGN (0x4)

.glue_7         0x0000000010009bc8        0x0
 .glue_7        0x0000000010009bc8        0x0 linker stubs

.glue_7t        0x0000000010009bc8        0x0
 .glue_7t       0x0000000010009bc8        0x0 linker stubs

.vfp11_veneer   0x0000000010009bc8        0x0
 .vfp11_veneer  0x0000000010009bc8        0x0 linker stubs

.v4_bx          0x0000000010009bc8        0x0
 .v4_bx         0x0000000010009bc8        0x0 linker stubs

.iplt           0x0000000010009bc8        0x0
 .iplt          0x0000000010009bc8        0x0 /usr/lib/gcc/arm-none-eabi/10.3.1/thumb/v6-m/nofp/crtbegin.o

.rodata         0x0000000010009bc8      0xc88
 *(EXCLUDE_FILE(*libm.a: *libc.a:*lib_a-mem*.o *libgcc.a:) .rodata*)
 .rodata.main.str1.4
                0x0000000010009bc8       0x17 CMakeFiles/main.dir/main.c.obj
 *fill*         0x0000000010009bdf        0x1 
 .rodata.at_the_end_of_time
                0x0000000010009be0        0x8 CMakeFiles/main.dir/usr/local/src/pi/pico/pico-sdk/src/common/pico_time/time.c.obj
                0x0000000010009be0                at_the_end_of_time
 .rodata.hardware_alarm_claim.str1.4
                0x0000000010009be8       0x22 CMakeFiles/main.dir/usr/local/src/pi/pico/pico-sdk/src/rp2_common/hardware_timer/timer.c.obj
 *fill*         0x0000000010009c0a        0x2 
 .rodata.__assert_func.str1.4
                0x0000000010009c0c       0x3f CMakeFiles/main.dir/usr/local/src/pi/pico/pico-sdk/src/rp2_common/pico_runtime/runtime.c.obj
                                         0x43 (size before relaxing)
 *fill*         0x0000000010009c4b        0x1 
 .rodata.panic.str1.4
                0x0000000010009c4c       0x12 CMakeFiles/main.dir/usr/local/src/pi/pico/pico-sdk/src/rp2_common/pico_runtime/runtime.c.obj
 *fill*         0x0000000010009c5e        0x2 
 .rodata.hard_assertion_failure.str1.4
                0x0000000010009c60        0xc CMakeFiles/main.dir/usr/local/src/pi/pico/pico-sdk/src/rp2_common/pico_runtime/runtime.c.obj
 .rodata._ftoa.str1.4
                0x0000000010009c6c       0x15 CMakeFiles/main.dir/usr/local/src/pi/pico/pico-sdk/src/rp2_common/pico_printf/printf.c.obj
 *fill*         0x0000000010009c81        0x3 
 .rodata._vsnprintf
                0x0000000010009c84      0x1e0 CMakeFiles/main.dir/usr/local/src/pi/pico/pico-sdk/src/rp2_common/pico_printf/printf.c.obj
 *fill*         0x0000000010009e64        0x4 
 .rodata.pow10.0
                0x0000000010009e68       0x50 CMakeFiles/main.dir/usr/local/src/pi/pico/pico-sdk/src/rp2_common/pico_printf/printf.c.obj
 .rodata.str1.4
                0x0000000010009eb8       0x3c CMakeFiles/main.dir/usr/local/src/pi/pico/pico-sdk/src/rp2_common/pico_standard_link/binary_info.c.obj
 .rodata.__bi_44
                0x0000000010009ef4        0xc CMakeFiles/main.dir/usr/local/src/pi/pico/pico-sdk/src/rp2_common/pico_standard_link/binary_info.c.obj
 .rodata.__bi_75
                0x0000000010009f00        0xc CMakeFiles/main.dir/usr/local/src/pi/pico/pico-sdk/src/rp2_common/pico_standard_link/binary_info.c.obj
 .rodata.__bi_81
                0x0000000010009f0c        0xc CMakeFiles/main.dir/usr/local/src/pi/pico/pico-sdk/src/rp2_common/pico_standard_link/binary_info.c.obj
 .rodata.crlf_str.0
                0x0000000010009f18        0x2 CMakeFiles/main.dir/usr/local/src/pi/pico/pico-sdk/src/rp2_common/pico_stdio/stdio.c.obj
 *fill*         0x0000000010009f1a        0x2 
 .rodata.str1.4
                0x0000000010009f1c       0x2c CMakeFiles/main.dir/usr/local/src/pi/pico/pico-sdk/src/rp2_common/pico_stdio_uart/stdio_uart.c.obj
 .rodata.__bi_28.4
                0x0000000010009f48        0xc CMakeFiles/main.dir/usr/local/src/pi/pico/pico-sdk/src/rp2_common/pico_stdio_uart/stdio_uart.c.obj
 .rodata.__bi_29.5
                0x0000000010009f54        0x8 CMakeFiles/main.dir/usr/local/src/pi/pico/pico-sdk/src/rp2_common/pico_stdio_uart/stdio_uart.c.obj
 .rodata        0x0000000010009f5c        0x4 /usr/lib/gcc/arm-none-eabi/10.3.1/../../../arm-none-eabi/lib/thumb/v6-m/nofp/libc.a(lib_a-impure.o)
                0x0000000010009f5c                _global_impure_ptr
 .rodata.str1.4
                0x0000000010009f60        0x5 /usr/lib/gcc/arm-none-eabi/10.3.1/../../../arm-none-eabi/lib/thumb/v6-m/nofp/libc.a(lib_a-vfscanf.o)
                                          0x9 (size before relaxing)
 *fill*         0x0000000010009f65        0x3 
 .rodata        0x0000000010009f68      0x3e6 /usr/lib/gcc/arm-none-eabi/10.3.1/../../../arm-none-eabi/lib/thumb/v6-m/nofp/libc.a(lib_a-vfscanf.o)
 *fill*         0x000000001000a34e        0x2 
 .rodata        0x000000001000a350      0x101 /usr/lib/gcc/arm-none-eabi/10.3.1/../../../arm-none-eabi/lib/thumb/v6-m/nofp/libc.a(lib_a-ctype_.o)
                0x000000001000a350                _ctype_
 *fill*         0x000000001000a451        0x3 
 .rodata.str1.4
                0x000000001000a454        0xe /usr/lib/gcc/arm-none-eabi/10.3.1/../../../arm-none-eabi/lib/thumb/v6-m/nofp/libc.a(lib_a-locale.o)
                                         0x12 (size before relaxing)
 .rodata.str1.4
                0x000000001000a462        0x1 /usr/lib/gcc/arm-none-eabi/10.3.1/../../../arm-none-eabi/lib/thumb/v6-m/nofp/libc.a(lib_a-mbrtowc.o)
 *fill*         0x000000001000a462        0x2 
 .rodata.str1.4
                0x000000001000a464        0xf /usr/lib/gcc/arm-none-eabi/10.3.1/../../../arm-none-eabi/lib/thumb/v6-m/nofp/libc.a(lib_a-strtod.o)
                                         0x11 (size before relaxing)
 *fill*         0x000000001000a473        0x5 
 .rodata        0x000000001000a478      0x120 /usr/lib/gcc/arm-none-eabi/10.3.1/../../../arm-none-eabi/lib/thumb/v6-m/nofp/libc.a(lib_a-strtod.o)
 .rodata.str1.4
                0x000000001000a598       0x4e /usr/lib/gcc/arm-none-eabi/10.3.1/../../../arm-none-eabi/lib/thumb/v6-m/nofp/libc.a(lib_a-gdtoa-gethex.o)
 *fill*         0x000000001000a5e6        0x2 
 .rodata        0x000000001000a5e8      0x100 /usr/lib/gcc/arm-none-eabi/10.3.1/../../../arm-none-eabi/lib/thumb/v6-m/nofp/libc.a(lib_a-gdtoa-gethex.o)
                0x000000001000a5e8                __hexdig
 .rodata.str1.4
                0x000000001000a6e8        0x5 /usr/lib/gcc/arm-none-eabi/10.3.1/../../../arm-none-eabi/lib/thumb/v6-m/nofp/libc.a(lib_a-lnumeric.o)
 .rodata        0x000000001000a6e8        0xc /usr/lib/gcc/arm-none-eabi/10.3.1/../../../arm-none-eabi/lib/thumb/v6-m/nofp/libc.a(lib_a-lnumeric.o)
                0x000000001000a6e8                _C_numeric_locale
 .rodata.str1.4
                0x000000001000a6f4       0x33 /usr/lib/gcc/arm-none-eabi/10.3.1/../../../arm-none-eabi/lib/thumb/v6-m/nofp/libc.a(lib_a-mprec.o)
                                         0x47 (size before relaxing)
 *fill*         0x000000001000a727        0x1 
 .rodata        0x000000001000a728      0x128 /usr/lib/gcc/arm-none-eabi/10.3.1/../../../arm-none-eabi/lib/thumb/v6-m/nofp/libc.a(lib_a-mprec.o)
                0x000000001000a738                __mprec_tinytens
                0x000000001000a760                __mprec_bigtens
                0x000000001000a788                __mprec_tens
                0x000000001000a850                . = ALIGN (0x4)
 *(SORT_BY_ALIGNMENT(SORT_BY_NAME(.flashdata*)))
                0x000000001000a850                . = ALIGN (0x4)

.rel.dyn        0x000000001000a850        0x0
 .rel.iplt      0x000000001000a850        0x0 /usr/lib/gcc/arm-none-eabi/10.3.1/thumb/v6-m/nofp/crtbegin.o

.ARM.extab
 *(.ARM.extab* .gnu.linkonce.armextab.*)
                0x000000001000a850                __exidx_start = .

.ARM.exidx
 *(.ARM.exidx* .gnu.linkonce.armexidx.*)
                0x000000001000a850                __exidx_end = .
                0x000000001000a850                . = ALIGN (0x4)
                0x000000001000a850                __binary_info_start = .

.binary_info    0x000000001000a850       0x24
 *(.binary_info.keep.*)
 .binary_info.keep.__bi_ptr22
                0x000000001000a850        0x4 CMakeFiles/main.dir/usr/local/src/pi/pico/pico-sdk/src/rp2_common/pico_standard_link/binary_info.c.obj
 .binary_info.keep.__bi_ptr30
                0x000000001000a854        0x4 CMakeFiles/main.dir/usr/local/src/pi/pico/pico-sdk/src/rp2_common/pico_standard_link/binary_info.c.obj
 .binary_info.keep.__bi_ptr38
                0x000000001000a858        0x4 CMakeFiles/main.dir/usr/local/src/pi/pico/pico-sdk/src/rp2_common/pico_standard_link/binary_info.c.obj
 .binary_info.keep.__bi_ptr44
                0x000000001000a85c        0x4 CMakeFiles/main.dir/usr/local/src/pi/pico/pico-sdk/src/rp2_common/pico_standard_link/binary_info.c.obj
 .binary_info.keep.__bi_ptr50
                0x000000001000a860        0x4 CMakeFiles/main.dir/usr/local/src/pi/pico/pico-sdk/src/rp2_common/pico_standard_link/binary_info.c.obj
 .binary_info.keep.__bi_ptr75
                0x000000001000a864        0x4 CMakeFiles/main.dir/usr/local/src/pi/pico/pico-sdk/src/rp2_common/pico_standard_link/binary_info.c.obj
 .binary_info.keep.__bi_ptr81
                0x000000001000a868        0x4 CMakeFiles/main.dir/usr/local/src/pi/pico/pico-sdk/src/rp2_common/pico_standard_link/binary_info.c.obj
 *(.binary_info.*)
 .binary_info.__bi_ptr28
                0x000000001000a86c        0x4 CMakeFiles/main.dir/usr/local/src/pi/pico/pico-sdk/src/rp2_common/pico_stdio_uart/stdio_uart.c.obj
 .binary_info.__bi_ptr29
                0x000000001000a870        0x4 CMakeFiles/main.dir/usr/local/src/pi/pico/pico-sdk/src/rp2_common/pico_stdio_uart/stdio_uart.c.obj
                0x000000001000a874                __binary_info_end = .
                0x000000001000a874                . = ALIGN (0x4)
                0x000000001000a874                __etext = .

.ram_vector_table
                0x0000000020000000       0xc0
 *(.ram_vector_table)
 .ram_vector_table
                0x0000000020000000       0xc0 CMakeFiles/main.dir/usr/local/src/pi/pico/pico-sdk/src/rp2_common/pico_runtime/runtime.c.obj
                0x0000000020000000                ram_vector_table

.data           0x00000000200000c0      0xbe4 load address 0x000000001000a874
                0x00000000200000c0                __data_start__ = .
 *(vtable)
 *(.time_critical*)
 .time_critical.mutex_enter_blocking
                0x00000000200000c0       0x48 CMakeFiles/main.dir/usr/local/src/pi/pico/pico-sdk/src/common/pico_sync/mutex.c.obj
                0x00000000200000c0                mutex_enter_blocking
 .time_critical.mutex_try_enter
                0x0000000020000108       0x44 CMakeFiles/main.dir/usr/local/src/pi/pico/pico-sdk/src/common/pico_sync/mutex.c.obj
                0x0000000020000108                mutex_try_enter
 .time_critical.mutex_exit
                0x000000002000014c       0x28 CMakeFiles/main.dir/usr/local/src/pi/pico/pico-sdk/src/common/pico_sync/mutex.c.obj
                0x000000002000014c                mutex_exit
 *(.text*)
 .text          0x0000000020000174        0x4 /usr/lib/gcc/arm-none-eabi/10.3.1/thumb/v6-m/nofp/libgcc.a(_dvmd_tls.o)
                0x0000000020000174                __aeabi_ldiv0
                0x0000000020000174                __aeabi_idiv0
 .text          0x0000000020000178       0xac /usr/lib/gcc/arm-none-eabi/10.3.1/../../../arm-none-eabi/lib/thumb/v6-m/nofp/libc.a(lib_a-memmove.o)
                0x0000000020000178                memmove
                0x0000000020000224                . = ALIGN (0x4)
 *(.rodata*)
                0x0000000020000224                . = ALIGN (0x4)
 *(.data*)
 .data.striped_spin_lock_num
                0x0000000020000224        0x1 CMakeFiles/main.dir/usr/local/src/pi/pico/pico-sdk/src/rp2_common/hardware_sync/sync.c.obj
 *fill*         0x0000000020000225        0x3 
 .data          0x0000000020000228       0x48 CMakeFiles/main.dir/usr/local/src/pi/pico/pico-sdk/src/rp2_common/hardware_irq/irq_handler_chain.S.obj
                0x0000000020000228                irq_handler_chain_slots
                0x0000000020000258                irq_handler_chain_first_slot
                0x0000000020000262                irq_handler_chain_remove_tail
 .data.default_alarm_pool
                0x0000000020000270       0x18 CMakeFiles/main.dir/usr/local/src/pi/pico/pico-sdk/src/common/pico_time/time.c.obj
 .data.default_alarm_pool_heap
                0x0000000020000288       0x10 CMakeFiles/main.dir/usr/local/src/pi/pico/pico-sdk/src/common/pico_time/time.c.obj
 *fill*         0x0000000020000298        0x8 
 .data.aeabi_bits_funcs
                0x00000000200002a0       0x10 CMakeFiles/main.dir/usr/local/src/pi/pico/pico-sdk/src/rp2_common/pico_bit_ops/bit_ops_aeabi.S.obj
                0x00000000200002a0                aeabi_bits_funcs
                0x00000000200002b0                aeabi_bits_funcs_end
 .data.aeabi_mem_funcs
                0x00000000200002b0       0x10 CMakeFiles/main.dir/usr/local/src/pi/pico/pico-sdk/src/rp2_common/pico_mem_ops/mem_ops_aeabi.S.obj
                0x00000000200002b0                aeabi_mem_funcs
                0x00000000200002c0                aeabi_mem_funcs_end
 .data.stdio_uart
                0x00000000200002c0       0x14 CMakeFiles/main.dir/usr/local/src/pi/pico/pico-sdk/src/rp2_common/pico_stdio_uart/stdio_uart.c.obj
                0x00000000200002c0                stdio_uart
 *fill*         0x00000000200002d4        0x4 
 .data          0x00000000200002d8      0x430 /usr/lib/gcc/arm-none-eabi/10.3.1/../../../arm-none-eabi/lib/thumb/v6-m/nofp/libc.a(lib_a-impure.o)
                0x00000000200002d8                _impure_ptr
 .data          0x0000000020000708      0x410 /usr/lib/gcc/arm-none-eabi/10.3.1/../../../arm-none-eabi/lib/thumb/v6-m/nofp/libc.a(lib_a-mallocr.o)
                0x0000000020000708                __malloc_sbrk_base
                0x000000002000070c                __malloc_trim_threshold
                0x0000000020000710                __malloc_av_
 .data          0x0000000020000b18      0x16c /usr/lib/gcc/arm-none-eabi/10.3.1/../../../arm-none-eabi/lib/thumb/v6-m/nofp/libc.a(lib_a-locale.o)
                0x0000000020000b18                __global_locale
 .data          0x0000000020000c84        0x2 /usr/lib/gcc/arm-none-eabi/10.3.1/../../../arm-none-eabi/lib/thumb/v6-m/nofp/libc.a(lib_a-lnumeric.o)
                0x0000000020000c88                . = ALIGN (0x4)
 *fill*         0x0000000020000c86        0x2 
 *(.after_data.*)
                0x0000000020000c88                . = ALIGN (0x4)
                0x0000000020000c88                PROVIDE (__mutex_array_start = .)
 *(SORT_BY_NAME(.mutex_array.*))
 *(.mutex_array)
 .mutex_array   0x0000000020000c88        0x8 CMakeFiles/main.dir/usr/local/src/pi/pico/pico-sdk/src/rp2_common/pico_stdio/stdio.c.obj
                0x0000000020000c90                PROVIDE (__mutex_array_end = .)
                0x0000000020000c90                . = ALIGN (0x4)
                0x0000000020000c90                PROVIDE (__preinit_array_start = .)
 *(SORT_BY_NAME(.preinit_array.*))
 .preinit_array.00001
                0x0000000020000c90        0x4 CMakeFiles/main.dir/usr/local/src/pi/pico/pico-sdk/src/rp2_common/pico_mem_ops/mem_ops_aeabi.S.obj
 .preinit_array.00010
                0x0000000020000c94        0x4 CMakeFiles/main.dir/usr/local/src/pi/pico/pico-sdk/src/rp2_common/pico_bit_ops/bit_ops_aeabi.S.obj
 .preinit_array.00020
                0x0000000020000c98        0x4 CMakeFiles/main.dir/usr/local/src/pi/pico/pico-sdk/src/rp2_common/pico_double/double_aeabi.S.obj
 .preinit_array.00020
                0x0000000020000c9c        0x4 CMakeFiles/main.dir/usr/local/src/pi/pico/pico-sdk/src/rp2_common/pico_float/float_aeabi.S.obj
 *(.preinit_array)
                0x0000000020000ca0                PROVIDE (__preinit_array_end = .)
                0x0000000020000ca0                . = ALIGN (0x4)
                0x0000000020000ca0                PROVIDE (__init_array_start = .)
 *(SORT_BY_NAME(.init_array.*))
 *(.init_array)
 .init_array    0x0000000020000ca0        0x4 /usr/lib/gcc/arm-none-eabi/10.3.1/thumb/v6-m/nofp/crtbegin.o
                0x0000000020000ca4                PROVIDE (__init_array_end = .)
                0x0000000020000ca4                . = ALIGN (0x4)
                0x0000000020000ca4                PROVIDE (__fini_array_start = .)
 *(SORT_BY_NAME(.fini_array.*))
 *(.fini_array)
                0x0000000020000ca4                PROVIDE (__fini_array_end = .)
 *(.jcr)
                0x0000000020000ca4                . = ALIGN (0x4)
                0x0000000020000ca4                __data_end__ = .

.tm_clone_table
                0x0000000020000ca4        0x0 load address 0x000000001000b458
 .tm_clone_table
                0x0000000020000ca4        0x0 /usr/lib/gcc/arm-none-eabi/10.3.1/thumb/v6-m/nofp/crtbegin.o
 .tm_clone_table
                0x0000000020000ca4        0x0 /usr/lib/gcc/arm-none-eabi/10.3.1/thumb/v6-m/nofp/crtend.o

.igot.plt       0x0000000020000ca4        0x0 load address 0x000000001000b458
 .igot.plt      0x0000000020000ca4        0x0 /usr/lib/gcc/arm-none-eabi/10.3.1/thumb/v6-m/nofp/crtbegin.o

.uninitialized_data
                0x0000000020000ca4        0x0 load address 0x000000001000b458
                0x0000000020000ca4                . = ALIGN (0x4)
 *(.uninitialized_data*)

.scratch_x      0x0000000020040000        0x0 load address 0x000000001000b458
                0x0000000020040000                __scratch_x_start__ = .
 *(.scratch_x.*)
                0x0000000020040000                . = ALIGN (0x4)
                0x0000000020040000                __scratch_x_end__ = .
                0x000000001000b458                __scratch_x_source__ = LOADADDR (.scratch_x)

.scratch_y      0x0000000020041000        0x0 load address 0x000000001000b458
                0x0000000020041000                __scratch_y_start__ = .
 *(.scratch_y.*)
                0x0000000020041000                . = ALIGN (0x4)
                0x0000000020041000                __scratch_y_end__ = .
                0x000000001000b458                __scratch_y_source__ = LOADADDR (.scratch_y)

.bss            0x0000000020000ca8      0x410
                0x0000000020000ca8                . = ALIGN (0x4)
                0x0000000020000ca8                __bss_start__ = .
 *(SORT_BY_ALIGNMENT(SORT_BY_NAME(.bss*)))
 .bss.default_alarm_pool_entries
                0x0000000020000ca8      0x100 CMakeFiles/main.dir/usr/local/src/pi/pico/pico-sdk/src/common/pico_time/time.c.obj
 .bss.sd_table  0x0000000020000da8      0x100 CMakeFiles/main.dir/usr/local/src/pi/pico/pico-sdk/src/rp2_common/pico_double/double_init_rom.c.obj
                0x0000000020000da8                sd_table
 .bss.sf_table  0x0000000020000ea8      0x100 CMakeFiles/main.dir/usr/local/src/pi/pico/pico-sdk/src/rp2_common/pico_float/float_init_rom.c.obj
                0x0000000020000ea8                sf_table
 .bss           0x0000000020000fa8       0x1c /usr/lib/gcc/arm-none-eabi/10.3.1/thumb/v6-m/nofp/crtbegin.o
 .bss           0x0000000020000fc4       0x34 /usr/lib/gcc/arm-none-eabi/10.3.1/../../../arm-none-eabi/lib/thumb/v6-m/nofp/libc.a(lib_a-mallocr.o)
                0x0000000020000fc4                __malloc_top_pad
                0x0000000020000fc8                __malloc_current_mallinfo
                0x0000000020000ff0                __malloc_max_sbrked_mem
                0x0000000020000ff4                __malloc_max_total_mem
 .bss           0x0000000020000ff8        0x4 /usr/lib/gcc/arm-none-eabi/10.3.1/../../../arm-none-eabi/lib/thumb/v6-m/nofp/libc.a(lib_a-reent.o)
                0x0000000020000ff8                errno
 .bss.alarm_callbacks
                0x0000000020000ffc       0x10 CMakeFiles/main.dir/usr/local/src/pi/pico/pico-sdk/src/rp2_common/hardware_timer/timer.c.obj
 .bss.configured_freq
                0x000000002000100c       0x28 CMakeFiles/main.dir/usr/local/src/pi/pico/pico-sdk/src/rp2_common/hardware_clocks/clocks.c.obj
 .bss.default_alarm_pool_entry_ids_high
                0x0000000020001034       0x10 CMakeFiles/main.dir/usr/local/src/pi/pico/pico-sdk/src/common/pico_time/time.c.obj
 .bss.default_alarm_pool_heap_nodes
                0x0000000020001044       0x30 CMakeFiles/main.dir/usr/local/src/pi/pico/pico-sdk/src/common/pico_time/time.c.obj
 .bss.drivers   0x0000000020001074        0x4 CMakeFiles/main.dir/usr/local/src/pi/pico/pico-sdk/src/rp2_common/pico_stdio/stdio.c.obj
 .bss.filter    0x0000000020001078        0x4 CMakeFiles/main.dir/usr/local/src/pi/pico/pico-sdk/src/rp2_common/pico_stdio/stdio.c.obj
 .bss.heap_end.0
                0x000000002000107c        0x4 CMakeFiles/main.dir/usr/local/src/pi/pico/pico-sdk/src/rp2_common/pico_runtime/runtime.c.obj
 .bss.lazy_vsnprintf
                0x0000000020001080        0x4 CMakeFiles/main.dir/usr/local/src/pi/pico/pico-sdk/src/rp2_common/pico_printf/printf.c.obj
 .bss.pools     0x0000000020001084       0x10 CMakeFiles/main.dir/usr/local/src/pi/pico/pico-sdk/src/common/pico_time/time.c.obj
 .bss.sf_clz_func
                0x0000000020001094        0x4 CMakeFiles/main.dir/usr/local/src/pi/pico/pico-sdk/src/rp2_common/pico_double/double_init_rom.c.obj
                0x0000000020001094                sf_clz_func
 .bss.sleep_notifier
                0x0000000020001098        0x4 CMakeFiles/main.dir/usr/local/src/pi/pico/pico-sdk/src/common/pico_time/time.c.obj
 .bss.target_hi
                0x000000002000109c       0x10 CMakeFiles/main.dir/usr/local/src/pi/pico/pico-sdk/src/rp2_common/hardware_timer/timer.c.obj
 .bss.uart_char_to_line_feed
                0x00000000200010ac        0x4 CMakeFiles/main.dir/usr/local/src/pi/pico/pico-sdk/src/rp2_common/hardware_uart/uart.c.obj
                0x00000000200010ac                uart_char_to_line_feed
 .bss.uart_instance
                0x00000000200010b0        0x4 CMakeFiles/main.dir/usr/local/src/pi/pico/pico-sdk/src/rp2_common/pico_stdio_uart/stdio_uart.c.obj
 .bss.claimed   0x00000000200010b4        0x1 CMakeFiles/main.dir/usr/local/src/pi/pico/pico-sdk/src/rp2_common/hardware_timer/timer.c.obj
 .bss.irq_hander_chain_free_slot_head
                0x00000000200010b5        0x1 CMakeFiles/main.dir/usr/local/src/pi/pico/pico-sdk/src/rp2_common/hardware_irq/irq.c.obj
 .bss.timer_callbacks_pending
                0x00000000200010b6        0x1 CMakeFiles/main.dir/usr/local/src/pi/pico/pico-sdk/src/rp2_common/hardware_timer/timer.c.obj
 *(COMMON)
                0x00000000200010b8                . = ALIGN (0x4)
 *fill*         0x00000000200010b7        0x1 
                0x00000000200010b8                __bss_end__ = .

.heap           0x00000000200010b8      0x800
                0x00000000200010b8                __end__ = .
                0x00000000200010b8                end = __end__
 *(.heap*)
 .heap          0x00000000200010b8      0x800 CMakeFiles/main.dir/usr/local/src/pi/pico/pico-sdk/src/rp2_common/pico_standard_link/crt0.S.obj
                0x00000000200018b8                __HeapLimit = .

.stack1_dummy   0x0000000020040000        0x0
 *(.stack1*)

.stack_dummy    0x0000000020041000      0x800
 *(.stack*)
 .stack         0x0000000020041000      0x800 CMakeFiles/main.dir/usr/local/src/pi/pico/pico-sdk/src/rp2_common/pico_standard_link/crt0.S.obj

.flash_end      0x000000001000b458        0x0
                0x000000001000b458                __flash_binary_end = .
                0x0000000020040000                __StackLimit = (ORIGIN (RAM) + LENGTH (RAM))
                0x0000000020041000                __StackOneTop = (ORIGIN (SCRATCH_X) + LENGTH (SCRATCH_X))
                0x0000000020042000                __StackTop = (ORIGIN (SCRATCH_Y) + LENGTH (SCRATCH_Y))
                0x0000000020041000                __StackOneBottom = (__StackOneTop - SIZEOF (.stack1_dummy))
                0x0000000020041800                __StackBottom = (__StackTop - SIZEOF (.stack_dummy))
                0x0000000020042000                PROVIDE (__stack = __StackTop)
                0x0000000000000001                ASSERT ((__StackLimit >= __HeapLimit), region RAM overflowed)
                0x0000000000000001                ASSERT (((__binary_info_header_end - __logical_binary_start) <= 0x100), Binary info must be in first 256 bytes of the binary)
LOAD CMakeFiles/main.dir/main.c.obj
LOAD CMakeFiles/main.dir/usr/local/src/pi/pico/pico-sdk/src/rp2_common/pico_stdlib/stdlib.c.obj
LOAD CMakeFiles/main.dir/usr/local/src/pi/pico/pico-sdk/src/rp2_common/hardware_gpio/gpio.c.obj
LOAD CMakeFiles/main.dir/usr/local/src/pi/pico/pico-sdk/src/rp2_common/hardware_claim/claim.c.obj
LOAD CMakeFiles/main.dir/usr/local/src/pi/pico/pico-sdk/src/rp2_common/pico_platform/platform.c.obj
LOAD CMakeFiles/main.dir/usr/local/src/pi/pico/pico-sdk/src/rp2_common/hardware_sync/sync.c.obj
LOAD CMakeFiles/main.dir/usr/local/src/pi/pico/pico-sdk/src/rp2_common/hardware_irq/irq.c.obj
LOAD CMakeFiles/main.dir/usr/local/src/pi/pico/pico-sdk/src/rp2_common/hardware_irq/irq_handler_chain.S.obj
LOAD CMakeFiles/main.dir/usr/local/src/pi/pico/pico-sdk/src/common/pico_sync/sem.c.obj
LOAD CMakeFiles/main.dir/usr/local/src/pi/pico/pico-sdk/src/common/pico_sync/lock_core.c.obj
LOAD CMakeFiles/main.dir/usr/local/src/pi/pico/pico-sdk/src/common/pico_time/time.c.obj
LOAD CMakeFiles/main.dir/usr/local/src/pi/pico/pico-sdk/src/common/pico_time/timeout_helper.c.obj
LOAD CMakeFiles/main.dir/usr/local/src/pi/pico/pico-sdk/src/rp2_common/hardware_timer/timer.c.obj
LOAD CMakeFiles/main.dir/usr/local/src/pi/pico/pico-sdk/src/common/pico_util/datetime.c.obj
LOAD CMakeFiles/main.dir/usr/local/src/pi/pico/pico-sdk/src/common/pico_util/pheap.c.obj
LOAD CMakeFiles/main.dir/usr/local/src/pi/pico/pico-sdk/src/common/pico_util/queue.c.obj
LOAD CMakeFiles/main.dir/usr/local/src/pi/pico/pico-sdk/src/common/pico_sync/mutex.c.obj
LOAD CMakeFiles/main.dir/usr/local/src/pi/pico/pico-sdk/src/common/pico_sync/critical_section.c.obj
LOAD CMakeFiles/main.dir/usr/local/src/pi/pico/pico-sdk/src/rp2_common/hardware_uart/uart.c.obj
LOAD CMakeFiles/main.dir/usr/local/src/pi/pico/pico-sdk/src/rp2_common/hardware_divider/divider.S.obj
LOAD CMakeFiles/main.dir/usr/local/src/pi/pico/pico-sdk/src/rp2_common/pico_runtime/runtime.c.obj
LOAD CMakeFiles/main.dir/usr/local/src/pi/pico/pico-sdk/src/rp2_common/hardware_clocks/clocks.c.obj
LOAD CMakeFiles/main.dir/usr/local/src/pi/pico/pico-sdk/src/rp2_common/hardware_pll/pll.c.obj
LOAD CMakeFiles/main.dir/usr/local/src/pi/pico/pico-sdk/src/rp2_common/hardware_vreg/vreg.c.obj
LOAD CMakeFiles/main.dir/usr/local/src/pi/pico/pico-sdk/src/rp2_common/hardware_watchdog/watchdog.c.obj
LOAD CMakeFiles/main.dir/usr/local/src/pi/pico/pico-sdk/src/rp2_common/hardware_xosc/xosc.c.obj
LOAD CMakeFiles/main.dir/usr/local/src/pi/pico/pico-sdk/src/rp2_common/pico_printf/printf.c.obj
LOAD CMakeFiles/main.dir/usr/local/src/pi/pico/pico-sdk/src/rp2_common/pico_bit_ops/bit_ops_aeabi.S.obj
LOAD CMakeFiles/main.dir/usr/local/src/pi/pico/pico-sdk/src/rp2_common/pico_bootrom/bootrom.c.obj
LOAD CMakeFiles/main.dir/usr/local/src/pi/pico/pico-sdk/src/rp2_common/pico_divider/divider.S.obj
LOAD CMakeFiles/main.dir/usr/local/src/pi/pico/pico-sdk/src/rp2_common/pico_double/double_aeabi.S.obj
LOAD CMakeFiles/main.dir/usr/local/src/pi/pico/pico-sdk/src/rp2_common/pico_double/double_init_rom.c.obj
LOAD CMakeFiles/main.dir/usr/local/src/pi/pico/pico-sdk/src/rp2_common/pico_double/double_math.c.obj
LOAD CMakeFiles/main.dir/usr/local/src/pi/pico/pico-sdk/src/rp2_common/pico_double/double_v1_rom_shim.S.obj
LOAD CMakeFiles/main.dir/usr/local/src/pi/pico/pico-sdk/src/rp2_common/pico_int64_ops/pico_int64_ops_aeabi.S.obj
LOAD CMakeFiles/main.dir/usr/local/src/pi/pico/pico-sdk/src/rp2_common/pico_float/float_aeabi.S.obj
LOAD CMakeFiles/main.dir/usr/local/src/pi/pico/pico-sdk/src/rp2_common/pico_float/float_init_rom.c.obj
LOAD CMakeFiles/main.dir/usr/local/src/pi/pico/pico-sdk/src/rp2_common/pico_float/float_math.c.obj
LOAD CMakeFiles/main.dir/usr/local/src/pi/pico/pico-sdk/src/rp2_common/pico_float/float_v1_rom_shim.S.obj
LOAD CMakeFiles/main.dir/usr/local/src/pi/pico/pico-sdk/src/rp2_common/pico_malloc/pico_malloc.c.obj
LOAD CMakeFiles/main.dir/usr/local/src/pi/pico/pico-sdk/src/rp2_common/pico_mem_ops/mem_ops_aeabi.S.obj
LOAD CMakeFiles/main.dir/usr/local/src/pi/pico/pico-sdk/src/rp2_common/pico_standard_link/crt0.S.obj
LOAD CMakeFiles/main.dir/usr/local/src/pi/pico/pico-sdk/src/rp2_common/pico_standard_link/new_delete.cpp.obj
LOAD CMakeFiles/main.dir/usr/local/src/pi/pico/pico-sdk/src/rp2_common/pico_standard_link/binary_info.c.obj
LOAD CMakeFiles/main.dir/usr/local/src/pi/pico/pico-sdk/src/rp2_common/pico_stdio/stdio.c.obj
LOAD CMakeFiles/main.dir/usr/local/src/pi/pico/pico-sdk/src/rp2_common/pico_stdio_uart/stdio_uart.c.obj
LOAD /tmp/ccio0uHP.o
LOAD /usr/lib/gcc/arm-none-eabi/10.3.1/../../../arm-none-eabi/lib/thumb/v6-m/nofp/libstdc++.a
LOAD /usr/lib/gcc/arm-none-eabi/10.3.1/../../../arm-none-eabi/lib/thumb/v6-m/nofp/libm.a
START GROUP
LOAD /usr/lib/gcc/arm-none-eabi/10.3.1/thumb/v6-m/nofp/libgcc.a
LOAD /usr/lib/gcc/arm-none-eabi/10.3.1/../../../arm-none-eabi/lib/thumb/v6-m/nofp/libc.a
END GROUP
START GROUP
LOAD /usr/lib/gcc/arm-none-eabi/10.3.1/thumb/v6-m/nofp/libgcc.a
LOAD /usr/lib/gcc/arm-none-eabi/10.3.1/../../../arm-none-eabi/lib/thumb/v6-m/nofp/libc.a
LOAD /usr/lib/gcc/arm-none-eabi/10.3.1/../../../arm-none-eabi/lib/thumb/v6-m/nofp/libnosys.a
END GROUP
LOAD /usr/lib/gcc/arm-none-eabi/10.3.1/thumb/v6-m/nofp/crtend.o
LOAD /usr/lib/gcc/arm-none-eabi/10.3.1/thumb/v6-m/nofp/crtn.o
OUTPUT(main.elf elf32-littlearm)
LOAD linker stubs

.ARM.attributes
                0x0000000000000000       0x28
 .ARM.attributes
                0x0000000000000000       0x1e /usr/lib/gcc/arm-none-eabi/10.3.1/thumb/v6-m/nofp/crti.o
 .ARM.attributes
                0x000000000000001e       0x2c /usr/lib/gcc/arm-none-eabi/10.3.1/thumb/v6-m/nofp/crtbegin.o
 .ARM.attributes
                0x000000000000004a       0x2c CMakeFiles/main.dir/main.c.obj
 .ARM.attributes
                0x0000000000000076       0x2c CMakeFiles/main.dir/usr/local/src/pi/pico/pico-sdk/src/rp2_common/hardware_gpio/gpio.c.obj
 .ARM.attributes
                0x00000000000000a2       0x2c CMakeFiles/main.dir/usr/local/src/pi/pico/pico-sdk/src/rp2_common/hardware_claim/claim.c.obj
 .ARM.attributes
                0x00000000000000ce       0x2c CMakeFiles/main.dir/usr/local/src/pi/pico/pico-sdk/src/rp2_common/pico_platform/platform.c.obj
 .ARM.attributes
                0x00000000000000fa       0x2c CMakeFiles/main.dir/usr/local/src/pi/pico/pico-sdk/src/rp2_common/hardware_sync/sync.c.obj
 .ARM.attributes
                0x0000000000000126       0x2c CMakeFiles/main.dir/usr/local/src/pi/pico/pico-sdk/src/rp2_common/hardware_irq/irq.c.obj
 .ARM.attributes
                0x0000000000000152       0x22 CMakeFiles/main.dir/usr/local/src/pi/pico/pico-sdk/src/rp2_common/hardware_irq/irq_handler_chain.S.obj
 .ARM.attributes
                0x0000000000000174       0x2c CMakeFiles/main.dir/usr/local/src/pi/pico/pico-sdk/src/common/pico_sync/lock_core.c.obj
 .ARM.attributes
                0x00000000000001a0       0x2c CMakeFiles/main.dir/usr/local/src/pi/pico/pico-sdk/src/common/pico_time/time.c.obj
 .ARM.attributes
                0x00000000000001cc       0x2c CMakeFiles/main.dir/usr/local/src/pi/pico/pico-sdk/src/rp2_common/hardware_timer/timer.c.obj
 .ARM.attributes
                0x00000000000001f8       0x2c CMakeFiles/main.dir/usr/local/src/pi/pico/pico-sdk/src/common/pico_util/pheap.c.obj
 .ARM.attributes
                0x0000000000000224       0x2c CMakeFiles/main.dir/usr/local/src/pi/pico/pico-sdk/src/common/pico_sync/mutex.c.obj
 .ARM.attributes
                0x0000000000000250       0x2c CMakeFiles/main.dir/usr/local/src/pi/pico/pico-sdk/src/rp2_common/hardware_uart/uart.c.obj
 .ARM.attributes
                0x000000000000027c       0x2c CMakeFiles/main.dir/usr/local/src/pi/pico/pico-sdk/src/rp2_common/pico_runtime/runtime.c.obj
 .ARM.attributes
                0x00000000000002a8       0x2c CMakeFiles/main.dir/usr/local/src/pi/pico/pico-sdk/src/rp2_common/hardware_clocks/clocks.c.obj
 .ARM.attributes
                0x00000000000002d4       0x2c CMakeFiles/main.dir/usr/local/src/pi/pico/pico-sdk/src/rp2_common/hardware_pll/pll.c.obj
 .ARM.attributes
                0x0000000000000300       0x2c CMakeFiles/main.dir/usr/local/src/pi/pico/pico-sdk/src/rp2_common/hardware_watchdog/watchdog.c.obj
 .ARM.attributes
                0x000000000000032c       0x2c CMakeFiles/main.dir/usr/local/src/pi/pico/pico-sdk/src/rp2_common/hardware_xosc/xosc.c.obj
 .ARM.attributes
                0x0000000000000358       0x2c CMakeFiles/main.dir/usr/local/src/pi/pico/pico-sdk/src/rp2_common/pico_printf/printf.c.obj
 .ARM.attributes
                0x0000000000000384       0x22 CMakeFiles/main.dir/usr/local/src/pi/pico/pico-sdk/src/rp2_common/pico_bit_ops/bit_ops_aeabi.S.obj
 .ARM.attributes
                0x00000000000003a6       0x2c CMakeFiles/main.dir/usr/local/src/pi/pico/pico-sdk/src/rp2_common/pico_bootrom/bootrom.c.obj
 .ARM.attributes
                0x00000000000003d2       0x22 CMakeFiles/main.dir/usr/local/src/pi/pico/pico-sdk/src/rp2_common/pico_divider/divider.S.obj
 .ARM.attributes
                0x00000000000003f4       0x22 CMakeFiles/main.dir/usr/local/src/pi/pico/pico-sdk/src/rp2_common/pico_double/double_aeabi.S.obj
 .ARM.attributes
                0x0000000000000416       0x2c CMakeFiles/main.dir/usr/local/src/pi/pico/pico-sdk/src/rp2_common/pico_double/double_init_rom.c.obj
 .ARM.attributes
                0x0000000000000442       0x22 CMakeFiles/main.dir/usr/local/src/pi/pico/pico-sdk/src/rp2_common/pico_double/double_v1_rom_shim.S.obj
 .ARM.attributes
                0x0000000000000464       0x22 CMakeFiles/main.dir/usr/local/src/pi/pico/pico-sdk/src/rp2_common/pico_int64_ops/pico_int64_ops_aeabi.S.obj
 .ARM.attributes
                0x0000000000000486       0x22 CMakeFiles/main.dir/usr/local/src/pi/pico/pico-sdk/src/rp2_common/pico_float/float_aeabi.S.obj
 .ARM.attributes
                0x00000000000004a8       0x2c CMakeFiles/main.dir/usr/local/src/pi/pico/pico-sdk/src/rp2_common/pico_float/float_init_rom.c.obj
 .ARM.attributes
                0x00000000000004d4       0x22 CMakeFiles/main.dir/usr/local/src/pi/pico/pico-sdk/src/rp2_common/pico_float/float_v1_rom_shim.S.obj
 .ARM.attributes
                0x00000000000004f6       0x22 CMakeFiles/main.dir/usr/local/src/pi/pico/pico-sdk/src/rp2_common/pico_mem_ops/mem_ops_aeabi.S.obj
 .ARM.attributes
                0x0000000000000518       0x22 CMakeFiles/main.dir/usr/local/src/pi/pico/pico-sdk/src/rp2_common/pico_standard_link/crt0.S.obj
 .ARM.attributes
                0x000000000000053a       0x32 CMakeFiles/main.dir/usr/local/src/pi/pico/pico-sdk/src/rp2_common/pico_standard_link/binary_info.c.obj
 .ARM.attributes
                0x000000000000056c       0x2c CMakeFiles/main.dir/usr/local/src/pi/pico/pico-sdk/src/rp2_common/pico_stdio/stdio.c.obj
 .ARM.attributes
                0x0000000000000598       0x2c CMakeFiles/main.dir/usr/local/src/pi/pico/pico-sdk/src/rp2_common/pico_stdio_uart/stdio_uart.c.obj
 .ARM.attributes
                0x00000000000005c4       0x22 /tmp/ccio0uHP.o
 .ARM.attributes
                0x00000000000005e6       0x1e /usr/lib/gcc/arm-none-eabi/10.3.1/thumb/v6-m/nofp/libgcc.a(_dvmd_tls.o)
 .ARM.attributes
                0x0000000000000604       0x2c /usr/lib/gcc/arm-none-eabi/10.3.1/../../../arm-none-eabi/lib/thumb/v6-m/nofp/libc.a(lib_a-callocr.o)
 .ARM.attributes
                0x0000000000000630       0x2c /usr/lib/gcc/arm-none-eabi/10.3.1/../../../arm-none-eabi/lib/thumb/v6-m/nofp/libc.a(lib_a-impure.o)
 .ARM.attributes
                0x000000000000065c       0x2c /usr/lib/gcc/arm-none-eabi/10.3.1/../../../arm-none-eabi/lib/thumb/v6-m/nofp/libc.a(lib_a-mallocr.o)
 .ARM.attributes
                0x0000000000000688       0x2c /usr/lib/gcc/arm-none-eabi/10.3.1/../../../arm-none-eabi/lib/thumb/v6-m/nofp/libc.a(lib_a-mlock.o)
 .ARM.attributes
                0x00000000000006b4       0x2c /usr/lib/gcc/arm-none-eabi/10.3.1/../../../arm-none-eabi/lib/thumb/v6-m/nofp/libc.a(lib_a-reallocr.o)
 .ARM.attributes
                0x00000000000006e0       0x2c /usr/lib/gcc/arm-none-eabi/10.3.1/../../../arm-none-eabi/lib/thumb/v6-m/nofp/libc.a(lib_a-sbrkr.o)
 .ARM.attributes
                0x000000000000070c       0x2c /usr/lib/gcc/arm-none-eabi/10.3.1/../../../arm-none-eabi/lib/thumb/v6-m/nofp/libc.a(lib_a-scanf.o)
 .ARM.attributes
                0x0000000000000738       0x2c /usr/lib/gcc/arm-none-eabi/10.3.1/../../../arm-none-eabi/lib/thumb/v6-m/nofp/libc.a(lib_a-strlen-stub.o)
 .ARM.attributes
                0x0000000000000764       0x2c /usr/lib/gcc/arm-none-eabi/10.3.1/../../../arm-none-eabi/lib/thumb/v6-m/nofp/libc.a(lib_a-vfscanf.o)
 .ARM.attributes
                0x0000000000000790       0x2c /usr/lib/gcc/arm-none-eabi/10.3.1/../../../arm-none-eabi/lib/thumb/v6-m/nofp/libc.a(lib_a-ctype_.o)
 .ARM.attributes
                0x00000000000007bc       0x2c /usr/lib/gcc/arm-none-eabi/10.3.1/../../../arm-none-eabi/lib/thumb/v6-m/nofp/libc.a(lib_a-findfp.o)
 .ARM.attributes
                0x00000000000007e8       0x2c /usr/lib/gcc/arm-none-eabi/10.3.1/../../../arm-none-eabi/lib/thumb/v6-m/nofp/libc.a(lib_a-fread.o)
 .ARM.attributes
                0x0000000000000814       0x2c /usr/lib/gcc/arm-none-eabi/10.3.1/../../../arm-none-eabi/lib/thumb/v6-m/nofp/libc.a(lib_a-freer.o)
 .ARM.attributes
                0x0000000000000840       0x2c /usr/lib/gcc/arm-none-eabi/10.3.1/../../../arm-none-eabi/lib/thumb/v6-m/nofp/libc.a(lib_a-fwalk.o)
 .ARM.attributes
                0x000000000000086c       0x2c /usr/lib/gcc/arm-none-eabi/10.3.1/../../../arm-none-eabi/lib/thumb/v6-m/nofp/libc.a(lib_a-iswspace.o)
 .ARM.attributes
                0x0000000000000898       0x2c /usr/lib/gcc/arm-none-eabi/10.3.1/../../../arm-none-eabi/lib/thumb/v6-m/nofp/libc.a(lib_a-iswspace_l.o)
 .ARM.attributes
                0x00000000000008c4       0x2c /usr/lib/gcc/arm-none-eabi/10.3.1/../../../arm-none-eabi/lib/thumb/v6-m/nofp/libc.a(lib_a-locale.o)
 .ARM.attributes
                0x00000000000008f0       0x2c /usr/lib/gcc/arm-none-eabi/10.3.1/../../../arm-none-eabi/lib/thumb/v6-m/nofp/libc.a(lib_a-localeconv.o)
 .ARM.attributes
                0x000000000000091c       0x2c /usr/lib/gcc/arm-none-eabi/10.3.1/../../../arm-none-eabi/lib/thumb/v6-m/nofp/libc.a(lib_a-mbrtowc.o)
 .ARM.attributes
                0x0000000000000948       0x2c /usr/lib/gcc/arm-none-eabi/10.3.1/../../../arm-none-eabi/lib/thumb/v6-m/nofp/libc.a(lib_a-mbtowc_r.o)
 .ARM.attributes
                0x0000000000000974       0x2c /usr/lib/gcc/arm-none-eabi/10.3.1/../../../arm-none-eabi/lib/thumb/v6-m/nofp/libc.a(lib_a-memmove.o)
 .ARM.attributes
                0x00000000000009a0       0x2c /usr/lib/gcc/arm-none-eabi/10.3.1/../../../arm-none-eabi/lib/thumb/v6-m/nofp/libc.a(lib_a-reent.o)
 .ARM.attributes
                0x00000000000009cc       0x2c /usr/lib/gcc/arm-none-eabi/10.3.1/../../../arm-none-eabi/lib/thumb/v6-m/nofp/libc.a(lib_a-refill.o)
 .ARM.attributes
                0x00000000000009f8       0x2c /usr/lib/gcc/arm-none-eabi/10.3.1/../../../arm-none-eabi/lib/thumb/v6-m/nofp/libc.a(lib_a-sccl.o)
 .ARM.attributes
                0x0000000000000a24       0x2c /usr/lib/gcc/arm-none-eabi/10.3.1/../../../arm-none-eabi/lib/thumb/v6-m/nofp/libc.a(lib_a-sf_nan.o)
 .ARM.attributes
                0x0000000000000a50       0x2c /usr/lib/gcc/arm-none-eabi/10.3.1/../../../arm-none-eabi/lib/thumb/v6-m/nofp/libc.a(lib_a-stdio.o)
 .ARM.attributes
                0x0000000000000a7c       0x1b /usr/lib/gcc/arm-none-eabi/10.3.1/../../../arm-none-eabi/lib/thumb/v6-m/nofp/libc.a(lib_a-strcmp.o)
 .ARM.attributes
                0x0000000000000a97       0x2c /usr/lib/gcc/arm-none-eabi/10.3.1/../../../arm-none-eabi/lib/thumb/v6-m/nofp/libc.a(lib_a-strtod.o)
 .ARM.attributes
                0x0000000000000ac3       0x2c /usr/lib/gcc/arm-none-eabi/10.3.1/../../../arm-none-eabi/lib/thumb/v6-m/nofp/libc.a(lib_a-strtol.o)
 .ARM.attributes
                0x0000000000000aef       0x2c /usr/lib/gcc/arm-none-eabi/10.3.1/../../../arm-none-eabi/lib/thumb/v6-m/nofp/libc.a(lib_a-strtoll.o)
 .ARM.attributes
                0x0000000000000b1b       0x2c /usr/lib/gcc/arm-none-eabi/10.3.1/../../../arm-none-eabi/lib/thumb/v6-m/nofp/libc.a(lib_a-strtoul.o)
 .ARM.attributes
                0x0000000000000b47       0x2c /usr/lib/gcc/arm-none-eabi/10.3.1/../../../arm-none-eabi/lib/thumb/v6-m/nofp/libc.a(lib_a-strtoull.o)
 .ARM.attributes
                0x0000000000000b73       0x2c /usr/lib/gcc/arm-none-eabi/10.3.1/../../../arm-none-eabi/lib/thumb/v6-m/nofp/libc.a(lib_a-ungetc.o)
 .ARM.attributes
                0x0000000000000b9f       0x2c /usr/lib/gcc/arm-none-eabi/10.3.1/../../../arm-none-eabi/lib/thumb/v6-m/nofp/libc.a(lib_a-wctomb_r.o)
 .ARM.attributes
                0x0000000000000bcb       0x2c /usr/lib/gcc/arm-none-eabi/10.3.1/../../../arm-none-eabi/lib/thumb/v6-m/nofp/libc.a(lib_a-writer.o)
 .ARM.attributes
                0x0000000000000bf7       0x2c /usr/lib/gcc/arm-none-eabi/10.3.1/../../../arm-none-eabi/lib/thumb/v6-m/nofp/libc.a(lib_a-closer.o)
 .ARM.attributes
                0x0000000000000c23       0x2c /usr/lib/gcc/arm-none-eabi/10.3.1/../../../arm-none-eabi/lib/thumb/v6-m/nofp/libc.a(lib_a-errno.o)
 .ARM.attributes
                0x0000000000000c4f       0x2c /usr/lib/gcc/arm-none-eabi/10.3.1/../../../arm-none-eabi/lib/thumb/v6-m/nofp/libc.a(lib_a-fclose.o)
 .ARM.attributes
                0x0000000000000c7b       0x2c /usr/lib/gcc/arm-none-eabi/10.3.1/../../../arm-none-eabi/lib/thumb/v6-m/nofp/libc.a(lib_a-fflush.o)
 .ARM.attributes
                0x0000000000000ca7       0x2c /usr/lib/gcc/arm-none-eabi/10.3.1/../../../arm-none-eabi/lib/thumb/v6-m/nofp/libc.a(lib_a-gdtoa-gethex.o)
 .ARM.attributes
                0x0000000000000cd3       0x2c /usr/lib/gcc/arm-none-eabi/10.3.1/../../../arm-none-eabi/lib/thumb/v6-m/nofp/libc.a(lib_a-gdtoa-hexnan.o)
 .ARM.attributes
                0x0000000000000cff       0x2c /usr/lib/gcc/arm-none-eabi/10.3.1/../../../arm-none-eabi/lib/thumb/v6-m/nofp/libc.a(lib_a-lnumeric.o)
 .ARM.attributes
                0x0000000000000d2b       0x2c /usr/lib/gcc/arm-none-eabi/10.3.1/../../../arm-none-eabi/lib/thumb/v6-m/nofp/libc.a(lib_a-lseekr.o)
 .ARM.attributes
                0x0000000000000d57       0x2c /usr/lib/gcc/arm-none-eabi/10.3.1/../../../arm-none-eabi/lib/thumb/v6-m/nofp/libc.a(lib_a-makebuf.o)
 .ARM.attributes
                0x0000000000000d83       0x2c /usr/lib/gcc/arm-none-eabi/10.3.1/../../../arm-none-eabi/lib/thumb/v6-m/nofp/libc.a(lib_a-mprec.o)
 .ARM.attributes
                0x0000000000000daf       0x2c /usr/lib/gcc/arm-none-eabi/10.3.1/../../../arm-none-eabi/lib/thumb/v6-m/nofp/libc.a(lib_a-readr.o)
 .ARM.attributes
                0x0000000000000ddb       0x2c /usr/lib/gcc/arm-none-eabi/10.3.1/../../../arm-none-eabi/lib/thumb/v6-m/nofp/libc.a(lib_a-s_nan.o)
 .ARM.attributes
                0x0000000000000e07       0x2c /usr/lib/gcc/arm-none-eabi/10.3.1/../../../arm-none-eabi/lib/thumb/v6-m/nofp/libc.a(lib_a-strncmp.o)
 .ARM.attributes
                0x0000000000000e33       0x2c /usr/lib/gcc/arm-none-eabi/10.3.1/../../../arm-none-eabi/lib/thumb/v6-m/nofp/libc.a(lib_a-fstatr.o)
 .ARM.attributes
                0x0000000000000e5f       0x2c /usr/lib/gcc/arm-none-eabi/10.3.1/../../../arm-none-eabi/lib/thumb/v6-m/nofp/libc.a(lib_a-isattyr.o)
 .ARM.attributes
                0x0000000000000e8b       0x2c /usr/lib/gcc/arm-none-eabi/10.3.1/../../../arm-none-eabi/lib/thumb/v6-m/nofp/libnosys.a(close.o)
 .ARM.attributes
                0x0000000000000eb7       0x2c /usr/lib/gcc/arm-none-eabi/10.3.1/../../../arm-none-eabi/lib/thumb/v6-m/nofp/libnosys.a(fstat.o)
 .ARM.attributes
                0x0000000000000ee3       0x2c /usr/lib/gcc/arm-none-eabi/10.3.1/../../../arm-none-eabi/lib/thumb/v6-m/nofp/libnosys.a(isatty.o)
 .ARM.attributes
                0x0000000000000f0f       0x2c /usr/lib/gcc/arm-none-eabi/10.3.1/../../../arm-none-eabi/lib/thumb/v6-m/nofp/libnosys.a(lseek.o)
 .ARM.attributes
                0x0000000000000f3b       0x2c /usr/lib/gcc/arm-none-eabi/10.3.1/thumb/v6-m/nofp/crtend.o

.comment        0x0000000000000000       0x33
 .comment       0x0000000000000000       0x33 /usr/lib/gcc/arm-none-eabi/10.3.1/thumb/v6-m/nofp/crtbegin.o
                                         0x34 (size before relaxing)
 .comment       0x0000000000000033       0x34 CMakeFiles/main.dir/main.c.obj
 .comment       0x0000000000000033       0x34 CMakeFiles/main.dir/usr/local/src/pi/pico/pico-sdk/src/rp2_common/hardware_gpio/gpio.c.obj
 .comment       0x0000000000000033       0x34 CMakeFiles/main.dir/usr/local/src/pi/pico/pico-sdk/src/rp2_common/hardware_claim/claim.c.obj
 .comment       0x0000000000000033       0x34 CMakeFiles/main.dir/usr/local/src/pi/pico/pico-sdk/src/rp2_common/pico_platform/platform.c.obj
 .comment       0x0000000000000033       0x34 CMakeFiles/main.dir/usr/local/src/pi/pico/pico-sdk/src/rp2_common/hardware_sync/sync.c.obj
 .comment       0x0000000000000033       0x34 CMakeFiles/main.dir/usr/local/src/pi/pico/pico-sdk/src/rp2_common/hardware_irq/irq.c.obj
 .comment       0x0000000000000033       0x34 CMakeFiles/main.dir/usr/local/src/pi/pico/pico-sdk/src/common/pico_sync/lock_core.c.obj
 .comment       0x0000000000000033       0x34 CMakeFiles/main.dir/usr/local/src/pi/pico/pico-sdk/src/common/pico_time/time.c.obj
 .comment       0x0000000000000033       0x34 CMakeFiles/main.dir/usr/local/src/pi/pico/pico-sdk/src/rp2_common/hardware_timer/timer.c.obj
 .comment       0x0000000000000033       0x34 CMakeFiles/main.dir/usr/local/src/pi/pico/pico-sdk/src/common/pico_util/pheap.c.obj
 .comment       0x0000000000000033       0x34 CMakeFiles/main.dir/usr/local/src/pi/pico/pico-sdk/src/common/pico_sync/mutex.c.obj
 .comment       0x0000000000000033       0x34 CMakeFiles/main.dir/usr/local/src/pi/pico/pico-sdk/src/rp2_common/hardware_uart/uart.c.obj
 .comment       0x0000000000000033       0x34 CMakeFiles/main.dir/usr/local/src/pi/pico/pico-sdk/src/rp2_common/pico_runtime/runtime.c.obj
 .comment       0x0000000000000033       0x34 CMakeFiles/main.dir/usr/local/src/pi/pico/pico-sdk/src/rp2_common/hardware_clocks/clocks.c.obj
 .comment       0x0000000000000033       0x34 CMakeFiles/main.dir/usr/local/src/pi/pico/pico-sdk/src/rp2_common/hardware_pll/pll.c.obj
 .comment       0x0000000000000033       0x34 CMakeFiles/main.dir/usr/local/src/pi/pico/pico-sdk/src/rp2_common/hardware_watchdog/watchdog.c.obj
 .comment       0x0000000000000033       0x34 CMakeFiles/main.dir/usr/local/src/pi/pico/pico-sdk/src/rp2_common/hardware_xosc/xosc.c.obj
 .comment       0x0000000000000033       0x34 CMakeFiles/main.dir/usr/local/src/pi/pico/pico-sdk/src/rp2_common/pico_printf/printf.c.obj
 .comment       0x0000000000000033       0x34 CMakeFiles/main.dir/usr/local/src/pi/pico/pico-sdk/src/rp2_common/pico_bootrom/bootrom.c.obj
 .comment       0x0000000000000033       0x34 CMakeFiles/main.dir/usr/local/src/pi/pico/pico-sdk/src/rp2_common/pico_double/double_init_rom.c.obj
 .comment       0x0000000000000033       0x34 CMakeFiles/main.dir/usr/local/src/pi/pico/pico-sdk/src/rp2_common/pico_float/float_init_rom.c.obj